
 Start         Length     Name                   Class
 0001:00000000 00068B34H .text                   CODE
 0002:00000000 00000E88H .data                   DATA
 0002:00000E88 00000851H .bss                    BSS


Detailed map of segments

 0001:00000000 00004ECC C=CODE     S=.text    G=(none)   M=System   ACBP=A9
 0001:00004ECC 00000174 C=CODE     S=.text    G=(none)   M=SysInit  ACBP=A9
 0001:00005040 00000B5C C=CODE     S=.text    G=(none)   M=Windows  ACBP=A9
 0001:00005B9C 00000038 C=CODE     S=.text    G=(none)   M=Messages ACBP=A9
 0001:00005BD4 000002C8 C=CODE     S=.text    G=(none)   M=SysConst ACBP=A9
 0001:00005E9C 0000420C C=CODE     S=.text    G=(none)   M=SysUtils ACBP=A9
 0001:0000A0A8 00000040 C=CODE     S=.text    G=(none)   M=ActiveX  ACBP=A9
 0001:0000A0E8 00000370 C=CODE     S=.text    G=(none)   M=Consts   ACBP=A9
 0001:0000A458 0000060C C=CODE     S=.text    G=(none)   M=TypInfo  ACBP=A9
 0001:0000AA64 00009987 C=CODE     S=.text    G=(none)   M=Classes  ACBP=A9
 0001:000143EC 0000A16F C=CODE     S=.text    G=(none)   M=Graphics ACBP=A9
 0001:0001E55C 00000240 C=CODE     S=.text    G=(none)   M=Contnrs  ACBP=A9
 0001:0001E79C 00000190 C=CODE     S=.text    G=(none)   M=Commctrl ACBP=A9
 0001:0001E92C 00000793 C=CODE     S=.text    G=(none)   M=MultiMon ACBP=A9
 0001:0001F0C0 00000038 C=CODE     S=.text    G=(none)   M=Imm      ACBP=A9
 0001:0001F0F8 00000048 C=CODE     S=.text    G=(none)   M=Math     ACBP=A9
 0001:0001F140 00000038 C=CODE     S=.text    G=(none)   M=WinSpool ACBP=A9
 0001:0001F178 00000044 C=CODE     S=.text    G=(none)   M=Printers ACBP=A9
 0001:0001F1BC 0000031F C=CODE     S=.text    G=(none)   M=FlatSB   ACBP=A9
 0001:0001F4DC 00006574 C=CODE     S=.text    G=(none)   M=StdCtrls ACBP=A9
 0001:00025A50 000006A8 C=CODE     S=.text    G=(none)   M=Clipbrd  ACBP=A9
 0001:000260F8 00000170 C=CODE     S=.text    G=(none)   M=StdActns ACBP=A9
 0001:00026268 00012FF4 C=CODE     S=.text    G=(none)   M=Controls ACBP=A9
 0001:0003925C 00001354 C=CODE     S=.text    G=(none)   M=ActnList ACBP=A9
 0001:0003A5B0 00001880 C=CODE     S=.text    G=(none)   M=ImgList  ACBP=A9
 0001:0003BE30 0000752F C=CODE     S=.text    G=(none)   M=Menus    ACBP=A9
 0001:00043360 0000E573 C=CODE     S=.text    G=(none)   M=Forms    ACBP=A9
 0001:000518D4 00000038 C=CODE     S=.text    G=(none)   M=ShellAPI ACBP=A9
 0001:0005190C 00000038 C=CODE     S=.text    G=(none)   M=RegStr   ACBP=A9
 0001:00051944 00000038 C=CODE     S=.text    G=(none)   M=WinInet  ACBP=A9
 0001:0005197C 00000038 C=CODE     S=.text    G=(none)   M=UrlMon   ACBP=A9
 0001:000519B4 00000038 C=CODE     S=.text    G=(none)   M=ShlObj   ACBP=A9
 0001:000519EC 00000040 C=CODE     S=.text    G=(none)   M=CommDlg  ACBP=A9
 0001:00051A2C 000019F4 C=CODE     S=.text    G=(none)   M=ExtCtrls ACBP=A9
 0001:00053420 00000038 C=CODE     S=.text    G=(none)   M=Dlgs     ACBP=A9
 0001:00053458 00001B95 C=CODE     S=.text    G=(none)   M=Dialogs  ACBP=A9
 0001:00054FF0 00000038 C=CODE     S=.text    G=(none)   M=RichEdit ACBP=A9
 0001:00055028 00000038 C=CODE     S=.text    G=(none)   M=ToolWin  ACBP=A9
 0001:00055060 00000038 C=CODE     S=.text    G=(none)   M=ComStrs  ACBP=A9
 0001:00055098 00001E98 C=CODE     S=.text    G=(none)   M=ComCtrls ACBP=A9
 0001:00056F30 00003148 C=CODE     S=.text    G=(none)   M=Mask     ACBP=A9
 0001:0005A078 0000ABB4 C=CODE     S=.text    G=(none)   M=Grids    ACBP=A9
 0001:00064C2C 00000510 C=CODE     S=.text    G=(none)   M=NBFixSel ACBP=A9
 0001:0006513C 00003800 C=CODE     S=.text    G=(none)   M=NBDigit  ACBP=A9
 0001:0006893C 000001F5 C=CODE     S=.text    G=(none)   M=NBDigit2 ACBP=A9
 0002:00000000 000000A6 C=DATA     S=.data    G=DGROUP   M=System   ACBP=A9
 0002:000000A8 00000018 C=DATA     S=.data    G=DGROUP   M=SysInit  ACBP=A9
 0002:000000C0 000001F0 C=DATA     S=.data    G=DGROUP   M=SysUtils ACBP=A9
 0002:000002B0 00000010 C=DATA     S=.data    G=DGROUP   M=TypInfo  ACBP=A9
 0002:000002C0 0000005C C=DATA     S=.data    G=DGROUP   M=Classes  ACBP=A9
 0002:0000031C 000002B4 C=DATA     S=.data    G=DGROUP   M=Graphics ACBP=A9
 0002:000005D0 00000004 C=DATA     S=.data    G=DGROUP   M=Printers ACBP=A9
 0002:000005D4 000000A0 C=DATA     S=.data    G=DGROUP   M=StdCtrls ACBP=A9
 0002:00000674 0000012C C=DATA     S=.data    G=DGROUP   M=Controls ACBP=A9
 0002:000007A0 00000020 C=DATA     S=.data    G=DGROUP   M=ImgList  ACBP=A9
 0002:000007C0 000000EC C=DATA     S=.data    G=DGROUP   M=Menus    ACBP=A9
 0002:000008AC 0000013C C=DATA     S=.data    G=DGROUP   M=Forms    ACBP=A9
 0002:000009E8 00000014 C=DATA     S=.data    G=DGROUP   M=ExtCtrls ACBP=A9
 0002:000009FC 000000C8 C=DATA     S=.data    G=DGROUP   M=Dialogs  ACBP=A9
 0002:00000AC4 00000028 C=DATA     S=.data    G=DGROUP   M=ComCtrls ACBP=A9
 0002:00000AEC 00000010 C=DATA     S=.data    G=DGROUP   M=Mask     ACBP=A9
 0002:00000AFC 00000006 C=DATA     S=.data    G=DGROUP   M=Grids    ACBP=A9
 0002:00001000 000004CC C=BSS      S=.bss     G=DGROUP   M=System   ACBP=A9
 0002:000014CC 00000018 C=BSS      S=.bss     G=DGROUP   M=SysInit  ACBP=A9
 0002:000014E4 00000004 C=BSS      S=.bss     G=DGROUP   M=Windows  ACBP=A9
 0002:000014E8 00000004 C=BSS      S=.bss     G=DGROUP   M=Messages ACBP=A9
 0002:000014EC 00000004 C=BSS      S=.bss     G=DGROUP   M=SysConst ACBP=A9
 0002:000014F0 00000118 C=BSS      S=.bss     G=DGROUP   M=SysUtils ACBP=A9
 0002:00001608 00000004 C=BSS      S=.bss     G=DGROUP   M=ActiveX  ACBP=A9
 0002:0000160C 00000004 C=BSS      S=.bss     G=DGROUP   M=Consts   ACBP=A9
 0002:00001610 00000004 C=BSS      S=.bss     G=DGROUP   M=TypInfo  ACBP=A9
 0002:00001614 00000038 C=BSS      S=.bss     G=DGROUP   M=Classes  ACBP=A9
 0002:0000164C 00000060 C=BSS      S=.bss     G=DGROUP   M=Graphics ACBP=A9
 0002:000016AC 00000004 C=BSS      S=.bss     G=DGROUP   M=Contnrs  ACBP=A9
 0002:000016B0 0000000C C=BSS      S=.bss     G=DGROUP   M=Commctrl ACBP=A9
 0002:000016BC 00000031 C=BSS      S=.bss     G=DGROUP   M=MultiMon ACBP=A9
 0002:000016F0 00000004 C=BSS      S=.bss     G=DGROUP   M=Imm      ACBP=A9
 0002:000016F4 00000004 C=BSS      S=.bss     G=DGROUP   M=Math     ACBP=A9
 0002:000016F8 00000004 C=BSS      S=.bss     G=DGROUP   M=WinSpool ACBP=A9
 0002:000016FC 00000004 C=BSS      S=.bss     G=DGROUP   M=Printers ACBP=A9
 0002:00001700 00000034 C=BSS      S=.bss     G=DGROUP   M=FlatSB   ACBP=A9
 0002:00001734 00000004 C=BSS      S=.bss     G=DGROUP   M=StdCtrls ACBP=A9
 0002:00001738 0000000C C=BSS      S=.bss     G=DGROUP   M=Clipbrd  ACBP=A9
 0002:00001744 00000004 C=BSS      S=.bss     G=DGROUP   M=StdActns ACBP=A9
 0002:00001748 00000070 C=BSS      S=.bss     G=DGROUP   M=Controls ACBP=A9
 0002:000017B8 00000004 C=BSS      S=.bss     G=DGROUP   M=ActnList ACBP=A9
 0002:000017BC 00000004 C=BSS      S=.bss     G=DGROUP   M=ImgList  ACBP=A9
 0002:000017C0 00000010 C=BSS      S=.bss     G=DGROUP   M=Menus    ACBP=A9
 0002:000017D0 00000024 C=BSS      S=.bss     G=DGROUP   M=Forms    ACBP=A9
 0002:000017F4 00000004 C=BSS      S=.bss     G=DGROUP   M=ShellAPI ACBP=A9
 0002:000017F8 00000004 C=BSS      S=.bss     G=DGROUP   M=RegStr   ACBP=A9
 0002:000017FC 00000004 C=BSS      S=.bss     G=DGROUP   M=WinInet  ACBP=A9
 0002:00001800 00000004 C=BSS      S=.bss     G=DGROUP   M=UrlMon   ACBP=A9
 0002:00001804 00000004 C=BSS      S=.bss     G=DGROUP   M=ShlObj   ACBP=A9
 0002:00001808 00000004 C=BSS      S=.bss     G=DGROUP   M=CommDlg  ACBP=A9
 0002:0000180C 00000004 C=BSS      S=.bss     G=DGROUP   M=ExtCtrls ACBP=A9
 0002:00001810 00000004 C=BSS      S=.bss     G=DGROUP   M=Dlgs     ACBP=A9
 0002:00001814 0000000C C=BSS      S=.bss     G=DGROUP   M=Dialogs  ACBP=A9
 0002:00001820 00000004 C=BSS      S=.bss     G=DGROUP   M=RichEdit ACBP=A9
 0002:00001824 00000004 C=BSS      S=.bss     G=DGROUP   M=ToolWin  ACBP=A9
 0002:00001828 00000004 C=BSS      S=.bss     G=DGROUP   M=ComStrs  ACBP=A9
 0002:0000182C 0000000C C=BSS      S=.bss     G=DGROUP   M=ComCtrls ACBP=A9
 0002:00001838 00000004 C=BSS      S=.bss     G=DGROUP   M=Mask     ACBP=A9
 0002:0000183C 00000004 C=BSS      S=.bss     G=DGROUP   M=Grids    ACBP=A9
 0002:00001840 00000008 C=BSS      S=.bss     G=DGROUP   M=NBFixSel ACBP=A9
 0002:00001848 00000008 C=BSS      S=.bss     G=DGROUP   M=NBDigit  ACBP=A9


  Address         Publics by Name

 0002:00000064       .
 0001:00004368       .
 0001:00004648       .
 0001:00009620       .
 0002:00001814       .01
 0002:00001744       .02
 0002:000017F8       .1
 0002:00001808       .1
 0002:00001810       .1
 0002:000014E8       .1
 0002:000014EC       .1
 0002:000017F4       .1
 0002:00001804       .1
 0002:00001820       .1
 0002:00001828       .1
 0002:000014DC       .1
 0002:0000160C       .1
 0002:00001800       .1
 0002:000016B0       .1
 0002:00001720       .1
 0002:000016F0       .1
 0002:000016DC       .1
 0002:000017FC       .1
 0002:0000173C       .2
 0002:00001844       .2
 0002:000016F4       .2
 0002:00001734       .22
 0002:00001750       .22
 0002:00001608       .3
 0002:000016F8       .3
 0002:000016FC       .3
 0002:000014E4       .3
 0002:00001428       .3
 0002:0000184C       .3
 0002:000017BC       .3
 0002:00001824       .4
 0002:000015F8       .44
 0002:0000182C       .45
 0002:00001610       .5
 0002:000017D8       .51
 0002:00001838       .6
 0002:0000180C       .61
 0002:000017B8       .7
 0002:00001650       .81
 0002:0000161C       .84
 0002:000016AC       .9
 0002:000017C8       .9
 0002:0000183C       .9
 0001:0000185C       @AbstractError
 0001:00002028       @AfterConstruction
 0001:00004691       @Append
 0001:00001E60       @AsClass
 0001:0000456A       @Assign
 0001:00001978       @AStrCmp
 0001:00002030       @BeforeDestruction
 0001:00001EAC       @CallDynaInst
 0001:00001FD0       @ClassCreate
 0001:00002020       @ClassDestroy
 0001:0000460C       @Close
 0001:00003410       @CopyArray
 0001:000032F4       @CopyRecord
 0001:00003518       @Dispose
 0001:00002498       @DoneExcept
 0001:00003C98       @DynArrayAsg
 0001:00003C5C       @DynArrayClear
 0001:00003A9C       @DynArrayHigh
 0001:00003A94       @DynArrayLength
 0001:00003C50       @DynArraySetLength
 0001:0000258C       @ExceptionHandler
 0001:000019E8       @FillChar
 0001:000032E8       @Finalize
 0001:00003200       @FinalizeArray
 0001:000031D4       @FinalizeRecord
 0001:00001EC4       @FindDynaInst
 0001:000045E5       @Flush
 0001:00001C0C       @FpuInit
 0001:00001B48       @FpuMaskInit
 0001:000016E4       @FreeMem
 0001:000016CC       @GetMem
 0001:00004F44       @GetTls
 0001:00002940       @Halt
 0001:00002820       @Halt0
 0001:0000213C       @HandleAnyException
 0001:000023F0       @HandleFinally
 0001:00002268       @HandleOnException
 0001:00004FD4       @InitExe
 0001:000031C8       @Initialize
 0001:00003134       @InitializeArray
 0001:00003108       @InitializeRecord
 0001:0000277C       @InitImports
 0001:00002760       @InitResStringImports
 0001:000042C4       @IntfAddRef
 0001:00004290       @IntfClear
 0001:000042A8       @IntfCopy
 0001:00001E48       @IsClass
 0001:00001B18       @isNECWindows
 0001:00002D8C       @LStrAddRef
 0001:0000297C       @LStrArrayClr
 0001:000029AC       @LStrAsg
 0001:00002BE0       @LStrCat
 0001:00002C24       @LStrCat3
 0001:00002C98       @LStrCatN
 0001:00002958       @LStrClr
 0001:00002CE8       @LStrCmp
 0001:00002DE0       @LStrCopy
 0001:00002E20       @LStrDelete
 0001:00002B88       @LStrFromArray
 0001:00002B00       @LStrFromChar
 0001:00002B10       @LStrFromPChar
 0001:00002A40       @LStrFromPCharLen
 0001:00002B40       @LStrFromPWChar
 0001:00002A70       @LStrFromPWCharLen
 0001:00002B7C       @LStrFromString
 0001:00002BA0       @LStrFromWStr
 0001:00002E68       @LStrInsert
 0001:000029F0       @LStrLAsg
 0001:00002BD8       @LStrLen
 0001:00002EC4       @LStrPos
 0001:00002F0C       @LStrSetLength
 0001:00002D9C       @LStrToPChar
 0001:00002BB4       @LStrToString
 0001:00003504       @New
 0001:00002A1C       @NewAnsiString
 0001:000030AC       @NewWideString
 0001:00004810       @Pow10
 0001:000018F4       @PStrCmp
 0001:000018A8       @PStrCpy
 0001:00001878       @PStrNCat
 0001:000018C4       @PStrNCpy
 0001:00002444       @RaiseAgain
 0001:00002428       @RaiseExcept
 0001:000016FC       @ReallocMem
 0001:00004683       @ResetText
 0001:0000468A       @RewritText
 0001:00001834       @ROUND
 0001:0000294C       @RunError
 0001:00002730       @StartExe
 0001:00001840       @TRUNC
 0001:000024C8       @TryFinallyExit
 0001:00001A08       @ValLong
 0001:00003A70       @VarAddRef
 0001:000038C4       @VarCast
 0001:0000366C       @VarClear
 0001:00003A68       @VarClr
 0001:000036B0       @VarCopy
 0001:000039F4       @VarFromLStr
 0001:00003A34       @VarFromWStr
 0001:000039B8       @VarToLStr
 0001:00004777       @Write0Char
 0001:000047E0       @Write0CString
 0001:0000473C       @Write0String
 0001:00004698       @WriteBytes
 0001:000047C9       @WriteChar
 0001:000047E4       @WriteCString
 0001:00004763       @WriteLn
 0001:00004703       @WriteSpaces
 0001:00004746       @WriteString
 0001:00002FA0       @WStrArrayClr
 0001:00002FC4       @WStrAsg
 0001:00002F88       @WStrClr
 0001:00003090       @WStrFromLStr
 0001:00002FE8       @WStrFromPCharLen
 0001:0000306C       @WStrFromPWCharLen
 0001:000030A0       @WStrLen
 0001:000030C4       @WStrSetLength
 0001:00001AEC       @_CLenToPasStr
 0001:00001AD4       @_CToPasStr
 0001:000045C0       @_Flush
 0001:0000179C       @_IOTest
 0001:00004B2A       @_lldiv
 0001:00004BA2       @_lldivo
 0001:00004C1D       @_llmod
 0001:00004C97       @_llmodo
 0001:00004AE4       @_llmul
 0001:00004B07       @_llmulo
 0001:00004D17       @_llshl
 0001:00004BD4       @_lludiv
 0001:00004CC9       @_llumod
 0001:00004D4F       @_llushr
 0001:00028A6C       AbsMin
 0001:000083D8       AbstractErrorHandler
 0002:00001018       AbstractErrorProc
 0002:00000104       AccessMode
 0001:00005460       ActivateKeyboardLayout
 0002:00001778       ActiveDrag
 0001:0000A0E0       ActiveX
 0001:0003A5A8       ActnList
 0001:00000404       AddBlockAfter
 0001:00006A58       AddExitProc
 0001:00010250       AddFinished
 0001:0003DBE0       AddIn
 0001:000040DC       AddModuleUnloadProc
 0001:000040CC       AddModuleUnloadProc
 0001:0001028C       AddNotFinished
 0001:000185B4       AdjustColor
 0001:00052EC0       AdjustColors
 0001:000463D0       Adjustment
 0001:00005468       AdjustWindowRectEx
 0002:00000620       Alignments
 0002:000005DC       Alignments
 0002:00000884       Alignments
 0002:00000894       Alignments
 0002:000009F0       Alignments
 0001:0002F1C0       AlignWork
 0001:0004E7A0       AlignWork
 0001:00045CB4       AllocateHWnd
 0001:000542EC       AllocFilterStr
 0001:00006A0C       AllocMem
 0002:00001420       AllocMemCount
 0002:00001424       AllocMemSize
 0001:0001E344       AllocPatternBitmap
 0002:0000067C       AnchorAlign
 0001:00006BCC       AnsiCompareText
 0001:00006E90       AnsiLastChar
 0001:00005470       AnsiLower
 0001:00006B98       AnsiLowerCase
 0001:00008A64       AnsiLowerCaseFileName
 0001:00008A2C       AnsiPos
 0001:00043188       AnsiSameCaption
 0001:00006C04       AnsiSameText
 0001:00006C40       AnsiStrLIComp
 0001:00008AF0       AnsiStrPos
 0001:00008B90       AnsiStrRScan
 0001:00008BB8       AnsiStrScan
 0001:00006B64       AnsiUpperCase
 0001:0000374C       AnyChangeType
 0002:000017D0       Application
 0002:000009E0       AppVisible
 0002:00000AF8       ArrowKey
 0001:000083BC       AssertErrorHandler
 0002:00001014       AssertErrorProc
 0001:0000A734       AssignLongStr
 0001:0000A93C       AssignVariant
 0001:0000A790       AssignWideStr
 0002:00001474       avail
 0001:00007024       BackfillGetDiskFreeSpaceEx
 0001:0002C074       BackgroundClipped
 0001:0000C698       BeginGlobalLoading
 0001:00005478       BeginPaint
 0001:000185DC       BetterSize
 0001:0003EA84       BiDiDraw
 0001:00005220       BitBlt
 0002:00000584       BitmapCanvasList
 0002:00001668       BitmapImageLock
 0001:000641B4       BlankStr
 0002:000008C8       BlockCode
 0002:0000144C       blockDescBlockList
 0002:00001450       blockDescFreeList
 0002:000002B0       BooleanIdents
 0002:000005D4       BorderStyles
 0002:00000938       BorderStyles
 0002:000009E8       BorderStyles
 0001:0000BEFC       Bounds
 0002:0000082C       Breaks
 0002:000016A0       BrushManager
 0001:0005B64C       Build
 0001:000419A4       BuildImage
 0002:00000A98       ButtonCaptions
 0002:00000A6C       ButtonNames
 0002:000008A8       Buttons
 0002:00000618       ButtonStyles
 0001:00017C50       BytesPerScanline
 0001:0001807C       ByteSwapColors
 0001:00008978       ByteType
 0001:00008900       ByteTypeTest
 0002:000002BC       C10000
 0001:0005E15C       CalcAxis
 0001:0005F108       CalcAxis
 0001:0005E468       CalcAxisState
 0001:0005E248       CalcFixedAxis
 0001:00045B7C       CalcJmpOffset
 0001:0005E388       CalcMaxCell
 0001:00060894       CalcPageExtents
 0001:000600D0       CalcScroll
 0001:0005F574       CalcScrollBar
 0001:0006049C       CalcSizeInfo
 0001:000384E8       CalcSplitterPos
 0001:00005480       CallNextHookEx
 0001:000090D0       CallTerminateProcs
 0001:00005488       CallWindowProc
 0001:00029C74       CancelDrag
 0002:000016A4       CanvasList
 0002:00001788       CanvasList
 0002:00000A58       Captions
 0002:00000734       CaptureControl
 0002:000007CC       cBooleanToItemAutoFlag
 0001:00053A54       CenterWindow
 0002:0000173A       CF_COMPONENT
 0002:00001738       CF_PICTURE
 0002:000013E8       ChangeAnyProc
 0001:00027E20       ChangeBiDiModeAlignment
 0001:00006F10       ChangeFileExt
 0001:000037B8       ChangeSourceAny
 0002:000005FC       CharCases
 0001:00005490       CharLowerBuff
 0001:00000238       CharNext
 0001:00015D30       CharsetToIdent
 0001:00005498       CharUpperBuff
 0001:00018CD8       CheckBool
 0001:000020B8       CheckJmp
 0001:000054A0       CheckMenuItem
 0002:0000081C       Checks
 0001:00045A50       CheckTaskWindow
 0001:0002996C       CheckUndock
 0002:000007D0       cItemAutoFlagToBoolean
 0002:000007C8       cItemAutoFlagToMenu
 0002:00001624       ClassAliasList
 0001:00014378       Classes
 0002:00001620       ClassList
 0001:0000BF48       ClassNotFound
 0002:000013E4       ClearAnyProc
 0001:000155F8       ClearColor
 0001:00063EDC       ClearItem
 0001:000054A8       ClientToScreen
 0001:00035450       ClientToWindow
 0001:00026038       Clipboard
 0002:0000057C       ClipboardFormats
 0001:000260A0       Clipbrd
 0001:000054B0       CloseClipboard
 0001:000001D8       CloseHandle
 0001:00005058       CloseHandle
 0002:0000102C       CmdLine
 0002:00001028       CmdShow
 0002:000007C4       cMenuAutoFlagToItem
 0002:0000034C       Colors
 0001:00015AC8       ColorToIdent
 0001:00015A98       ColorToRGB
 0002:000016B4       ComCtl32DLL
 0001:00056F28       ComCtrls
 0002:000017CC       CommandPool
 0001:0001E924       Commctrl
 0001:00051A24       CommDlg
 0001:000006E4       Commit
 0002:00001490       committedRoot
 0001:0005BA94       CompareExtents
 0001:0003D008       CompareFront
 0001:00006ACC       CompareMem
 0001:00005060       CompareString
 0001:00006AEC       CompareText
 0001:00010DDC       ComponentCreated
 0001:000189D4       ComputeAldusChecksum
 0001:00055090       ComStrs
 0001:0000A450       Consts
 0001:0001E794       Contnrs
 0002:00001756       ControlAtom
 0001:00039238       Controls
 0001:00007E78       ConvertAddr
 0001:000069AC       ConvertErrorFmt
 0001:00003AA4       CopyArray
 0001:0001B258       CopyBitmap
 0001:0001B938       CopyBitmapAsMask
 0001:00005228       CopyEnhMetaFile
 0001:0001B8C0       CopyPalette
 0001:00040808       CopyToBest
 0002:00001680       CounterLock
 0001:00063BB8       CountItem
 0001:00008300       CreateAssertException
 0001:00008498       CreateAVObject
 0001:00005230       CreateBitmap
 0001:00005238       CreateBrushIndirect
 0001:00005240       CreateCompatibleBitmap
 0001:00005248       CreateCompatibleDC
 0001:00010E70       CreateComponent
 0001:00005258       CreateDIBitmap
 0001:00005250       CreateDIBSection
 0001:00005068       CreateEvent
 0001:00005070       CreateFile
 0001:000001E0       CreateFileA
 0001:00005260       CreateFontIndirect
 0001:00005268       CreateHalftonePalette
 0001:000054B8       CreateIcon
 0001:0000823C       CreateInOutError
 0001:000054C0       CreateMenu
 0001:00005270       CreatePalette
 0001:00005278       CreatePenIndirect
 0001:000054C8       CreatePopupMenu
 0001:00005280       CreateSolidBrush
 0001:000180D4       CreateSystemPalette
 0001:00005078       CreateThread
 0001:00005A38       CreateWindow
 0001:000054D0       CreateWindowEx
 0002:00000A00       CreationControl
 0002:00000674       CreationControl
 0002:0000066C       CSHREDRAW
 0002:00000770       Ctl3DStyles
 0001:0005BDBC       Ctrl
 0002:00001488       curAlloc
 0002:000014F8       CurrencyDecimals
 0002:000014F4       CurrencyFormat
 0002:000014F0       CurrencyString
 0002:00000964       CursorMap
 0002:00000684       Cursors
 0001:00028114       CursorToIdent
 0002:00000028       cwChop
 0002:000014F9       DateSeparator
 0002:00000348       DDBsOnly
 0001:00045D70       DeallocateHWnd
 0002:00000008       DebugHook
 0002:000014F7       DecimalSeparator
 0001:00000778       Decommit
 0001:00000D94       DecommitFree
 0002:00001464       decommittedRoot
 0001:0004F4A0       Default
 0001:000490A8       Default
 0002:00000000       Default8087CW
 0002:00000AEC       DefaultBlank
 0002:00000678       DefaultDockTreeClass
 0002:0000054C       DefBrushData
 0002:0000031C       DefFontData
 0001:000054D8       DefFrameProc
 0002:000001A8       DefLongDayNames
 0002:0000015C       DefLongMonthNames
 0001:000054E0       DefMDIChildProc
 0002:0000052C       DefPenData
 0002:0000018C       DefShortDayNames
 0002:0000012C       DefShortMonthNames
 0001:000054E8       DefWindowProc
 0001:00000434       DeleteBlock
 0001:000003A4       DeleteCriticalSection
 0001:00005080       DeleteCriticalSection
 0001:00005288       DeleteDC
 0001:00005290       DeleteEnhMetaFile
 0001:00000BDC       DeleteFree
 0001:000054F0       DeleteMenu
 0001:00005298       DeleteObject
 0001:0001ACF8       DeselectBitmap
 0001:000054F8       DestroyCursor
 0001:00005500       DestroyIcon
 0001:00005508       DestroyMenu
 0001:00005510       DestroyWindow
 0001:00063670       Detector
 0001:00053AF8       DialogHook
 0001:00054FD4       Dialogs
 0002:00000588       DIBPalSizes
 0002:00000054       dig
 0001:0004583C       DisableTaskWindows
 0001:00005518       DispatchMessage
 0001:0004D094       DispatchShortCut
 0001:00063094       DisposeStrItem
 0001:00053450       Dlgs
 0001:0002F03C       DoAlign
 0001:0004E624       DoAlign
 0001:00066F48       Doask
 0001:0005DF80       DoCalc
 0001:00034154       DoCalcConstraints
 0001:0005E018       DoCalcRightToLeft
 0001:0005E934       DoChange
 0002:00001780       DockSiteList
 0001:0004167C       DoClick
 0001:0005CF5C       DoColWidths
 0001:000309DC       DoControlMsg
 0001:000457CC       DoDisableWindow
 0001:0002918C       DoDragOver
 0001:00006A2C       DoExitProc
 0001:00036288       DoFindControlZone
 0001:00045948       DoFindWindow
 0001:00036A78       DoFindZone
 0001:0003632C       DoForEach
 0001:000382D0       DoGetNextLimit
 0001:00045790       DoneApplication
 0001:0003906C       DoneControls
 0001:0000883C       DoneExceptions
 0001:0004B000       DoNestedActivation
 0001:0004E424       DoPosition
 0001:0002EC74       DoPosition
 0001:00037614       DoPrune
 0001:00052968       DoRect
 0001:0005CFAC       DoRowHeights
 0001:00037C9C       DoSaveZone
 0001:00037ED8       DoSetNewBounds
 0001:0005C808       DoSizeAdjust
 0002:000002B8       DotSep
 0001:00060400       DoUpdate
 0001:0002D390       DoWrite
 0001:0003B83C       DoWrite
 0001:0000E168       DoWrite
 0001:00018F80       DoWrite
 0001:00019B00       DoWrite
 0002:00001764       DragCapture
 0002:00001758       DragControl
 0001:000299EC       DragDone
 0001:00029120       DragFindTarget
 0001:000290DC       DragFindWindow
 0002:00001760       DragFreeObject
 0002:0000177C       DragImageList
 0001:000295DC       DragInit
 0001:00029784       DragInitControl
 0001:00029040       DragMessage
 0002:0000175C       DragObject
 0002:00001770       DragSaveCursor
 0002:00001768       DragStartPos
 0002:00001774       DragThreshold
 0001:000292AC       DragTo
 0001:0004F4DC       DrawAppIcon
 0001:0005D3C4       DrawAxisLines
 0001:0005D660       DrawCells
 0001:000370DC       DrawCloseButton
 0001:00005520       DrawEdge
 0001:00005528       DrawFocusRect
 0001:00005530       DrawFrameControl
 0001:00037134       DrawGrabberLine
 0001:00005538       DrawIcon
 0001:00005540       DrawIconEx
 0002:000007A8       DrawingStyles
 0001:0005D5C8       DrawLines
 0001:00005548       DrawMenuBar
 0001:00042F1C       DrawMenuItem
 0001:00005550       DrawText
 0001:00017AA8       DupBits
 0001:00003ABC       DynArrayClear
 0001:00003AC4       DynArraySetLength
 0002:0000088C       EdgeStyle
 0002:00000760       EdgeStyles
 0001:00008210       EHeapException.FreeInstance
 0001:00005558       EmptyClipboard
 0002:00001410       EmptyParam
 0002:000000C0       EmptyStr
 0001:00005560       EnableMenuItem
 0002:00000824       Enables
 0001:00005568       EnableScrollBar
 0001:000458F4       EnableTaskWindows
 0001:00005570       EnableWindow
 0001:0000C740       EndGlobalLoading
 0001:00005578       EndPaint
 0001:00005088       EnterCriticalSection
 0001:00000394       EnterCriticalSection
 0001:00005090       EnumCalendarInfoA
 0001:00005580       EnumClipboardFormats
 0002:000016D8       EnumDisplayMonitors
 0001:00007AC4       EnumEraNames
 0001:00007B00       EnumEraYearOffsets
 0001:00049670       EnumMonitorsProc
 0001:00005588       EnumThreadWindows
 0001:00010668       EnumValue
 0001:00005590       EnumWindows
 0001:00005598       EqualRect
 0002:000015BC       EraNames
 0002:000015D8       EraYearOffsets
 0002:0000004C       errCaption
 0001:0003CD10       Error
 0001:00001758       Error
 0001:0000FDC8       Error
 0002:0000103C       ErrorAddr
 0001:000082BC       ErrorHandler
 0002:000001C4       ErrorMap
 0002:00001004       ErrorProc
 0001:00007E60       ExceptAddr
 0002:00001008       ExceptClsProc
 0001:00008760       ExceptHandler
 0001:00008084       Exception.Create
 0001:000080C0       Exception.CreateFmt
 0001:00008140       Exception.CreateRes
 0001:0000817C       Exception.CreateResFmt
 0002:00001010       ExceptionClass
 0001:00007E84       ExceptionErrorMessage
 0002:000001FC       ExceptMap
 0001:00007E48       ExceptObject
 0002:0000100C       ExceptObjProc
 0002:00001000       ExceptProc
 0001:000052A0       ExcludeClipRect
 0002:00001034       ExitCode
 0001:000027EC       ExitDll
 0002:00001038       ExitProc
 0001:00000240       ExitProcess
 0002:00000100       ExitProcList
 0001:00063260       ExpandDir
 0001:00053EA4       ExplorerHook
 0001:000052A8       ExtCreatePen
 0001:00053418       ExtCtrls
 0002:0000064C       ExtendSelects
 0001:00066E70       ExtractByte
 0001:00006FDC       ExtractFileExt
 0001:00006FA4       ExtractFileName
 0001:000545F0       ExtractFileName
 0001:00054648       ExtractFileNames
 0001:000052B0       ExtTextOut
 0002:00001740       FClipboard
 0001:00006E18       FileAge
 0001:00006E10       FileClose
 0001:00006D88       FileCreate
 0001:00006E80       FileExists
 0002:00000580       FileFormats
 0002:00001046       FileMode
 0001:00006D48       FileOpen
 0001:00006DAC       FileRead
 0002:000002C0       FilerSignature
 0001:00006E04       FileSeek
 0001:00005098       FileTimeToDosDateTime
 0001:000050A0       FileTimeToLocalFileTime
 0001:00006DD8       FileWrite
 0001:00000CC4       FillAfterGap
 0001:00000C70       FillBeforeGap
 0001:0005D370       FillDWord
 0001:00000D5C       FillerSizeAfterGap
 0001:00000CEC       FillerSizeBeforeGap
 0001:000055A0       FillRect
 0001:0001F080       Finalization
 0001:0001F0C0       Finalization
 0001:0001E38C       Finalization
 0001:00005008       Finalization
 0001:0001F108       Finalization
 0001:0001F140       Finalization
 0001:0001F49C       Finalization
 0001:0001F178       Finalization
 0001:00026064       Finalization
 0001:00026230       Finalization
 0001:000142C0       Finalization
 0001:000391E4       Finalization
 0001:00043290       Finalization
 0001:000533E8       Finalization
 0001:00053420       Finalization
 0001:000519F4       Finalization
 0001:0001E764       Finalization
 0001:00064BF4       Finalization
 0001:00065104       Finalization
 0001:00004D6C       Finalization
 0001:0001E8F4       Finalization
 0001:00054F78       Finalization
 0001:00054FF0       Finalization
 0001:00055028       Finalization
 0001:00055060       Finalization
 0001:00025A18       Finalization
 0001:0000AA0C       Finalization
 0001:00056EB0       Finalization
 0001:0006893C       Finalization
 0001:00068904       Finalization
 0001:000519B4       Finalization
 0001:00009EE8       Finalization
 0001:0005A040       Finalization
 0001:0005197C       Finalization
 0001:0003A578       Finalization
 0001:00005E64       Finalization
 0001:00051944       Finalization
 0001:0005190C       Finalization
 0001:000518D4       Finalization
 0001:00051860       Finalization
 0001:0000A0B0       Finalization
 0001:00005B9C       Finalization
 0001:00005B64       Finalization
 0001:0003BDF8       Finalization
 0001:0000A420       Finalization
 0001:00003AB4       FinalizeArray
 0001:000413BC       Find
 0001:00003D14       FindBS
 0001:0000C078       FindClass
 0001:00003CE8       FindClassHInstance
 0001:00000250       FindClose
 0001:000050A8       FindClose
 0001:00000C40       FindCommitted
 0001:00027EFC       FindControl
 0001:00036CDC       FindControlAtPos
 0001:00029CDC       FindDragTarget
 0001:00011024       FindExistingComponent
 0001:00000258       FindFirstFile
 0001:000050B0       FindFirstFile
 0001:00045AB0       FindGlobalComponent
 0002:00001618       FindGlobalComponent
 0001:00003CC0       FindHInstance
 0001:0000C4A0       FindIdentToInt
 0002:0000181C       FindMsg
 0001:00010148       FindNestedComponent
 0001:0003CCC0       FindPopupControl
 0001:000050B8       FindResource
 0001:00003CF0       FindResourceHInstance
 0001:00051160       FindScanline
 0001:000459C0       FindTopMostWindow
 0001:00011FAC       FindUniqueName
 0001:00029C8C       FindVCLWindow
 0001:000055A8       FindWindow
 0001:00002670       FInitUnits
 0001:0001B1E8       FixupBitFields
 0002:0000089C       Flags
 0002:00001604       FLanguages
 0001:0001F4CC       FlatSB
 0002:00001700       FlatSB_EnableScrollBar
 0002:0000170C       FlatSB_GetScrollInfo
 0002:00001710       FlatSB_GetScrollPos
 0002:00001708       FlatSB_GetScrollRange
 0002:00001718       FlatSB_SetScrollInfo
 0002:00001714       FlatSB_SetScrollPos
 0001:0001F1BC       FlatSB_SetScrollProp
 0002:0000171C       FlatSB_SetScrollRange
 0002:00001704       FlatSB_ShowScrollBar
 0001:00009BE5       FloatToDecimal
 0001:00009642       FloatToText
 0001:00009912       FloatToTextFmt
 0001:000077DC       FmtStr
 0002:000008B4       FocusCount
 0002:000008B0       FocusMessages
 0002:0000049C       FontCharsets
 0002:00001698       FontManager
 0002:000009FC       ForceCurrentDirectory
 0001:00045A7C       ForegroundTask
 0002:00001848       Form1
 0001:000077C8       Format
 0001:00007368       FormatBuf
 0001:0000735C       FormatClearStr
 0001:000072F0       FormatError
 0002:00000124       FormatErrorStrs
 0001:000050C0       FormatMessage
 0001:00007348       FormatVarToStr
 0001:000518B4       Forms
 0001:0005BD98       ForwardMovement
 0001:00004810       FPower10
 0002:000005D0       FPrinter
 0001:00052A48       Frame3D
 0001:000055B0       FrameRect
 0001:000092BC       FreeAndNil
 0001:000009AC       FreeCommitted
 0001:00000EB4       FreeCurAlloc
 0001:00029DE8       FreeDeviceContext
 0001:00029EA4       FreeDeviceContexts
 0001:00014230       FreeIntConstList
 0001:000644F4       FreeItem
 0001:000050C8       FreeLibrary
 0001:00000260       FreeLibrary
 0001:0001AC4C       FreeMemoryContexts
 0001:00045C80       FreeObjectInstance
 0001:000050D0       FreeResource
 0001:0000062C       FreeSpace
 0001:000090EC       FreeTerminateProcs
 0001:00012C88       FreeThreadWindow
 0002:00001834       FRichEditModule
 0002:00001840       frmbyted
 0001:00017A84       GDICheck
 0001:000179D8       GDIError
 0001:000055B8       GetActiveWindow
 0001:0004EB9C       GetAnimation
 0001:000549E8       GetAveCharSize
 0001:000052B8       GetBitmapBits
 0001:000003AC       GetBlockDesc
 0001:000052C0       GetBrushOrgEx
 0001:000055C0       GetCapture
 0001:0002820C       GetCaptureControl
 0001:0000BFB8       GetClass
 0001:000055C8       GetClassInfo
 0001:000055D0       GetClientRect
 0001:000055D8       GetClipboardData
 0001:000195BC       GetClipboardFormats
 0001:000052C8       GetClipBox
 0001:00000348       GetCmdShow
 0001:0003A738       GetColor
 0001:00000268       GetCommandLine
 0001:000007F8       GetCommitted
 0001:00000888       GetCommittedAt
 0001:00030404       GetControlAtPos
 0001:000050D8       GetCPInfo
 0001:000052D0       GetCurrentPositionEx
 0001:000050E0       GetCurrentProcessId
 0001:00004360       GetCurrentThreadId
 0001:000050E8       GetCurrentThreadId
 0001:000059B4       GetCurrentTime
 0001:000055E0       GetCursor
 0001:00051174       GetCursorHeightMargin
 0001:000055E8       GetCursorPos
 0001:000055F0       GetDC
 0001:000055F8       GetDCEx
 0001:000052D8       GetDCOrgEx
 0001:0001DEF8       GetDefFontCharSet
 0001:0000DD74       GetDesigner
 0001:00005600       GetDesktopWindow
 0001:000052F0       GetDeviceCaps
 0001:00018CA4       GetDIB
 0001:000052E0       GetDIBColorTable
 0001:000052E8       GetDIBits
 0001:00018BC0       GetDIBSizes
 0001:00017C14       GetDInColors
 0001:000050F0       GetDiskFreeSpaceA
 0002:000000FC       GetDiskFreeSpaceEx
 0001:00005608       GetDlgItem
 0001:000383D0       GetDockAlign
 0001:00028E74       GetDockSiteAtPos
 0001:00005610       GetDoubleClickTime
 0001:000291DC       GetDropCtl
 0001:00001E7C       GetDynaMethod
 0001:000052F8       GetEnhMetaFileBits
 0001:00005300       GetEnhMetaFileHeader
 0001:00005308       GetEnhMetaFilePaletteEntries
 0001:0000A490       GetEnumNameValue
 0001:0000A4DC       GetEnumValue
 0001:00007B78       GetEraNamesAndYearOffsets
 0001:00008484       GetExceptionClass
 0001:00008664       GetExceptionObject
 0001:0000C0A4       GetFieldClass
 0001:0000BF3C       GetFieldClassTable
 0001:000001F0       GetFileSize
 0001:000001E8       GetFileType
 0001:00005618       GetFocus
 0001:00015D80       GetFontData
 0001:00005620       GetForegroundWindow
 0001:00008CB0       GetFormatSettings
 0001:0001525C       GetHashCode
 0001:0004E93C       GetHint
 0001:0004E984       GetHintControl
 0001:000430F4       GetHotkey
 0001:00005628       GetIconInfo
 0001:00005640       GetKeyboardLayout
 0001:00005648       GetKeyboardLayoutList
 0001:00005650       GetKeyboardState
 0001:00001B10       GetKeyboardType
 0001:00005630       GetKeyNameText
 0001:00005638       GetKeyState
 0001:00005658       GetLastActivePopup
 0001:00000270       GetLastError
 0001:000050F8       GetLastError
 0001:0000793C       GetLocaleChar
 0001:00000278       GetLocaleInfo
 0001:00005100       GetLocaleInfo
 0001:000078F0       GetLocaleStr
 0001:000281B8       GetLongHint
 0001:00005660       GetMenu
 0001:0004BC00       GetMenuHelpContext
 0001:00005668       GetMenuItemCount
 0001:00005670       GetMenuItemID
 0001:00005678       GetMenuItemInfo
 0001:0003F4B4       GetMenuSize
 0001:00005680       GetMenuState
 0001:00005688       GetMenuString
 0001:00005690       GetMessageTime
 0001:00004ECC       GetModuleFileName
 0001:00005108       GetModuleFileName
 0001:00000280       GetModuleFileName
 0001:00005110       GetModuleHandle
 0001:00004ED4       GetModuleHandle
 0001:00000288       GetModuleHandle
 0002:000016D4       GetMonitorInfo
 0002:000016CC       GetMonitorInfoA
 0002:000016D0       GetMonitorInfoW
 0001:000079A0       GetMonthDayNames
 0001:00005698       GetNextWindow
 0001:00005310       GetObject
 0001:000519EC       GetOpenFileName
 0001:0000A5D4       GetOrdProp
 0001:00005318       GetPaletteEntries
 0001:000056A0       GetParent
 0001:00045F30       GetParentForm
 0001:00005320       GetPixel
 0001:00005118       GetProcAddress
 0001:00000290       GetProcAddress
 0001:000056A8       GetProp
 0001:0000A514       GetPropInfo
 0001:0000A580       GetPropInfos
 0001:00046508       GetRealScrollPosition
 0001:0003A6FC       GetRGBColor
 0001:000056B0       GetScrollInfo
 0001:000056B8       GetScrollPos
 0001:000056C0       GetScrollRange
 0001:00028164       GetShortHint
 0001:00000550       GetSpace
 0001:000005B4       GetSpaceAt
 0001:0003CD88       GetSpecialName
 0001:00000298       GetStartupInfo
 0001:000001F8       GetStdHandle
 0001:00005328       GetStockObject
 0001:000056C8       GetSubMenu
 0001:000056D0       GetSysColor
 0001:00005120       GetSystemInfo
 0001:000056D8       GetSystemMenu
 0002:000016BC       GetSystemMetrics
 0001:000056E0       GetSystemMetrics
 0001:00005330       GetSystemPaletteEntries
 0001:00005340       GetTextExtentPoint
 0001:00005338       GetTextExtentPoint32
 0001:00005348       GetTextMetrics
 0001:00005128       GetThreadLocale
 0001:000002A0       GetThreadLocale
 0001:00005130       GetTickCount
 0001:0004F1D8       GetTopMostWindows
 0001:0002835C       GetTopParent
 0001:000056E8       GetTopWindow
 0001:0000A484       GetTypeData
 0001:00005138       GetVersion
 0001:00005140       GetVersionEx
 0001:000056F0       GetWindow
 0001:000056F8       GetWindowDC
 0001:00005700       GetWindowLong
 0001:00005358       GetWindowOrgEx
 0001:00005708       GetWindowPlacement
 0001:00005710       GetWindowRect
 0001:00005718       GetWindowText
 0001:00005720       GetWindowThreadProcessId
 0001:00005350       GetWinMetaFileBits
 0001:00005148       GlobalAddAtom
 0001:00005150       GlobalAlloc
 0001:000059C0       GlobalAllocPtr
 0001:00005158       GlobalDeleteAtom
 0002:0000162C       GlobalFixupList
 0001:000102E0       GlobalFixupReferences
 0001:00005160       GlobalFree
 0001:000059EC       GlobalFreePtr
 0001:00005170       GlobalHandle
 0001:00005168       GlobalLock
 0002:00001614       GlobalNameSpace
 0001:00005178       GlobalReAlloc
 0001:000059D0       GlobalReAllocPtr
 0001:00005180       GlobalUnlock
 0001:0001E460       Graphics
 0001:0005B4BC       GridRect
 0001:00064C24       Grids
 0002:00000ADC       GripStyles
 0001:0001175C       HandleException
 0002:00000004       HeapAllocFlags
 0002:00001430       heapErrorCode
 0002:00001434       heapLock
 0002:00001818       HelpMsg
 0002:000000F8       HexDisplayPrefix
 0002:00000608       HideSelections
 0002:000014D8       HInstance
 0002:000017E8       HintDoneEvent
 0001:0004EA80       HintGetMsgHook
 0002:000017EC       HintHook
 0001:0004EA20       HintMouseThread
 0002:000017F0       HintThread
 0002:000017E4       HintThreadID
 0001:0004E9CC       HintTimerProc
 0002:000008AC       HintWindowClass
 0001:0004EAC4       HookHintHooks
 0001:00005A6C       HwndMSWheel
 0002:00000840       IBreaks
 0002:0000084C       IChecks
 0002:00000854       IDefaults
 0001:00015D58       IdentToCharset
 0001:00015AF0       IdentToColor
 0001:0002813C       IdentToCursor
 0001:0000C538       IdentToInt
 0002:0000085C       IEnables
 0001:000407C4       IfHotkeyAvailable
 0001:0001E850       ImageList_Add
 0001:0001E870       ImageList_AddIcon
 0001:0001E894       ImageList_BeginDrag
 0001:0001E838       ImageList_Create
 0001:0001E840       ImageList_Destroy
 0001:0001E8A4       ImageList_DragEnter
 0001:0001E8AC       ImageList_DragLeave
 0001:0001E8B4       ImageList_DragMove
 0001:0001E8C4       ImageList_DragShowNolock
 0001:0001E87C       ImageList_Draw
 0001:0001E884       ImageList_DrawEx
 0001:0001E89C       ImageList_EndDrag
 0001:0001E868       ImageList_GetBkColor
 0001:0001E8CC       ImageList_GetDragImage
 0001:0001E8E4       ImageList_GetIconSize
 0001:0001E848       ImageList_GetImageCount
 0001:0001E8D4       ImageList_Read
 0001:0001E88C       ImageList_Remove
 0001:0001E858       ImageList_ReplaceIcon
 0001:0001E860       ImageList_SetBkColor
 0001:0001E8BC       ImageList_SetDragCursorImage
 0001:0001E8EC       ImageList_SetIconSize
 0001:0001E8DC       ImageList_Write
 0002:000007B8       Images
 0001:0003BE28       ImgList
 0001:0001F0F0       Imm
 0002:00000794       IMM32DLL
 0001:00039040       Imm32IsIME
 0001:0005B5DC       Includes
 0001:00005728       InflateRect
 0001:00000A38       InitAllocator
 0001:0001E92C       InitAnApi
 0002:000016E4       InitApis
 0001:0001E7A4       InitComCtl
 0001:00055BD4       InitCommonControl
 0001:0001E79C       InitCommonControls
 0001:0001E804       InitCommonControlsEx
 0001:0000C7B4       InitComponent
 0002:000014A0       InitContext
 0001:000390E0       InitControls
 0001:00045B58       InitCtl3D
 0001:0001DF50       InitDefFontData
 0001:0000910C       InitDriveSpacePtr
 0001:00008770       InitExceptions
 0001:0001F218       InitFlatSB
 0001:00054E28       InitGlobals
 0001:00018A14       InitializeBitmapInfoHeader
 0001:00005188       InitializeCriticalSection
 0001:0000038C       InitializeCriticalSection
 0002:0000142C       initialized
 0001:0001F1F0       InitializeFlatSB
 0001:00004F88       InitializeModule
 0001:00038CA0       InitIMM32
 0001:0000C868       InitInheritedComponent
 0001:0001F014       InitMultiMonStubs
 0001:000088A8       InitPlatformId
 0002:00001030       InitProc
 0001:0001DEB8       InitScreenLogPixels
 0001:00008BF8       InitSysLocale
 0001:00004EF4       InitThreadTLS
 0001:000026D0       InitUnits
 0001:00027E48       InitWndProc
 0002:00000740       InnerStyles
 0002:0000104C       Input
 0001:00054AFC       InputQuery
 0001:0004E390       InsertBefore
 0001:0002EBE0       InsertBefore
 0001:00000E2C       InsertFree
 0001:00040898       InsertHotkeyFarEastFormat
 0001:00005730       InsertMenu
 0001:00005738       InsertMenuItem
 0002:000017DC       InstBlockList
 0002:000017E0       InstFreeList
 0002:00001628       IntConstList
 0002:00000654       IntegralHeights
 0001:00000340       InterlockedDecrement
 0001:00000338       InterlockedIncrement
 0001:000151D8       InternalDeletePalette
 0001:00000CA0       InternalFreeMem
 0001:00018BE4       InternalGetDIB
 0001:00018B48       InternalGetDIBSizes
 0001:0000C5F4       InternalReadComponentRes
 0001:00005360       IntersectClipRect
 0001:00005740       IntersectRect
 0001:000667C8       intIsHigh
 0001:0006674C       IntISLow
 0001:0000C598       IntToIdent
 0001:00006CC4       IntToStr
 0001:00005748       InvalidateRect
 0001:00017960       InvalidBitmap
 0001:00017940       InvalidGraphic
 0001:0001796C       InvalidIcon
 0001:00017978       InvalidMetafile
 0001:0005B49C       InvalidOp
 0001:00017920       InvalidOperation
 0002:00001600       InvalidPointer
 0001:00001D34       InvokeImplGetter
 0001:000017CC       IOResult
 0002:0000087C       IOwnerDraw
 0002:00000864       IRadios
 0002:00000874       IRTL
 0001:00045EB8       IsAccel
 0001:00041DA4       IsAccelChar
 0001:00028BD0       IsBeforeTargetWindow
 0001:00005750       IsCharAlpha
 0001:00005758       IsCharAlphaNumeric
 0001:00005760       IsChild
 0002:00001044       IsConsole
 0001:000089E8       IsDelimiter
 0001:000290A8       IsDelphiHandle
 0001:00005768       IsDialogMessage
 0002:0000086C       ISeparators
 0001:0000A0A8       IsEqualIID
 0001:00005770       IsIconic
 0001:00041E38       IsInitialChar
 0001:000596BC       IsKatakana
 0002:00001024       IsLibrary
 0001:0005783C       IsLiteralChar
 0002:00001045       IsMultiThread
 0001:000089B4       IsPathDelimiter
 0001:00005778       IsRectEmpty
 0001:00028E28       IsSiteChildOfClient
 0001:00006C60       IsValidIdent
 0001:00005780       IsWindow
 0001:00005788       IsWindowEnabled
 0001:00005790       IsWindowVisible
 0001:00005798       IsZoomed
 0001:0003D1C4       Iterate
 0001:0003D230       IterateMenus
 0002:0000000C       JITEnable
 0001:00045E4C       KeyboardStateToShiftState
 0001:00045E04       KeyDataToShiftState
 0001:00045DA8       KeysToShiftState
 0001:000057A0       KillTimer
 0001:00006EC0       LastDelimiter
 0002:000000D8       LeadBytes
 0001:00005190       LeaveCriticalSection
 0001:0000039C       LeaveCriticalSection
 0001:0005BE44       LeftSide
 0002:00000014       LibModuleList
 0001:0005F07C       LinePos
 0001:00005368       LineTo
 0001:00029D38       ListAdd
 0001:00029D70       ListRemove
 0002:000015F4       ListSeparator
 0001:000057A8       LoadBitmap
 0001:000057B0       LoadCursor
 0001:000057B8       LoadIcon
 0001:000057C0       LoadKeyboardLayout
 0001:00005198       LoadLibrary
 0001:000002A8       LoadLibraryEx
 0001:000051A0       LoadResource
 0001:00003ED0       LoadResourceModule
 0001:00004238       LoadResString
 0001:000057C8       LoadString
 0001:000002B0       LoadString
 0001:0000036C       LocalAlloc
 0001:00004EDC       LocalAlloc
 0001:00000374       LocalFree
 0001:00007964       LocalGetLocaleStr
 0001:000051A8       LockResource
 0002:00001500       LongDateFormat
 0002:00001594       LongDayNames
 0002:00001548       LongMonthNames
 0001:0005BAF8       LongMulDiv
 0002:00001514       LongTimeFormat
 0001:00005218       lstrcpy
 0001:000002B8       lstrcpy
 0001:000002C0       lstrcpyn
 0001:000002C8       lstrlen
 0002:0000101C       MainInstance
 0002:00001020       MainThreadID
 0001:000003FC       MakeEmpty
 0001:0000279C       MakeErrorMessage
 0002:00000780       MakeLast
 0001:000059A8       MakeLong
 0001:00045BA0       MakeObjectInstance
 0001:00005A00       MakeROP4
 0001:000632BC       MakeSec
 0001:00008404       MapException
 0001:000024EC       MapToRunError
 0001:000057D0       MapVirtualKey
 0001:000057D8       MapWindowPoints
 0002:000007A0       Mask
 0001:0005A070       Mask
 0001:00005370       MaskBlt
 0001:000573DC       MaskDoFormatText
 0002:00000AF0       MaskFieldSeparator
 0001:0005715C       MaskGetCharType
 0001:000572FC       MaskGetCurrentDirectives
 0001:000576EC       MaskGetMaskBlank
 0001:0005763C       MaskGetMaskSave
 0001:000573A8       MaskIntlLiteralToChar
 0002:00000AF4       MaskNoSave
 0001:0005776C       MaskOffsetToOffset
 0001:0001F138       Math
 0001:0001F100       Max
 0001:0005F488       Max
 0001:000490F4       MaximizedChildren
 0002:0000001C       MemoryManager
 0002:000007D4       MenuKeyCaps
 0001:00043300       Menus
 0001:0000044C       MergeBlockAfter
 0001:00000F00       MergeCommit
 0001:000057E0       MessageBeep
 0001:000057E8       MessageBox
 0001:00000248       MessageBox
 0001:00005BCC       Messages
 0001:000382A4       Min
 0001:0000D1CC       Min
 0001:0005F454       Min
 0001:0001F0F8       Min
 0001:0005E8C0       MinRedraw
 0001:0002E344       MinVar
 0002:000016EC       MMAvailable
 0002:00000798       ModeMap
 0001:0005B888       ModifyExtents
 0001:0005F6CC       ModifyPixelScrollBar
 0001:0004B424       ModifySystemMenu
 0002:000000A8       Module
 0002:000014CD       ModuleIsCpp
 0002:000014CC       ModuleIsLib
 0001:000142AC       ModuleUnload
 0002:00000018       ModuleUnloadList
 0002:000016C8       MonitorFromPoint
 0002:000016C4       MonitorFromRect
 0002:000016C0       MonitorFromWindow
 0002:00001748       Mouse
 0001:000017E4       Move
 0001:000645CC       MoveColData
 0001:0005B9FC       MoveExtent
 0001:00005378       MoveToEx
 0001:00029DAC       MoveWindowOrg
 0001:000051B0       MulDiv
 0001:000002D0       MultiByteToWideChar
 0002:0000065C       MultiColumns
 0001:0001F0B0       MultiMon
 0002:00000644       MultiSelects
 0001:00068934       NBDigit
 0001:00068AD4       NBDigit2
 0001:00065134       NBFixSel
 0002:000014F5       NegCurrFormat
 0001:00067284       NewByte
 0001:00000F8C       NewCommit
 0001:00000FB8       NewCommitAt
 0001:00063058       NewStrItem
 0002:0000174C       NewStyleControls
 0002:000002C4       NilMethod
 0002:00000010       NoErrMsg
 0001:0003E1FC       NormalDraw
 0001:000020A4       NotifyAnyExcept
 0001:0000DE28       NotifyDesigner
 0001:0000207C       NotifyExcept
 0001:000020D8       NotifyExceptFinally
 0001:0000C6F8       NotifyGlobalLoading
 0001:0000415C       NotifyModuleUnload
 0001:0000205C       NotifyNonDelphiException
 0001:00002090       NotifyOnExcept
 0001:00002040       NotifyReRaise
 0001:00002100       NotifyTerminate
 0001:0000211C       NotifyUnhandled
 0001:00041648       NthParentOf
 0002:00001400       Null
 0002:00000610       OEMConverts
 0001:000057F0       OemToAnsi
 0001:000057F8       OffsetRect
 0001:000577BC       OffsetToMaskOffset
 0001:000035B4       OleStrToStrVar
 0001:00005800       OpenClipboard
 0002:00000A08       OpenOptions
 0002:00000778       OrientArray
 0002:00000750       OuterStyles
 0002:000015FC       OutOfMemory
 0001:00017984       OutOfResources
 0002:00001218       Output
 0001:00057A44       PadInputLiterals
 0001:00057884       PadSubField
 0001:0005F51C       PageDown
 0001:0005F4B0       PageUp
 0001:000254B8       PaintListBox
 0002:00000590       Pal16
 0001:00015684       PaletteChanged
 0001:000182A8       PaletteFromDIBColorTable
 0001:00018388       PaletteToDIBColorTable
 0002:0000058C       PalSize
 0001:0005BD48       ParentEvent
 0001:00035E88       ParentNotLast
 0002:000005EC       Passwords
 0001:00005380       PatBlt
 0002:000016A8       PatternManager
 0001:00005808       PeekMessage
 0002:0000169C       PenManager
 0002:0000055C       PenModes
 0002:0000053C       PenStyles
 0001:00005388       PlayEnhMetaFile
 0001:0000BE78       Point
 0001:0005B544       PointInGridRect
 0001:00005A20       PointToSmallPoint
 0001:00005398       Polyline
 0001:00005390       PolyPolyline
 0002:000017C0       PopupList
 0001:00005810       PostMessage
 0001:00005818       PostQuitMessage
 0001:0001F1B4       Printers
 0001:0004CE34       ProcessExecute
 0001:00046180       ProcessHorz
 0001:0004CF64       ProcessUpdate
 0001:00046204       ProcessVert
 0001:0001065C       PropertyNotFound
 0001:0001185C       PropPathError
 0002:00000904       Props
 0001:00010650       PropValueError
 0001:00005820       PtInRect
 0001:0005B590       PtInRect
 0002:00001784       QualifyingSites
 0001:000083AC       RaiseAssertException
 0001:00000200       RaiseException
 0001:00009028       RaiseLastWin32Error
 0001:0000174C       RaiseList
 0002:00001040       RandSeed
 0001:00036E30       ReadControlName
 0001:00010630       ReadError
 0001:00000208       ReadFile
 0001:000051B8       ReadFile
 0001:00018688       ReadIcon
 0002:000005F4       ReadOnlys
 0001:00011B0C       ReadVariantProp
 0001:000053A0       RealizePalette
 0001:00010E04       Recover
 0001:0000BEC4       Rect
 0001:000053B0       Rectangle
 0001:000053A8       RectVisible
 0002:000013EC       RefAnyProc
 0001:00005040       RegCloseKey
 0001:000002D8       RegCloseKey
 0001:0000C184       RegisterClass
 0001:00005828       RegisterClass
 0001:0000C28C       RegisterClasses
 0001:00005830       RegisterClipboardFormat
 0001:00028FD0       RegisterDockSite
 0001:0000C468       RegisterIntegerConsts
 0001:000041B8       RegisterModule
 0001:00005838       RegisterWindowMessage
 0001:00005048       RegOpenKeyEx
 0001:000002E0       RegOpenKeyEx
 0001:00005050       RegQueryValueEx
 0001:000002E8       RegQueryValueEx
 0001:0005193C       RegStr
 0001:00005840       ReleaseCapture
 0001:00005848       ReleaseDC
 0002:00001484       remBytes
 0001:000004C0       RemoveBlock
 0001:000104E0       RemoveFixupReferences
 0001:0001059C       RemoveFixups
 0001:00010908       RemoveGlobalFixup
 0001:00005850       RemoveMenu
 0001:000040FC       RemoveModuleUnloadProc
 0001:000040D4       RemoveModuleUnloadProc
 0001:00005858       RemoveProp
 0001:00001438       ResizeInPlace
 0001:00061454       ResizeLine
 0001:000053B8       RestoreDC
 0001:00060900       Restrict
 0001:0003CD04       ReturnAddr
 0001:0000E2EC       ReturnAddr
 0001:0000CA64       ReturnAddr
 0001:00017FD0       RGBQuadToTriple
 0001:00017F5C       RGBTripleToQuad
 0001:00055020       RichEdit
 0001:0005BE00       RightSide
 0002:00001480       rover
 0002:00000AC4       RTFConversionFormat
 0002:00000AE4       RTLReading
 0001:00000210       RtlUnwind
 0002:0000002C       runErrMsg
 0001:000024E0       RunErrorAt
 0001:000092CC       SafeLoadLibrary
 0001:00006B40       SameText
 0001:000053C0       SaveDC
 0002:000017D4       Screen
 0002:00001654       ScreenLogPixels
 0001:00005860       ScreenToClient
 0001:00060424       ScrollBarVisible
 0001:0004638C       ScrollBarVisible
 0001:00005868       ScrollWindow
 0001:00005870       ScrollWindowEx
 0001:00000FEC       SearchSmallBlocks
 0001:0005BDD4       Selection
 0001:000053C8       SelectObject
 0001:000053D0       SelectPalette
 0001:00027F2C       SendAppMessage
 0001:00045A14       SendFocusMessage
 0001:00005878       SendMessage
 0001:0005BD14       SendToParent
 0002:00000838       Separators
 0001:00005880       SetActiveWindow
 0001:0004EBD4       SetAnimation
 0001:00060514       SetAxisRange
 0001:000053D8       SetBkColor
 0001:000053E0       SetBkMode
 0001:000053E8       SetBrushOrgEx
 0001:00005888       SetCapture
 0001:00028248       SetCaptureControl
 0001:00005890       SetClassLong
 0001:00005898       SetClipboardData
 0001:00010F84       SetCompName
 0001:000058A0       SetCursor
 0001:000053F0       SetDIBColorTable
 0001:00000218       SetEndOfFile
 0001:000051C0       SetEndOfFile
 0001:000053F8       SetEnhMetaFileBits
 0001:000051C8       SetErrorMode
 0001:000051D0       SetEvent
 0001:00002628       SetExceptionHandler
 0001:00000220       SetFilePointer
 0001:000051D8       SetFilePointer
 0001:0000A8A4       SetFloatProp
 0001:000058A8       SetFocus
 0001:000058B0       SetForegroundWindow
 0001:00060598       SetHorzRange
 0001:00038F44       SetImeMode
 0001:000017BC       SetInOutRes
 0001:0000A9D0       SetInt64Prop
 0001:00011A78       SetIntIdent
 0001:000058B8       SetKeyboardState
 0001:0000A750       SetLongStrProp
 0001:00005400       SetMapMode
 0001:000058C0       SetMenu
 0001:000058C8       SetMenuItemInfo
 0001:0000A998       SetMethodProp
 0001:00011AC4       SetObjectIdent
 0001:0000A648       SetOrdProp
 0001:00005408       SetPixel
 0001:000058D0       SetProp
 0001:000058D8       SetRect
 0001:00005410       SetROP2
 0001:000601FC       SetScroll
 0001:000058E0       SetScrollInfo
 0001:000058E8       SetScrollPos
 0001:000058F0       SetScrollRange
 0001:0000A6A4       SetShortStrProp
 0001:0000A6F8       SetShortStrPropAsLongStr
 0001:00005418       SetStretchBltMode
 0001:0000A84C       SetStrProp
 0001:00005420       SetTextColor
 0001:000051E0       SetThreadLocale
 0001:000058F8       SetTimer
 0001:0000A958       SetVariantProp
 0001:0006063C       SetVertRange
 0001:00005428       SetViewportExtEx
 0001:00005430       SetViewportOrgEx
 0001:00050DE8       SetVisible
 0001:0000A7AC       SetWideStrProp
 0001:0000A7EC       SetWideStrPropAsLongStr
 0001:00005440       SetWindowExtEx
 0001:00005900       SetWindowLong
 0001:00005448       SetWindowOrgEx
 0001:00005908       SetWindowPlacement
 0001:00005910       SetWindowPos
 0001:00005920       SetWindowsHookEx
 0001:00005918       SetWindowText
 0001:00005438       SetWinMetaFileBits
 0002:00000110       ShareMode
 0001:00051904       ShellAPI
 0002:00001830       ShellModule
 0001:000519E4       ShlObj
 0001:0003CD38       ShortCut
 0002:000017C4       ShortCutItems
 0001:0003CDE8       ShortCutToText
 0002:000014FC       ShortDateFormat
 0002:00001578       ShortDayNames
 0002:00001518       ShortMonthNames
 0002:00001510       ShortTimeFormat
 0002:00000958       ShowCommands
 0002:0000094C       ShowCommands
 0002:00000940       ShowCommands
 0001:00005928       ShowCursor
 0001:0000800C       ShowException
 0002:00000738       ShowFlags
 0002:000009E4       ShowFlags
 0001:00045724       ShowMDIClientEdge
 0001:00005930       ShowOwnedPopups
 0001:00005938       ShowScrollBar
 0001:00005940       ShowWindow
 0001:0004EC04       ShowWinNoAnimate
 0002:0000078C       SizeCursors
 0001:000051E8       SizeofResource
 0001:000125E4       SkipBinary
 0001:00012584       SkipBytes
 0001:0001260C       SkipCollection
 0001:00012558       SkipList
 0001:000051F0       Sleep
 0001:0000BE9C       SmallPoint
 0001:00005A0C       SmallPointToPoint
 0002:0000148C       smallTab
 0002:0000063C       Sorteds
 0002:00001454       spaceRoot
 0002:00000AFC       SPAIndexMask
 0002:00000B00       SPASecShift
 0001:0005D37C       StackAlloc
 0001:0005D3AC       StackFree
 0001:00026260       StdActns
 0001:00025A48       StdCtrls
 0001:00045B5C       StdWndProc
 0002:0000165C       StockBrush
 0002:00001660       StockFont
 0002:00001664       StockIcon
 0002:00001658       StockPen
 0001:00063BD8       StoreItem
 0001:00007294       StrAlloc
 0001:000072A8       StrBufSize
 0001:0000899C       StrByteType
 0001:000071A0       StrComp
 0001:00007100       StrCopy
 0001:000072E0       StrDispose
 0001:0003B6F0       StreamsEqual
 0001:000070B0       StrEnd
 0001:00005450       StretchBlt
 0001:00007760       StrFmt
 0001:0000F504       StringListAnsiCompare
 0001:000035D8       StringToOleStr
 0001:00043020       StripHotkey
 0001:00007128       StrLCopy
 0001:00007098       StrLen
 0001:00007794       StrLFmt
 0001:000071C4       StrLIComp
 0001:000070C4       StrMove
 0001:000072B4       StrNew
 0001:00007280       StrPas
 0001:0000715C       StrPCopy
 0001:00007180       StrPLCopy
 0001:0000722C       StrPos
 0001:0000720C       StrScan
 0001:00006CF4       StrToInt
 0001:00006D30       StrToIntDef
 0002:0000092C       Styles
 0002:00000630       Styles
 0001:00000300       SysAllocStringLen
 0001:00005E94       SysConst
 0002:000008F4       SysConsts
 0002:000008FC       SysConsts
 0001:000078A4       SysErrorMessage
 0001:00001294       SysFreeMem
 0001:00000310       SysFreeString
 0001:0000110C       SysGetMem
 0001:00005038       SysInit
 0002:000015B0       SysLocale
 0001:00001608       SysReallocMem
 0001:00000308       SysReAllocStringLen
 0001:00000318       SysStringLen
 0001:00004DD4       System
 0002:0000164C       SystemPalette16
 0001:00018200       SystemPaletteOverride
 0001:00005948       SystemParametersInfo
 0001:0000A028       SysUtils
 0002:00000664       TabStops
 0001:00039D8C       TActionLink.IsCaptionLinked
 0001:00039DB0       TActionLink.IsCheckedLinked
 0001:00039DD4       TActionLink.IsEnabledLinked
 0001:00039DF8       TActionLink.IsHelpContextLinked
 0001:00039E1C       TActionLink.IsHintLinked
 0001:00039E40       TActionLink.IsImageIndexLinked
 0001:00039E64       TActionLink.IsShortCutLinked
 0001:00039E88       TActionLink.IsVisibleLinked
 0001:00039EAC       TActionLink.SetCaption
 0001:00039EBC       TActionLink.SetChecked
 0001:00039ECC       TActionLink.SetEnabled
 0001:00039EDC       TActionLink.SetHelpContext
 0001:00039EEC       TActionLink.SetHint
 0001:00039EFC       TActionLink.SetImageIndex
 0001:00039F0C       TActionLink.SetShortCut
 0001:00039F20       TActionLink.SetVisible
 0001:00051354       TApplication.ActivateHint
 0001:0004FE48       TApplication.BringToFront
 0001:00051128       TApplication.CancelHint
 0001:0004F434       TApplication.CheckIniChange
 0001:0004F134       TApplication.ControlDestroyed
 0001:0004EC54       TApplication.Create
 0001:000503D0       TApplication.CreateForm
 0001:0004EF68       TApplication.CreateHandle
 0001:0004EE44       TApplication.Destroy
 0001:0005172C       TApplication.DispatchAction
 0001:00050A30       TApplication.DoActionIdle
 0001:00050AAC       TApplication.DoMouseIdle
 0001:0004F258       TApplication.DoNormalizeTopMosts
 0001:000517D8       TApplication.ExecuteAction
 0001:0004FC08       TApplication.GetIconHandle
 0001:0004FEA4       TApplication.GetTitle
 0001:00050544       TApplication.HandleException
 0001:00050260       TApplication.HandleMessage
 0001:000509A0       TApplication.HelpCommand
 0001:00050978       TApplication.HelpContext
 0001:000510DC       TApplication.HideHint
 0001:00050F64       TApplication.HintMouseMessage
 0001:0005109C       TApplication.HintTimerExpired
 0001:00050288       TApplication.HookMainWindow
 0001:00050CC0       TApplication.IconChanged
 0001:00050B6C       TApplication.Idle
 0001:000503B0       TApplication.Initialize
 0001:00050818       TApplication.InvokeHelp
 0001:0004FEFC       TApplication.IsDlgMsg
 0001:000500BC       TApplication.IsHintMsg
 0001:0004FFA8       TApplication.IsKeyMsg
 0001:0004FF3C       TApplication.IsMDIMsg
 0001:000500FC       TApplication.IsShortCut
 0001:000505E4       TApplication.MessageBox
 0001:0004FC40       TApplication.Minimize
 0001:0004F338       TApplication.NormalizeAllTopMosts
 0001:0004F324       TApplication.NormalizeTopMosts
 0001:00050C70       TApplication.NotifyForms
 0001:0005017C       TApplication.ProcessMessage
 0001:00050244       TApplication.ProcessMessages
 0001:0004FD18       TApplication.Restore
 0001:0004F34C       TApplication.RestoreTopMosts
 0001:00050464       TApplication.Run
 0001:00050D3C       TApplication.SetHint
 0001:000509C8       TApplication.SetShowHint
 0001:0005073C       TApplication.ShowException
 0001:00050EE8       TApplication.StartHintTimer
 0001:00050F38       TApplication.StopHintTimer
 0001:00050528       TApplication.Terminate
 0001:00050300       TApplication.UnhookMainWindow
 0001:00051814       TApplication.UpdateAction
 0001:00050E48       TApplication.UpdateVisible
 0001:0004F404       TApplication.UseRightToLeftAlignment
 0001:0004F3D4       TApplication.UseRightToLeftReading
 0001:0004F528       TApplication.WndProc
 0002:000008B8       TaskActiveWindow
 0002:000008C0       TaskFirstTopMost
 0002:000008BC       TaskFirstWindow
 0002:000008C4       TaskWindowList
 0001:000287A0       TBaseDragControlObject.Assign
 0001:0002875C       TBaseDragControlObject.Create
 0001:000287DC       TBaseDragControlObject.EndDrag
 0001:0002880C       TBaseDragControlObject.Finished
 0001:00013BD8       TBasicAction.Change
 0001:00013A10       TBasicAction.Create
 0001:00013A6C       TBasicAction.Destroy
 0001:00013B04       TBasicAction.Execute
 0001:00013AE4       TBasicAction.ExecuteTarget
 0001:00013ACC       TBasicAction.HandlesTarget
 0001:00013BFC       TBasicAction.RegisterChanges
 0001:00013B6C       TBasicAction.SetOnExecute
 0001:00013C24       TBasicAction.UnRegisterChanges
 0001:00013B38       TBasicAction.Update
 0001:00013AF4       TBasicAction.UpdateTarget
 0001:000138E0       TBasicActionLink.AssignClient
 0001:00013938       TBasicActionLink.Change
 0001:00013890       TBasicActionLink.Create
 0001:000138F0       TBasicActionLink.Destroy
 0001:00013960       TBasicActionLink.Execute
 0001:000139D0       TBasicActionLink.IsOnExecuteLinked
 0001:00013984       TBasicActionLink.SetAction
 0001:000139E4       TBasicActionLink.SetOnExecute
 0001:000139F0       TBasicActionLink.Update
 0001:0001BC30       TBitmap.Assign
 0001:0001BE40       TBitmap.Changed
 0001:0001BE04       TBitmap.Changing
 0001:0001BD30       TBitmap.CopyImage
 0001:0001BB64       TBitmap.Create
 0001:0001BBE0       TBitmap.Destroy
 0001:0001C424       TBitmap.DIBNeeded
 0001:0001BE64       TBitmap.Dormant
 0001:0001BE88       TBitmap.Draw
 0001:0001C4F8       TBitmap.FreeContext
 0001:0001C12C       TBitmap.FreeImage
 0001:0001C200       TBitmap.GetCanvas
 0001:0001C1CC       TBitmap.GetEmpty
 0001:0001C268       TBitmap.GetHandle
 0001:0001C2A0       TBitmap.GetHandleType
 0001:0001C2F8       TBitmap.GetHeight
 0001:0001C31C       TBitmap.GetMaskHandle
 0001:0001C340       TBitmap.GetMonochrome
 0001:0001C37C       TBitmap.GetPalette
 0001:0001C3A0       TBitmap.GetTransparentColor
 0001:0001C408       TBitmap.GetWidth
 0001:0001C518       TBitmap.HandleNeeded
 0001:0001C6E4       TBitmap.LoadFromClipboardFormat
 0001:0001C77C       TBitmap.LoadFromStream
 0001:0001C544       TBitmap.MaskHandleNeeded
 0001:0001C7AC       TBitmap.NewImage
 0001:0001C5D4       TBitmap.PaletteNeeded
 0001:0001C8B8       TBitmap.ReadData
 0001:0001C8E8       TBitmap.ReadDIB
 0001:0001CE60       TBitmap.ReadStream
 0001:0001D7BC       TBitmap.SaveToClipboardFormat
 0001:0001D79C       TBitmap.SaveToStream
 0001:0001CED4       TBitmap.SetHandle
 0001:0001CFC0       TBitmap.SetHandleType
 0001:0001D18C       TBitmap.SetHeight
 0001:0001D1FC       TBitmap.SetMonochrome
 0001:0001D2A8       TBitmap.SetPalette
 0001:0001D3B4       TBitmap.SetWidth
 0001:0001D424       TBitmap.WriteData
 0001:0001D444       TBitmap.WriteStream
 0001:0001AD94       TBitmapCanvas.Create
 0001:0001AED0       TBitmapCanvas.CreateHandle
 0001:0001ADE4       TBitmapCanvas.Destroy
 0001:0001AE20       TBitmapCanvas.FreeContext
 0001:0001B01C       TBitmapImage.Destroy
 0001:0001B09C       TBitmapImage.FreeHandle
 0001:0000D16C       TBits.Destroy
 0001:0000D1A8       TBits.Error
 0001:0000D2F4       TBits.OpenBit
 0001:0000D2C8       TBits.SetBit
 0001:0000D1F4       TBits.SetSize
 0001:000168C0       TBrush.Assign
 0001:00016840       TBrush.Create
 0001:0001688C       TBrush.Destroy
 0001:00016A28       TBrush.GetColor
 0001:00016968       TBrush.GetData
 0001:00016A7C       TBrush.GetHandle
 0001:00016B70       TBrush.GetStyle
 0001:000169F4       TBrush.SetBitmap
 0001:00016A44       TBrush.SetColor
 0001:000169A0       TBrush.SetData
 0001:00016B8C       TBrush.SetStyle
 0001:00023BAC       TButton.Click
 0001:00023DD8       TButton.CMDialogChar
 0001:00023D4C       TButton.CMDialogKey
 0001:00023E6C       TButton.CMFocusChanged
 0001:00023D24       TButton.CNCommand
 0001:00023B30       TButton.Create
 0001:00023CB4       TButton.CreateParams
 0001:00023D00       TButton.CreateWnd
 0001:00023BF8       TButton.SetButtonStyle
 0001:00023C60       TButton.SetDefault
 0001:00023BE4       TButton.UseRightToLeftAlignment
 0001:00023EDC       TButton.WMEraseBkgnd
 0001:00023880       TButtonActionLink.AssignClient
 0001:000238B0       TButtonActionLink.IsCheckedLinked
 0001:00023900       TButtonActionLink.SetChecked
 0001:000239D4       TButtonControl.ActionChange
 0001:0002396C       TButtonControl.Create
 0001:00023A30       TButtonControl.GetActionLinkClass
 0001:00023A48       TButtonControl.GetChecked
 0001:00023A5C       TButtonControl.IsCheckedStored
 0001:00023A90       TButtonControl.SetChecked
 0001:00023AA0       TButtonControl.WndProc
 0001:000661A8       TByteDetected.Create
 0001:000661F4       TByteDetected.Destroy
 0001:00066230       TByteDetected.FromSampl
 0001:00066264       TByteDetected.ToSampl
 0001:000178EC       TCanvas.BrushChanged
 0001:0001773C       TCanvas.Changed
 0001:00017718       TCanvas.Changing
 0001:00016D50       TCanvas.CopyRect
 0001:00016BC8       TCanvas.Create
 0001:000177E4       TCanvas.CreateBrush
 0001:00017760       TCanvas.CreateFont
 0001:000175FC       TCanvas.CreateHandle
 0001:000177A0       TCanvas.CreatePen
 0001:00017584       TCanvas.DeselectHandles
 0001:00016CD8       TCanvas.Destroy
 0001:00016E00       TCanvas.Draw
 0001:00016EC4       TCanvas.DrawFocusRect
 0001:00016F08       TCanvas.FillRect
 0001:00017884       TCanvas.FontChanged
 0001:000170FC       TCanvas.GetCanvasOrientation
 0001:0001751C       TCanvas.GetClipRect
 0001:00017550       TCanvas.GetHandle
 0001:0001742C       TCanvas.GetPenPos
 0001:00017488       TCanvas.GetPixel
 0001:00016F58       TCanvas.LineTo
 0001:00016FA4       TCanvas.Lock
 0001:00016FD4       TCanvas.MoveTo
 0001:000178B8       TCanvas.PenChanged
 0001:00017010       TCanvas.Polyline
 0001:0001705C       TCanvas.Rectangle
 0001:00017684       TCanvas.RequiredState
 0001:0001740C       TCanvas.SetBrush
 0001:000173CC       TCanvas.SetFont
 0001:00017608       TCanvas.SetHandle
 0001:000173EC       TCanvas.SetPen
 0001:00017460       TCanvas.SetPenPos
 0001:000174C8       TCanvas.SetPixel
 0001:000170B0       TCanvas.StretchDraw
 0001:00017294       TCanvas.TextExtent
 0001:00017314       TCanvas.TextHeight
 0001:00017138       TCanvas.TextOut
 0001:000171D8       TCanvas.TextRect
 0001:000172EC       TCanvas.TextWidth
 0001:0001733C       TCanvas.TryLock
 0001:0001739C       TCanvas.Unlock
 0001:0003BDD0       TChangeLink.Change
 0001:0003BD88       TChangeLink.Destroy
 0001:00025B1C       TClipboard.Adding
 0001:00025FDC       TClipboard.Assign
 0001:00025F58       TClipboard.AssignGraphic
 0001:00025ED4       TClipboard.AssignPicture
 0001:00025E5C       TClipboard.AssignTo
 0001:00025D84       TClipboard.AssignToBitmap
 0001:00025DF0       TClipboard.AssignToMetafile
 0001:00025CC0       TClipboard.AssignToPicture
 0001:00025AD8       TClipboard.Clear
 0001:00025B48       TClipboard.Close
 0001:00025C40       TClipboard.GetAsText
 0001:00025B8C       TClipboard.Open
 0001:00025C08       TClipboard.WndProc
 0001:000194F0       TClipboardFormats.Add
 0001:00019420       TClipboardFormats.Create
 0001:000194B4       TClipboardFormats.Destroy
 0001:00019560       TClipboardFormats.FindFormat
 0001:0000D954       TCollection.Add
 0001:0000D978       TCollection.Assign
 0001:0000DA1C       TCollection.BeginUpdate
 0001:0000DA2C       TCollection.Changed
 0001:0000DA4C       TCollection.Clear
 0001:0000D8A4       TCollection.Create
 0001:0000D8FC       TCollection.Destroy
 0001:0000DAB4       TCollection.EndUpdate
 0001:0000DAE4       TCollection.GetAttr
 0001:0000DACC       TCollection.GetAttrCount
 0001:0000DB28       TCollection.GetCount
 0001:0000DB44       TCollection.GetItem
 0001:0000DB00       TCollection.GetItemAttr
 0001:0000DB68       TCollection.GetNamePath
 0001:0000DC38       TCollection.GetPropName
 0001:0000DE94       TCollection.InsertItem
 0001:0000DF14       TCollection.RemoveItem
 0001:0000DF50       TCollection.SetItemName
 0001:0000DF60       TCollection.Update
 0001:0000D66C       TCollectionItem.Changed
 0001:0000D5E8       TCollectionItem.Create
 0001:0000D630       TCollectionItem.Destroy
 0001:0000D6EC       TCollectionItem.GetDisplayName
 0001:0000D6B4       TCollectionItem.GetIndex
 0001:0000D720       TCollectionItem.GetNamePath
 0001:0000D7E0       TCollectionItem.GetOwner
 0001:0000D7FC       TCollectionItem.SetCollection
 0001:0000D840       TCollectionItem.SetDisplayName
 0001:0000D85C       TCollectionItem.SetIndex
 0001:00053B68       TCommonDialog.Create
 0001:00053C58       TCommonDialog.DefaultHandler
 0001:00053BCC       TCommonDialog.Destroy
 0001:00053E5C       TCommonDialog.DoClose
 0001:00053E80       TCommonDialog.DoShow
 0001:00053CAC       TCommonDialog.MainWndProc
 0001:00053C14       TCommonDialog.MessageHook
 0001:00053D94       TCommonDialog.TaskModalDialog
 0001:00053D1C       TCommonDialog.WMDestroy
 0001:00053D48       TCommonDialog.WMInitDialog
 0001:00053D70       TCommonDialog.WMNCDestroy
 0001:00053D00       TCommonDialog.WndProc
 0001:00012DB4       TComponent.BeforeDestruction
 0001:0001358C       TComponent.ChangeName
 0001:00012CA4       TComponent.Create
 0001:000131B4       TComponent.DefineProperties
 0001:00012D00       TComponent.Destroy
 0001:00013008       TComponent.DestroyComponents
 0001:00013078       TComponent.Destroying
 0001:00013770       TComponent.ExecuteAction
 0001:00013468       TComponent.FindComponent
 0001:00012DD0       TComponent.FreeNotification
 0001:00013284       TComponent.GetChildOwner
 0001:0001329C       TComponent.GetChildParent
 0001:00013270       TComponent.GetChildren
 0001:000135AC       TComponent.GetComponent
 0001:000135EC       TComponent.GetComponentCount
 0001:000132B4       TComponent.GetNamePath
 0001:000132D4       TComponent.GetOwner
 0001:00013304       TComponent.GetParentComponent
 0001:0001325C       TComponent.HasParent
 0001:00012EC8       TComponent.Insert
 0001:00012F54       TComponent.InsertComponent
 0001:00013354       TComponent.Loaded
 0001:00013144       TComponent.Notification
 0001:00013840       TComponent.QueryInterface
 0001:00012E48       TComponent.ReadLeft
 0001:00013368       TComponent.ReadState
 0001:00012E68       TComponent.ReadTop
 0001:00012F0C       TComponent.Remove
 0001:00012FC0       TComponent.RemoveComponent
 0001:0001311C       TComponent.RemoveFreeNotification
 0001:000130D4       TComponent.RemoveNotification
 0001:000137E0       TComponent.SafeCallException
 0001:000132F0       TComponent.SetChildOrder
 0001:00013618       TComponent.SetComponentIndex
 0001:000136A4       TComponent.SetDesigning
 0001:000134D4       TComponent.SetName
 0001:0001331C       TComponent.SetParentComponent
 0001:0001370C       TComponent.SetReference
 0001:000137A8       TComponent.UpdateAction
 0001:00013340       TComponent.Updated
 0001:00013828       TComponent.UpdateRegistry
 0001:0001332C       TComponent.Updating
 0001:00013434       TComponent.ValidateContainer
 0001:00013458       TComponent.ValidateInsert
 0001:000133A0       TComponent.ValidateRename
 0001:00012E88       TComponent.WriteLeft
 0001:00013384       TComponent.WriteState
 0001:00012EA8       TComponent.WriteTop
 0001:00039604       TContainedAction.Destroy
 0001:0003986C       TContainedAction.Execute
 0001:0003964C       TContainedAction.GetIndex
 0001:00039698       TContainedAction.GetParentComponent
 0001:000396C8       TContainedAction.HasParent
 0001:00039684       TContainedAction.IsCategoryStored
 0001:000396F4       TContainedAction.ReadState
 0001:000397F0       TContainedAction.SetActionList
 0001:000397AC       TContainedAction.SetCategory
 0001:00039734       TContainedAction.SetIndex
 0001:00039834       TContainedAction.SetParentComponent
 0001:000398D8       TContainedAction.Update
 0001:0002DFD0       TControl.ActionChange
 0001:0002E4C8       TControl.AdjustSize
 0001:0002E288       TControl.AssignTo
 0001:0002C39C       TControl.BeginAutoDrag
 0001:0002C3C0       TControl.BeginDrag
 0001:0002BE78       TControl.BringToFront
 0001:0002D014       TControl.CalcDockSizes
 0001:0002CD5C       TControl.CanAutoSize
 0001:0002CD78       TControl.CanResize
 0001:0002B54C       TControl.Changed
 0001:0002B56C       TControl.ChangeScale
 0001:0002D684       TControl.CheckNewSize
 0001:0002D420       TControl.Click
 0001:0002B414       TControl.ClientToScreen
 0001:0002DC88       TControl.CMBiDiModeChanged
 0001:0002DBE8       TControl.CMColorChanged
 0001:0002DDEC       TControl.CMDesignHitTest
 0001:0002DBB8       TControl.CMEnabledChanged
 0001:0002DF68       TControl.CMFloat
 0001:0002DBD0       TControl.CMFontChanged
 0001:0002E5A0       TControl.CMHintShow
 0001:0002DD70       TControl.CMHitTest
 0001:0002DD8C       TControl.CMMouseEnter
 0001:0002DDBC       TControl.CMMouseLeave
 0001:0002DC4C       TControl.CMParentBiDiModeChanged
 0001:0002DC00       TControl.CMParentColorChanged
 0001:0002DCF0       TControl.CMParentFontChanged
 0001:0002DCB4       TControl.CMParentShowHintChanged
 0001:0002DD3C       TControl.CMSysFontChanged
 0001:0002DB74       TControl.CMVisibleChanged
 0001:0002CE74       TControl.ConstrainedResize
 0001:0002A6A0       TControl.Create
 0001:0002DE04       TControl.CreateFloatingDockSite
 0001:0002D4B0       TControl.DblClick
 0001:0002C79C       TControl.DefaultDockImage
 0001:0002D284       TControl.DefaultHandler
 0001:0002D3D0       TControl.DefineProperties
 0001:0002A7BC       TControl.Destroy
 0001:0002E0FC       TControl.DoActionChange
 0001:0002CDC0       TControl.DoCanAutoSize
 0001:0002CE34       TControl.DoCanResize
 0001:0002B050       TControl.Dock
 0001:0002C6FC       TControl.DockTrackNoTarget
 0001:0002CEBC       TControl.DoConstrainedResize
 0001:0002CD3C       TControl.DoConstraintsChange
 0001:0002E70C       TControl.DoContextPopup
 0001:0002B194       TControl.DoDock
 0001:0002C93C       TControl.DoDragMsg
 0001:0002C724       TControl.DoEndDock
 0001:0002C590       TControl.DoEndDrag
 0001:0002D524       TControl.DoMouseDown
 0001:0002D8D4       TControl.DoMouseUp
 0001:0002C768       TControl.DoStartDock
 0001:0002C55C       TControl.DoStartDrag
 0001:0002C498       TControl.DragCanceled
 0001:0002C518       TControl.DragDrop
 0001:0002C4A4       TControl.Dragging
 0001:0002C4C0       TControl.DragOver
 0001:0002C8F4       TControl.DrawDragDockImage
 0001:0002E500       TControl.DrawTextBiDiModeFlags
 0001:0002E554       TControl.DrawTextBiDiModeFlagsReadingOnly
 0001:0002C918       TControl.EraseDragDockImage
 0001:0002BB60       TControl.FontChanged
 0001:0002A9F4       TControl.GetAction
 0001:0002E12C       TControl.GetActionLinkClass
 0001:0002B204       TControl.GetBoundsRect
 0001:0002B31C       TControl.GetClientHeight
 0001:0002B370       TControl.GetClientOrigin
 0001:0002B290       TControl.GetClientRect
 0001:0002B2C8       TControl.GetClientWidth
 0001:0002C2F8       TControl.GetControlsAlignment
 0001:0002BFAC       TControl.GetDeviceContext
 0001:0002E394       TControl.GetDockEdge
 0001:0002A8A4       TControl.GetDragImages
 0001:0002A8BC       TControl.GetEnabled
 0001:0002E468       TControl.GetFloating
 0001:0002E4AC       TControl.GetFloatingDockSiteClass
 0001:0002BE28       TControl.GetMouseCapture
 0001:0002A8D8       TControl.GetPalette
 0001:0002A90C       TControl.GetParentComponent
 0001:0002D668       TControl.GetPopupMenu
 0001:0002BA78       TControl.GetText
 0001:0002B974       TControl.GetTextBuf
 0001:0002B950       TControl.GetTextLen
 0001:0002B9A4       TControl.GetUndockHeight
 0001:0002B9D8       TControl.GetUndockWidth
 0001:0002A8F0       TControl.HasParent
 0001:0002E580       TControl.InitiateAction
 0001:0002C19C       TControl.Invalidate
 0001:0002C110       TControl.InvalidateControl
 0001:0002AAF8       TControl.IsAnchorsStored
 0001:0002BC2C       TControl.IsBiDiModeStored
 0001:0002E144       TControl.IsCaptionStored
 0001:0002BD50       TControl.IsColorStored
 0001:0002E178       TControl.IsEnabledStored
 0001:0002BBE0       TControl.IsFontStored
 0001:0002E1AC       TControl.IsHintStored
 0001:0002E214       TControl.IsOnClickStored
 0001:0002BC0C       TControl.IsShowHintStored
 0001:0002E1E0       TControl.IsVisibleStored
 0001:0002E248       TControl.Loaded
 0001:0002CA4C       TControl.ManualDock
 0001:0002CC88       TControl.ManualFloat
 0001:0002D4DC       TControl.MouseDown
 0001:0002D7F8       TControl.MouseMove
 0001:0002D88C       TControl.MouseUp
 0001:0002AC38       TControl.Notification
 0001:0002A960       TControl.PaletteChanged
 0001:0002CFC8       TControl.Perform
 0001:0002C5D4       TControl.PositionDockRect
 0001:0002D350       TControl.ReadIsControl
 0001:0002AB8C       TControl.ReadState
 0001:0002C1E4       TControl.Refresh
 0001:0002C1F8       TControl.Repaint
 0001:0002AB3C       TControl.RequestAlign
 0001:0002AB60       TControl.Resize
 0001:0002B450       TControl.ScreenToClient
 0001:0002B48C       TControl.SendCancelMode
 0001:0002B4D4       TControl.SendDockNotification
 0001:0002AA4C       TControl.SetAction
 0001:0002AC90       TControl.SetAlign
 0001:0002AA20       TControl.SetAnchors
 0001:0002B710       TControl.SetAutoSize
 0001:0002BB24       TControl.SetBiDiMode
 0001:0002AD5C       TControl.SetBounds
 0001:0002B250       TControl.SetBoundsRect
 0001:0002B340       TControl.SetClientHeight
 0001:0002B804       TControl.SetClientSize
 0001:0002B2EC       TControl.SetClientWidth
 0001:0002BD14       TControl.SetColor
 0001:0002BDEC       TControl.SetCursor
 0001:0002AB20       TControl.SetDragMode
 0001:0002B918       TControl.SetEnabled
 0001:0002BBC0       TControl.SetFont
 0001:0002B014       TControl.SetHeight
 0001:0002AF60       TControl.SetLeft
 0001:0002BE44       TControl.SetMouseCapture
 0001:0002B748       TControl.SetName
 0001:0002B858       TControl.SetParent
 0001:0002BDAC       TControl.SetParentBiDiMode
 0001:0002BD6C       TControl.SetParentColor
[...]
  4672 0001:00063E55  4673 0001:00063E63  4674 0001:00063E71  4675 0001:00063E79
  4678 0001:00063E80  4679 0001:00063E8F  4680 0001:00063EA0  4683 0001:00063EA4
  4684 0001:00063EB3  4685 0001:00063ECD  4686 0001:00063ED5  4691 0001:00063EDC
  4692 0001:00063EE8  4693 0001:00063EF0  4694 0001:00063EF8  4696 0001:00063EFC
  4697 0001:00063F03  4698 0001:00063F13  4699 0001:00063F1E  4700 0001:00063F26
  4709 0001:00063F2C  4710 0001:00063F47  4711 0001:00063F51  4712 0001:00063F5A
  4713 0001:00063F7E  4718 0001:00063F84  4719 0001:00063FA4  4721 0001:00063FBA
  4722 0001:00063FC2  4723 0001:00063FCE  4724 0001:00063FE7  4725 0001:00063FF5
  4727 0001:00064007  4728 0001:00064023  4729 0001:0006403B  4725 0001:0006403E
  4731 0001:00064050  4735 0001:00064060  4736 0001:00064088  4739 0001:00064090
  4740 0001:0006409F  4742 0001:000640A8  4743 0001:000640BC  4745 0001:000640C5
  4746 0001:000640CD  4749 0001:000640DB  4750 0001:000640E9  4752 0001:000640F1
  4758 0001:000640F8  4759 0001:00064118  4760 0001:00064130  4762 0001:00064144
  4763 0001:0006414A  4765 0001:0006415C  4766 0001:0006416A  4767 0001:00064170
  4768 0001:00064172  4759 0001:00064175  4769 0001:0006417A  4770 0001:000641A1
  4778 0001:000641B4  4779 0001:000641C1  4780 0001:000641D1  4781 0001:000641E1
  4782 0001:000641E9  4784 0001:000641F0  4785 0001:000641FA  4787 0001:00064203
  4788 0001:0006421E  4790 0001:00064236  4791 0001:0006423F  4793 0001:00064250
  4794 0001:0006425D  4795 0001:0006426A  4791 0001:0006426D  4796 0001:00064273
  4799 0001:00064278  4800 0001:00064297  4801 0001:000642C9  4806 0001:000642D0
  4807 0001:000642DF  4808 0001:000642F1  4809 0001:00064316  4812 0001:0006431C
  4814 0001:00064325  4815 0001:00064335  4816 0001:0006434F  4817 0001:00064361
  4822 0001:00064368  4823 0001:00064374  4824 0001:00064386  4825 0001:000643AA
  4828 0001:000643B0  4829 0001:000643D3  4830 0001:00064405  4835 0001:0006440C
  4836 0001:0006441B  4837 0001:0006442D  4838 0001:00064442  4843 0001:00064448
  4844 0001:00064457  4845 0001:00064469  4846 0001:0006447E  4849 0001:00064484
  4850 0001:00064490  4851 0001:0006449E  4856 0001:000644A4  4857 0001:000644BF
  4858 0001:000644CC  4859 0001:000644EF  4863 0001:000644F4  4864 0001:00064500
  4865 0001:00064508  4866 0001:00064510  4868 0001:00064514  4869 0001:00064525
  4871 0001:00064531  4872 0001:00064544  4874 0001:00064552  4876 0001:0006455E
  4877 0001:00064571  4879 0001:0006457F  4881 0001:0006458B  4882 0001:0006459E
  4884 0001:000645AC  4885 0001:000645C8  4890 0001:000645CC  4891 0001:000645D9
  4892 0001:000645ED  4893 0001:000645F5  4895 0001:000645FC  4896 0001:0006460B
  4897 0001:0006461E  4898 0001:00064626  4899 0001:00064634  4902 0001:00064638
  4903 0001:00064647  4904 0001:0006465B  4905 0001:00064663  4906 0001:00064671
  4909 0001:00064678  4910 0001:00064688  4911 0001:0006469A  4912 0001:000646C4
  4915 0001:000646CC  4916 0001:000646EF  4917 0001:000646F7  4918 0001:00064705
  4920 0001:00064743  4922 0001:00064753  4923 0001:00064782  4927 0001:0006478C
  4928 0001:000647C0  4929 0001:000647CC  4930 0001:00064800  4931 0001:00064833
  4934 0001:0006483C  4935 0001:00064843  4936 0001:0006484C  4939 0001:00064850
  4940 0001:00064857  4941 0001:00064860  4946 0001:00064864  4947 0001:0006486D
  4949 0001:00064879  4950 0001:00064892  4952 0001:000648AA  4953 0001:000648C3
  4954 0001:000648E7  4955 0001:0006490B  4958 0001:00064910  4959 0001:0006491C
  4960 0001:00064928  4962 0001:0006493A  4963 0001:00064942  4965 0001:0006494C
  4968 0001:00064950  4969 0001:0006495F  4970 0001:0006497B  4971 0001:00064985
  4972 0001:000649B5  4979 0001:000649BC  4980 0001:000649CB  4981 0001:000649E9
  4982 0001:000649F9  4984 0001:000649FF  4985 0001:00064A17  4986 0001:00064A2D
  4988 0001:00064A40  4993 0001:00064A44  4994 0001:00064A50  4995 0001:00064A64
  4997 0001:00064A6A  4998 0001:00064A83  4999 0001:00064A95  5001 0001:00064AAC
  5006 0001:00064AB0  5007 0001:00064AC0  5008 0001:00064AD4  5009 0001:00064AF2
  5019 0001:00064AFC  5020 0001:00064B0B  5021 0001:00064B1F  5022 0001:00064B3D
  5030 0001:00064B44  5031 0001:00064B54  5032 0001:00064B6A  5033 0001:00064B77
  5034 0001:00064B84  5035 0001:00064B92  5043 0001:00064B9C  5044 0001:00064BAC
  5045 0001:00064BC2  5046 0001:00064BCF  5047 0001:00064BDC  5048 0001:00064BEA
  5055 0001:00064C24  5055 0001:00064C2B

Line numbers for NBFixSel(NBFixSel.pas) segment .text

    32 0001:00064DD0    33 0001:00064DF4    34 0001:00064E00    35 0001:00064E1A
    36 0001:00064E34    38 0001:00064E4E    40 0001:00064E71    41 0001:00064EA4
    42 0001:00064EDD    43 0001:00064F17    44 0001:00064F52    38 0001:00064F55
    45 0001:00064F80    49 0001:00064FC0    50 0001:00064FE3    52 0001:00065006
    53 0001:00065041    54 0001:0006507D    55 0001:000650B9    50 0001:000650BC
    56 0001:000650E7    61 0001:000650EC    62 0001:000650F8    63 0001:00065100
    65 0001:00065134    65 0001:0006513B

Line numbers for NBDigit(NBDigit.pas) segment .text

   164 0001:00065650   165 0001:00065672   166 0001:000656A9   176 0001:000656B0
   177 0001:000656CA   179 0001:000656DC   180 0001:000656F8   181 0001:00065719
   182 0001:00065724   183 0001:00065730   185 0001:0006576B   190 0001:00065780
   191 0001:0006578C   192 0001:00065794   193 0001:000657A2   196 0001:000657A8
   197 0001:000657B4   198 0001:000657C0   199 0001:000657D9   200 0001:000657E1
   201 0001:000657E9   202 0001:000657F1   214 0001:000657F8   215 0001:0006581B
   216 0001:00065831   218 0001:00065836   219 0001:00065855   220 0001:00065858
   221 0001:00065879   222 0001:0006589E   223 0001:000658A1   224 0001:000658AD
   225 0001:000658BF   226 0001:000658CD   230 0001:000658DB   231 0001:000658EF
   232 0001:000658FF   233 0001:0006590F   234 0001:00065924   236 0001:0006592F
   238 0001:00065944   239 0001:00065959   240 0001:0006596E   241 0001:0006597F
   244 0001:0006598E   245 0001:00065995   246 0001:000659A3   247 0001:000659B1
   248 0001:000659BF   249 0001:000659CF   250 0001:000659DD   251 0001:000659ED
   252 0001:00065A1D   253 0001:00065A24   254 0001:00065A34   256 0001:00065A51
   257 0001:00065A62   259 0001:00065A68   260 0001:00065A78   262 0001:00065A7F
   264 0001:00065A85   265 0001:00065A95   267 0001:00065A9C   269 0001:00065AAB
   270 0001:00065ABB   272 0001:00065AC2   274 0001:00065AD1   275 0001:00065AE1
   277 0001:00065AE8   279 0001:00065AF4   280 0001:00065B04   283 0001:00065B0B
   284 0001:00065B1D   285 0001:00065B28   287 0001:00065B3D   288 0001:00065B50
   289 0001:00065B65   290 0001:00065B76   292 0001:00065B85   293 0001:00065B93
   294 0001:00065BA1   295 0001:00065BAF   296 0001:00065BBF   297 0001:00065BCD
   298 0001:00065BDD   299 0001:00065C11   254 0001:00065C14   301 0001:00065C1D
   302 0001:00065C20   303 0001:00065C33   304 0001:00065C62   306 0001:00065C70
   307 0001:00065CA0   322 0001:00065CA8   323 0001:00065CC5   324 0001:00065CD7
   325 0001:00065CEE   326 0001:00065CFA   327 0001:00065D01   328 0001:00065D08
   329 0001:00065D27   330 0001:00065D39   332 0001:00065D58   333 0001:00065D7E
   334 0001:00065D85   335 0001:00065D99   336 0001:00065D9F   338 0001:00065DC6
   339 0001:00065DCC   340 0001:00065DD5   341 0001:00065DDB   342 0001:00065DE4
   343 0001:00065DEF   345 0001:00065DF5   346 0001:00065E03   348 0001:00065E11
   349 0001:00065E1D   351 0001:00065E3B   352 0001:00065E4B   353 0001:00065E7F
   354 0001:00065E8D   355 0001:00065E9D   356 0001:00065EBA   357 0001:00065ED7
   359 0001:00065EE5   360 0001:00065F08   361 0001:00065F14   330 0001:00065F17
   362 0001:00065F20   363 0001:00065F2C   364 0001:00065F60   372 0001:00065F6C
   373 0001:00065F75   375 0001:00065F8D   376 0001:00065FA3   378 0001:00065FAE
   380 0001:00065FC3   381 0001:00065FD9   382 0001:00065FEE   383 0001:00065FFF
   385 0001:0006600E   386 0001:00066020   387 0001:0006602E   388 0001:0006603C
   389 0001:0006604C   390 0001:0006605C   391 0001:00066076   393 0001:00066090
   394 0001:000660A0   395 0001:000660BA   396 0001:000660C7   397 0001:000660E1
   401 0001:000660EE   402 0001:000660FC   404 0001:0006610A   407 0001:00066110
   408 0001:0006612F   409 0001:0006613A   410 0001:0006615E   411 0001:0006616A
   412 0001:000661A3   417 0001:000661A8   418 0001:000661C0   419 0001:000661ED
   422 0001:000661F4   423 0001:00066205   424 0001:00066210   426 0001:0006622C
   434 0001:00066230   435 0001:00066239   436 0001:0006623E   437 0001:0006624A
   438 0001:0006625F   441 0001:00066264   442 0001:0006626D   443 0001:00066272
   444 0001:0006627E   446 0001:0006629C   449 0001:000662A0   450 0001:000662AC
   451 0001:000662C1   452 0001:000662CE   453 0001:000662E3   454 0001:000662F8
   455 0001:00066303   458 0001:00066308   459 0001:00066314   460 0001:00066322
   461 0001:00066330   462 0001:0006633E   463 0001:0006634C   466 0001:00066350
   467 0001:0006636F   468 0001:00066391   469 0001:000663B6   472 0001:000663BC
   473 0001:000663C8   474 0001:000663EF   475 0001:000663FD   478 0001:00066404
   479 0001:00066410   480 0001:00066422   481 0001:00066430   485 0001:00066434
   486 0001:00066440   487 0001:00066467   488 0001:00066475   491 0001:0006647C
   492 0001:00066488   493 0001:0006649A   494 0001:000664A8   500 0001:000664AC
   501 0001:000664CB   502 0001:000664E7   503 0001:00066506   504 0001:00066511
   505 0001:0006651D   506 0001:00066529   507 0001:00066559   510 0001:00066560
   511 0001:0006656C   512 0001:00066574   513 0001:0006657C   514 0001:00066584
   523 0001:00066588   524 0001:00066597   525 0001:000665A0   529 0001:000665B0
   530 0001:000665B5   531 0001:000665C6   532 0001:000665D8   530 0001:000665DE
   534 0001:000665E3   537 0001:000665EB   538 0001:000665F0   539 0001:00066604
   540 0001:00066616   538 0001:0006661C   542 0001:00066621   544 0001:00066629
   550 0001:00066634   551 0001:00066639   552 0001:0006664A   553 0001:0006665C
   551 0001:00066662   555 0001:00066667   558 0001:0006666F   559 0001:00066674
   560 0001:00066688   561 0001:0006669A   559 0001:000666A0   563 0001:000666A5
   565 0001:000666AD   567 0001:000666B6   569 0001:000666D0   573 0001:000666D4
   574 0001:000666DD   575 0001:000666E2   574 0001:000666F3   576 0001:000666F9
   579 0001:00066700   580 0001:0006670D   583 0001:00066715   584 0001:00066729
   585 0001:00066745   593 0001:0006674C   594 0001:00066755   595 0001:00066759
   596 0001:0006676D   597 0001:00066775   598 0001:0006677C   600 0001:00066780
   601 0001:0006678C   602 0001:000667C4   610 0001:000667C8   611 0001:000667D1
   612 0001:000667D5   613 0001:000667E9   614 0001:000667F5   615 0001:000667FC
   617 0001:00066800   618 0001:0006680C   619 0001:00066844   624 0001:00066848
   625 0001:00066851   626 0001:00066855   627 0001:00066863   628 0001:00066874
   629 0001:00066885   630 0001:00066896   631 0001:000668A7   632 0001:000668AE
   635 0001:000668B4   636 0001:000668BD   637 0001:000668C1   638 0001:000668CF
   639 0001:000668E0   640 0001:000668F1   641 0001:00066902   642 0001:00066913
   643 0001:0006691A   646 0001:00066920   647 0001:00066929   648 0001:0006692D
   649 0001:0006693B   650 0001:0006694C   651 0001:0006695D   652 0001:00066964
   664 0001:00066968   665 0001:00066984   666 0001:0006698C   667 0001:0006699D
   668 0001:000669A8   669 0001:000669B3   671 0001:000669BE   672 0001:000669D3
   673 0001:000669D9   675 0001:000669DF   677 0001:000669E7   678 0001:000669F3
   680 0001:000669F9   683 0001:000669FD   684 0001:00066A03   685 0001:00066A10
   686 0001:00066A16   687 0001:00066A23   688 0001:00066A29   690 0001:00066A36
   691 0001:00066A3C   693 0001:00066A49   694 0001:00066A53   695 0001:00066A59
   696 0001:00066A63   697 0001:00066A69   698 0001:00066A73   699 0001:00066A79
   701 0001:00066A83   706 0001:00066AB6   708 0001:00066ACF   709 0001:00066AFD
   712 0001:00066B60   713 0001:00066B6C   714 0001:00066B76   715 0001:00066B7E
   718 0001:00066B84   719 0001:00066BA7   720 0001:00066BDD   731 0001:00066BE4
   732 0001:00066C00   733 0001:00066C05   734 0001:00066C09   735 0001:00066C0E
   737 0001:00066C18   738 0001:00066C24   739 0001:00066C36   740 0001:00066C3E
   742 0001:00066C56   743 0001:00066C5B   744 0001:00066C5E   745 0001:00066C72
   748 0001:00066C7C   751 0001:00066C88   753 0001:00066C8E   754 0001:00066CA2
   755 0001:00066CAA   756 0001:00066CAE   760 0001:00066CB3   765 0001:00066CC7
   766 0001:00066CD9   768 0001:00066CDC   770 0001:00066CE2   771 0001:00066CE7
   774 0001:00066CEC   776 0001:00066D08   777 0001:00066D1D   779 0001:00066D2B
   780 0001:00066D37   781 0001:00066D54   782 0001:00066D7E   789 0001:00066D84
   790 0001:00066D8D   791 0001:00066D99   792 0001:00066DA4   793 0001:00066DA8
   794 0001:00066DB5   795 0001:00066DBC   797 0001:00066DC1   799 0001:00066DD4
   800 0001:00066DE5   802 0001:00066DEB   795 0001:00066DEE   803 0001:00066DF4
   804 0001:00066E02   811 0001:00066E08   812 0001:00066E11   813 0001:00066E22
   814 0001:00066E27   816 0001:00066E2C   817 0001:00066E54   818 0001:00066E57
   814 0001:00066E5A   819 0001:00066E60   820 0001:00066E6B   838 0001:00066E70
   839 0001:00066E76   840 0001:00066E7A   841 0001:00066E81   842 0001:00066E8A
   843 0001:00066E9A   844 0001:00066EA3   845 0001:00066EB3   847 0001:00066EBA
   848 0001:00066EC7   849 0001:00066ECD   850 0001:00066EDA   845 0001:00066EDD
   851 0001:00066EE3   852 0001:00066EE9   854 0001:00066EFA   860 0001:00066F48
   861 0001:00066F63   863 0001:00066F87   864 0001:00066FA7   865 0001:00066FB5
   867 0001:00066FCF   869 0001:00066FDB   870 0001:00066FEA   871 0001:00067003
   872 0001:00067024   873 0001:00067032   875 0001:0006704C   876 0001:00067051
   877 0001:0006705F   878 0001:0006706C   881 0001:00067071   882 0001:0006707E
   883 0001:00067094   884 0001:000670AA   885 0001:000670B8   887 0001:000670D2
   889 0001:000670DE   890 0001:000670ED   891 0001:00067106   892 0001:00067115
   893 0001:00067129   894 0001:0006713F   895 0001:00067155   896 0001:00067163
   898 0001:0006717D   899 0001:00067182   900 0001:00067190   901 0001:000671B9
   902 0001:000671D8   903 0001:000671E5   904 0001:00067212   908 0001:00067284
   909 0001:00067298   910 0001:000672AA   911 0001:000672D2   912 0001:000672E1
   913 0001:00067310   919 0001:00067314   921 0001:0006733A   922 0001:0006733E
   923 0001:00067345   925 0001:00067351   926 0001:00067360   927 0001:0006736F
   928 0001:0006738E   930 0001:00067397   931 0001:000673A4   932 0001:000673AF
   933 0001:000673B7   937 0001:000673C5   938 0001:000673D6   939 0001:000673E2
   940 0001:000673EB   941 0001:00067401   940 0001:00067419   942 0001:0006741E
   943 0001:00067438   948 0001:00067450   949 0001:00067462   951 0001:0006746B
   952 0001:00067478   953 0001:00067482   956 0001:00067487   957 0001:00067490
   959 0001:0006749A   961 0001:000674A8   962 0001:000674B1   964 0001:000674BF
   966 0001:000674C7   968 0001:000674D3   969 0001:000674E3   972 0001:000674FC
   974 0001:00067508   975 0001:00067518   979 0001:00067531   980 0001:00067543
   981 0001:00067551   982 0001:0006755D   984 0001:00067569   985 0001:00067576
   986 0001:00067580   988 0001:00067585   989 0001:00067592   990 0001:000675AD
   991 0001:000675B8   992 0001:000675E8   993 0001:000675F3   994 0001:00067603
  1002 0001:0006760A  1004 0001:00067619  1006 0001:00067626  1007 0001:00067633
  1008 0001:0006763D  1011 0001:00067642  1013 0001:00067651  1014 0001:00067654
  1016 0001:0006765E  1017 0001:0006766A  1018 0001:00067679  1019 0001:00067683
  1020 0001:000676A1  1021 0001:000676B0  1022 0001:000676C8  1023 0001:000676D4
  1024 0001:000676DB  1025 0001:00067726  1026 0001:0006772B  1027 0001:00067733
  1030 0001:00067741  1032 0001:00067749  1033 0001:00067756  1036 0001:00067761
  1037 0001:00067776  1038 0001:00067784  1039 0001:00067790  1041 0001:000677C7
  1047 0001:000678A4  1050 0001:000678C3  1051 0001:000678D0  1053 0001:000678DC
  1054 0001:000678ED  1055 0001:000678F9  1058 0001:0006792A  1059 0001:00067937
  1062 0001:00067939  1063 0001:00067946  1064 0001:0006794E  1066 0001:0006795A
  1067 0001:00067967  1068 0001:00067974  1069 0001:0006797F  1071 0001:00067989
  1072 0001:000679B2  1074 0001:000679DC  1075 0001:000679E9  1076 0001:000679F1
  1079 0001:00067A01  1080 0001:00067A30  1084 0001:00067B34  1085 0001:00067B4E
  1086 0001:00067B6F  1087 0001:00067B80  1088 0001:00067BB3  1091 0001:00067BC8
  1092 0001:00067BE7  1094 0001:00067BFC  1095 0001:00067C10  1099 0001:00067C1A
  1100 0001:00067C2E  1104 0001:00067C38  1105 0001:00067C4C  1109 0001:00067C56
  1113 0001:00067C68  1115 0001:00067C8A  1116 0001:00067CB2  1119 0001:00067CB8
  1120 0001:00067CC1  1121 0001:00067CD8  1125 0001:00067CDC  1126 0001:00067CF6
  1127 0001:00067D17  1129 0001:00067D4D  1135 0001:00067D64  1136 0001:00067D86
  1137 0001:00067D9B  1138 0001:00067DC2  1139 0001:00067DD2  1141 0001:00067DD8
  1142 0001:00067DEF  1143 0001:00067DFD  1144 0001:00067E0E  1147 0001:00067E27
  1149 0001:00067E49  1152 0001:00067E5C  1153 0001:00067E7B  1154 0001:00067E9E
  1155 0001:00067EC9  1159 0001:00067ED0  1160 0001:00067EF0  1162 0001:00067F0D
  1164 0001:00067F49  1165 0001:00067F5A  1167 0001:00067F5C  1160 0001:00067F5F
  1169 0001:00067F8A  1172 0001:00067F90  1173 0001:00067FAF  1174 0001:00067FB8
  1175 0001:00067FC4  1176 0001:00067FCF  1177 0001:00068004  1178 0001:0006800E
  1179 0001:00068033  1183 0001:00068038  1184 0001:00068057  1185 0001:00068060
  1186 0001:0006807A  1187 0001:00068092  1188 0001:000680C7  1189 0001:000680D1
  1190 0001:000680F6  1194 0001:000680FC  1195 0001:00068108  1196 0001:0006811A
  1197 0001:0006813C  1198 0001:0006814F  1199 0001:00068157  1200 0001:0006815F
  1205 0001:00068164  1206 0001:00068170  1207 0001:00068179  1208 0001:0006818B
  1209 0001:0006819D  1216 0001:000681A4  1217 0001:000681B0  1218 0001:000681B7
  1219 0001:000681BC  1221 0001:000681DA  1222 0001:000681EE  1224 0001:000681FB
  1225 0001:00068202  1227 0001:00068204  1219 0001:00068207  1228 0001:0006820C
  1229 0001:00068225  1230 0001:00068237  1231 0001:00068240  1239 0001:00068244
  1240 0001:00068253  1241 0001:0006825A  1242 0001:0006826A  1243 0001:00068276
  1244 0001:0006828C  1245 0001:00068293  1246 0001:00068298  1248 0001:000682B1
  1249 0001:000682C2  1251 0001:000682CC  1252 0001:000682D3  1254 0001:000682D5
  1246 0001:000682D8  1255 0001:000682DD  1256 0001:000682F4  1258 0001:00068301
  1259 0001:0006830A  1268 0001:00068310  1269 0001:00068345  1270 0001:00068359
  1271 0001:0006839A  1272 0001:000683BF  1273 0001:000683F1  1274 0001:00068407
  1275 0001:0006841E  1276 0001:00068428  1277 0001:00068432  1278 0001:00068446
  1279 0001:00068457  1282 0001:000684F8  1287 0001:00068550  1288 0001:00068578
  1289 0001:0006858E  1290 0001:000685A4  1291 0001:000685BB  1292 0001:000685C5
  1293 0001:000685CF  1294 0001:000685E9  1295 0001:00068606  1298 0001:0006869B
  1303 0001:000686DC  1304 0001:00068704  1305 0001:0006871A  1306 0001:00068730
  1307 0001:00068747  1308 0001:00068751  1309 0001:0006875B  1310 0001:00068775
  1311 0001:00068792  1312 0001:000687A1  1314 0001:000687B0  1316 0001:000687BD
  1318 0001:00068830  1319 0001:00068860  1323 0001:000688A0  1324 0001:000688AC
  1326 0001:000688B8  1327 0001:000688CA  1328 0001:000688DB  1329 0001:000688F7
  1330 0001:000688FF  1332 0001:00068934  1332 0001:0006893B

Line numbers for NBDigit2(C:\Program Files\Borland\Delphi5\Projects\EMUL\EMUL\RAIZE\Digit2\NBDigit2.dpr) segment .text

    20 0001:00068AD4    21 0001:00068AE4    22 0001:00068AF0    23 0001:00068B08
    24 0001:00068B20    25 0001:00068B2C

Bound resource files

c:\program files\borland\delphi5\Lib\CONTROLS.RES
NBFixSel.DFM
NBDigit.DFM
NBDigit2.RES
NBDigit2.drf


Program entry point at 0001:00068AD4
