
 Start         Length     Name                   Class
 0001:00000000 0005D580H .text                   CODE
 0002:00000000 00000F24H .data                   DATA
 0002:00000F24 000C94B5H .bss                    BSS


Detailed map of segments

 0001:00000000 00005260 C=CODE     S=.text    G=(none)   M=System   ACBP=A9
 0001:00005260 00000174 C=CODE     S=.text    G=(none)   M=SysInit  ACBP=A9
 0001:000053D4 00000AEC C=CODE     S=.text    G=(none)   M=Windows  ACBP=A9
 0001:00005EC0 00000038 C=CODE     S=.text    G=(none)   M=Messages ACBP=A9
 0001:00005EF8 000002C8 C=CODE     S=.text    G=(none)   M=SysConst ACBP=A9
 0001:000061C0 00004354 C=CODE     S=.text    G=(none)   M=SysUtils ACBP=A9
 0001:0000A514 00000040 C=CODE     S=.text    G=(none)   M=ActiveX  ACBP=A9
 0001:0000A554 000003B0 C=CODE     S=.text    G=(none)   M=Consts   ACBP=A9
 0001:0000A904 000005B8 C=CODE     S=.text    G=(none)   M=TypInfo  ACBP=A9
 0001:0000AEBC 00008E7F C=CODE     S=.text    G=(none)   M=Classes  ACBP=A9
 0001:00013D3C 0000A2BB C=CODE     S=.text    G=(none)   M=Graphics ACBP=A9
 0001:0001DFF8 00000240 C=CODE     S=.text    G=(none)   M=Contnrs  ACBP=A9
 0001:0001E238 00000190 C=CODE     S=.text    G=(none)   M=Commctrl ACBP=A9
 0001:0001E3C8 00000793 C=CODE     S=.text    G=(none)   M=MultiMon ACBP=A9
 0001:0001EB5C 00000038 C=CODE     S=.text    G=(none)   M=Imm      ACBP=A9
 0001:0001EB94 00000040 C=CODE     S=.text    G=(none)   M=Math     ACBP=A9
 0001:0001EBD4 00000038 C=CODE     S=.text    G=(none)   M=WinSpool ACBP=A9
 0001:0001EC0C 00000044 C=CODE     S=.text    G=(none)   M=Printers ACBP=A9
 0001:0001EC50 0000031F C=CODE     S=.text    G=(none)   M=FlatSB   ACBP=A9
 0001:0001EF70 00007D74 C=CODE     S=.text    G=(none)   M=StdCtrls ACBP=A9
 0001:00026CE4 00000094 C=CODE     S=.text    G=(none)   M=Clipbrd  ACBP=A9
 0001:00026D78 00000170 C=CODE     S=.text    G=(none)   M=StdActns ACBP=A9
 0001:00026EE8 00013050 C=CODE     S=.text    G=(none)   M=Controls ACBP=A9
 0001:00039F38 00001354 C=CODE     S=.text    G=(none)   M=ActnList ACBP=A9
 0001:0003B28C 00001880 C=CODE     S=.text    G=(none)   M=ImgList  ACBP=A9
 0001:0003CB0C 0000752F C=CODE     S=.text    G=(none)   M=Menus    ACBP=A9
 0001:0004403C 0000E573 C=CODE     S=.text    G=(none)   M=Forms    ACBP=A9
 0001:000525B0 00000038 C=CODE     S=.text    G=(none)   M=ShellAPI ACBP=A9
 0001:000525E8 00000038 C=CODE     S=.text    G=(none)   M=RegStr   ACBP=A9
 0001:00052620 00000038 C=CODE     S=.text    G=(none)   M=WinInet  ACBP=A9
 0001:00052658 00000038 C=CODE     S=.text    G=(none)   M=UrlMon   ACBP=A9
 0001:00052690 00000038 C=CODE     S=.text    G=(none)   M=ShlObj   ACBP=A9
 0001:000526C8 00000038 C=CODE     S=.text    G=(none)   M=CommDlg  ACBP=A9
 0001:00052700 00003270 C=CODE     S=.text    G=(none)   M=ExtCtrls ACBP=A9
 0001:00055970 00000038 C=CODE     S=.text    G=(none)   M=Dlgs     ACBP=A9
 0001:000559A8 00000C31 C=CODE     S=.text    G=(none)   M=Dialogs  ACBP=A9
 0001:000565DC 00000038 C=CODE     S=.text    G=(none)   M=RichEdit ACBP=A9
 0001:00056614 00000038 C=CODE     S=.text    G=(none)   M=ToolWin  ACBP=A9
 0001:0005664C 00000078 C=CODE     S=.text    G=(none)   M=ComStrs  ACBP=A9
 0001:000566C4 0000405C C=CODE     S=.text    G=(none)   M=ComCtrls ACBP=A9
 0001:0005A720 00000101 C=CODE     S=.text    G=(none)   M=Buttons  ACBP=A9
 0001:0005A824 00000160 C=CODE     S=.text    G=(none)   M=FileCtrl ACBP=A9
 0001:0005A984 00002A24 C=CODE     S=.text    G=(none)   M=ct       ACBP=A9
 0001:0005D3A8 000001D5 C=CODE     S=.text    G=(none)   M=CheckTracks ACBP=A9
 0002:00000000 000000A2 C=DATA     S=.data    G=DGROUP   M=System   ACBP=A9
 0002:000000A4 00000018 C=DATA     S=.data    G=DGROUP   M=SysInit  ACBP=A9
 0002:000000BC 000001F0 C=DATA     S=.data    G=DGROUP   M=SysUtils ACBP=A9
 0002:000002AC 00000010 C=DATA     S=.data    G=DGROUP   M=TypInfo  ACBP=A9
 0002:000002BC 0000005C C=DATA     S=.data    G=DGROUP   M=Classes  ACBP=A9
 0002:00000318 000002B4 C=DATA     S=.data    G=DGROUP   M=Graphics ACBP=A9
 0002:000005CC 00000004 C=DATA     S=.data    G=DGROUP   M=Printers ACBP=A9
 0002:000005D0 000000D4 C=DATA     S=.data    G=DGROUP   M=StdCtrls ACBP=A9
 0002:000006A4 0000012C C=DATA     S=.data    G=DGROUP   M=Controls ACBP=A9
 0002:000007D0 00000020 C=DATA     S=.data    G=DGROUP   M=ImgList  ACBP=A9
 0002:000007F0 000000EC C=DATA     S=.data    G=DGROUP   M=Menus    ACBP=A9
 0002:000008DC 0000013C C=DATA     S=.data    G=DGROUP   M=Forms    ACBP=A9
 0002:00000A18 00000014 C=DATA     S=.data    G=DGROUP   M=ExtCtrls ACBP=A9
 0002:00000A2C 000000B0 C=DATA     S=.data    G=DGROUP   M=Dialogs  ACBP=A9
 0002:00000ADC 00000064 C=DATA     S=.data    G=DGROUP   M=ComCtrls ACBP=A9
 0002:00000B40 0000002C C=DATA     S=.data    G=DGROUP   M=Buttons  ACBP=A9
 0002:00001000 000004CC C=BSS      S=.bss     G=DGROUP   M=System   ACBP=A9
 0002:000014CC 00000018 C=BSS      S=.bss     G=DGROUP   M=SysInit  ACBP=A9
 0002:000014E4 00000004 C=BSS      S=.bss     G=DGROUP   M=Windows  ACBP=A9
 0002:000014E8 00000004 C=BSS      S=.bss     G=DGROUP   M=Messages ACBP=A9
 0002:000014EC 00000004 C=BSS      S=.bss     G=DGROUP   M=SysConst ACBP=A9
 0002:000014F0 00000118 C=BSS      S=.bss     G=DGROUP   M=SysUtils ACBP=A9
 0002:00001608 00000004 C=BSS      S=.bss     G=DGROUP   M=ActiveX  ACBP=A9
 0002:0000160C 00000004 C=BSS      S=.bss     G=DGROUP   M=Consts   ACBP=A9
 0002:00001610 00000004 C=BSS      S=.bss     G=DGROUP   M=TypInfo  ACBP=A9
 0002:00001614 00000038 C=BSS      S=.bss     G=DGROUP   M=Classes  ACBP=A9
 0002:0000164C 00000060 C=BSS      S=.bss     G=DGROUP   M=Graphics ACBP=A9
 0002:000016AC 00000004 C=BSS      S=.bss     G=DGROUP   M=Contnrs  ACBP=A9
 0002:000016B0 0000000C C=BSS      S=.bss     G=DGROUP   M=Commctrl ACBP=A9
 0002:000016BC 00000031 C=BSS      S=.bss     G=DGROUP   M=MultiMon ACBP=A9
 0002:000016F0 00000004 C=BSS      S=.bss     G=DGROUP   M=Imm      ACBP=A9
 0002:000016F4 00000004 C=BSS      S=.bss     G=DGROUP   M=Math     ACBP=A9
 0002:000016F8 00000004 C=BSS      S=.bss     G=DGROUP   M=WinSpool ACBP=A9
 0002:000016FC 00000004 C=BSS      S=.bss     G=DGROUP   M=Printers ACBP=A9
 0002:00001700 00000034 C=BSS      S=.bss     G=DGROUP   M=FlatSB   ACBP=A9
 0002:00001734 00000004 C=BSS      S=.bss     G=DGROUP   M=StdCtrls ACBP=A9
 0002:00001738 0000000C C=BSS      S=.bss     G=DGROUP   M=Clipbrd  ACBP=A9
 0002:00001744 00000004 C=BSS      S=.bss     G=DGROUP   M=StdActns ACBP=A9
 0002:00001748 00000070 C=BSS      S=.bss     G=DGROUP   M=Controls ACBP=A9
 0002:000017B8 00000004 C=BSS      S=.bss     G=DGROUP   M=ActnList ACBP=A9
 0002:000017BC 00000004 C=BSS      S=.bss     G=DGROUP   M=ImgList  ACBP=A9
 0002:000017C0 00000010 C=BSS      S=.bss     G=DGROUP   M=Menus    ACBP=A9
 0002:000017D0 00000024 C=BSS      S=.bss     G=DGROUP   M=Forms    ACBP=A9
 0002:000017F4 00000004 C=BSS      S=.bss     G=DGROUP   M=ShellAPI ACBP=A9
 0002:000017F8 00000004 C=BSS      S=.bss     G=DGROUP   M=RegStr   ACBP=A9
 0002:000017FC 00000004 C=BSS      S=.bss     G=DGROUP   M=WinInet  ACBP=A9
 0002:00001800 00000004 C=BSS      S=.bss     G=DGROUP   M=UrlMon   ACBP=A9
 0002:00001804 00000004 C=BSS      S=.bss     G=DGROUP   M=ShlObj   ACBP=A9
 0002:00001808 00000004 C=BSS      S=.bss     G=DGROUP   M=CommDlg  ACBP=A9
 0002:0000180C 00000004 C=BSS      S=.bss     G=DGROUP   M=ExtCtrls ACBP=A9
 0002:00001810 00000004 C=BSS      S=.bss     G=DGROUP   M=Dlgs     ACBP=A9
 0002:00001814 00000038 C=BSS      S=.bss     G=DGROUP   M=Dialogs  ACBP=A9
 0002:0000184C 00000004 C=BSS      S=.bss     G=DGROUP   M=RichEdit ACBP=A9
 0002:00001850 00000004 C=BSS      S=.bss     G=DGROUP   M=ToolWin  ACBP=A9
 0002:00001854 00000004 C=BSS      S=.bss     G=DGROUP   M=ComStrs  ACBP=A9
 0002:00001858 0000000C C=BSS      S=.bss     G=DGROUP   M=ComCtrls ACBP=A9
 0002:00001864 00000030 C=BSS      S=.bss     G=DGROUP   M=Buttons  ACBP=A9
 0002:00001894 00000004 C=BSS      S=.bss     G=DGROUP   M=FileCtrl ACBP=A9
 0002:00001898 000C8C1C C=BSS      S=.bss     G=DGROUP   M=ct       ACBP=A9


  Address         Publics by Name

 0001:00004824       .
 0001:00004430       .
 0001:00004874       .
 0001:00009A8C       .
 0002:00000060       .
 0002:00001814       .01
 0002:00001744       .02
 0002:0000160C       .1
 0002:000014EC       .1
 0002:00001808       .1
 0002:00001804       .1
 0002:000017F4       .1
 0002:000017F8       .1
 0002:000014DC       .1
 0002:000016DC       .1
 0002:000017FC       .1
 0002:00001800       .1
 0002:000016F0       .1
 0002:00001720       .1
 0002:00001810       .1
 0002:000014E8       .1
 0002:00001854       .1
 0002:000016B0       .1
 0002:0000184C       .1
 0002:0000173C       .2
 0002:000C9B44       .2
 0002:000016F4       .2
 0002:00001750       .22
 0002:00001734       .22
 0002:00001428       .3
 0002:00001864       .3
 0002:00001608       .3
 0002:000014E4       .3
 0002:000016FC       .3
 0002:000016F8       .3
 0002:000017BC       .3
 0002:00001850       .4
 0002:000015F8       .44
 0002:00001858       .45
 0002:00001894       .5
 0002:00001610       .5
 0002:000017D8       .51
 0002:0000180C       .61
 0002:000017B8       .7
 0002:00001650       .81
 0002:0000161C       .84
 0002:000016AC       .9
 0002:000017C8       .9
 0001:00001924       @AbstractError
 0001:000020F0       @AfterConstruction
 0001:0000486D       @Append
 0001:00001F28       @AsClass
 0001:00004632       @Assign
 0001:00001A40       @AStrCmp
 0001:000020F8       @BeforeDestruction
 0001:000046D4       @BlockRead
 0001:00004738       @BlockWrite
 0001:00001F74       @CallDynaInst
 0001:00002098       @ClassCreate
 0001:000020E8       @ClassDestroy
 0001:0000479C       @Close
 0001:000034D8       @CopyArray
 0001:000033BC       @CopyRecord
 0001:000035E0       @Dispose
 0001:00002560       @DoneExcept
 0001:00003D60       @DynArrayAsg
 0001:00003D24       @DynArrayClear
 0001:00003B64       @DynArrayHigh
 0001:00003B5C       @DynArrayLength
 0001:00003D18       @DynArraySetLength
 0001:00002654       @ExceptionHandler
 0001:00001AB0       @FillChar
 0001:000033B0       @Finalize
 0001:000032C8       @FinalizeArray
 0001:0000329C       @FinalizeRecord
 0001:00001F8C       @FindDynaInst
 0001:000046AD       @Flush
 0001:00001CD4       @FpuInit
 0001:00001C10       @FpuMaskInit
 0001:000016FC       @FreeMem
 0001:000016E4       @GetMem
 0001:000052D8       @GetTls
 0001:00002A08       @Halt
 0001:000028E8       @Halt0
 0001:00002204       @HandleAnyException
 0001:000024B8       @HandleFinally
 0001:00002330       @HandleOnException
 0001:00005368       @InitExe
 0001:00003290       @Initialize
 0001:000031FC       @InitializeArray
 0001:000031D0       @InitializeRecord
 0001:00002844       @InitImports
 0001:00002828       @InitResStringImports
 0001:0000438C       @IntfAddRef
 0001:00004358       @IntfClear
 0001:00004370       @IntfCopy
 0001:00001F10       @IsClass
 0001:00001BE0       @isNECWindows
 0001:00002E54       @LStrAddRef
 0001:00002A44       @LStrArrayClr
 0001:00002A74       @LStrAsg
 0001:00002CA8       @LStrCat
 0001:00002CEC       @LStrCat3
 0001:00002D60       @LStrCatN
 0001:00002A20       @LStrClr
 0001:00002DB0       @LStrCmp
 0001:00002EA8       @LStrCopy
 0001:00002EE8       @LStrDelete
 0001:00002C50       @LStrFromArray
 0001:00002BC8       @LStrFromChar
 0001:00002BD8       @LStrFromPChar
 0001:00002B08       @LStrFromPCharLen
 0001:00002C08       @LStrFromPWChar
 0001:00002B38       @LStrFromPWCharLen
 0001:00002C44       @LStrFromString
 0001:00002C68       @LStrFromWStr
 0001:00002F30       @LStrInsert
 0001:00002AB8       @LStrLAsg
 0001:00002CA0       @LStrLen
 0001:00002F8C       @LStrPos
 0001:00002FD4       @LStrSetLength
 0001:00002E64       @LStrToPChar
 0001:00002C7C       @LStrToString
 0001:000035CC       @New
 0001:00002AE4       @NewAnsiString
 0001:00003174       @NewWideString
 0001:00004BA4       @Pow10
 0001:000019BC       @PStrCmp
 0001:00001970       @PStrCpy
 0001:00001940       @PStrNCat
 0001:0000198C       @PStrNCpy
 0001:0000250C       @RaiseAgain
 0001:000024F0       @RaiseExcept
 0001:000047D8       @ReadRec
 0001:00001714       @ReallocMem
 0001:00004975       @ResetFile
 0001:0000485F       @ResetText
 0001:0000498C       @RewritFile
 0001:00004866       @RewritText
 0001:00001918       @ROUND
 0001:00002A14       @RunError
 0001:000049AC       @Seek
 0001:000027F8       @StartExe
 0001:00002590       @TryFinallyExit
 0001:00001AD0       @ValLong
 0001:00003B38       @VarAddRef
 0001:0000398C       @VarCast
 0001:00003734       @VarClear
 0001:00003B30       @VarClr
 0001:00003778       @VarCopy
 0001:00003ABC       @VarFromLStr
 0001:00003AFC       @VarFromWStr
 0001:00003A80       @VarToLStr
 0001:00004B0B       @Write0Char
 0001:00004B74       @Write0CString
 0001:00004AD0       @Write0String
 0001:00004A2C       @WriteBytes
 0001:00004B5D       @WriteChar
 0001:00004B78       @WriteCString
 0001:00004AF7       @WriteLn
 0001:000049E0       @WriteRec
 0001:00004A97       @WriteSpaces
 0001:00004ADA       @WriteString
 0001:00003068       @WStrArrayClr
 0001:0000308C       @WStrAsg
 0001:00003050       @WStrClr
 0001:00003158       @WStrFromLStr
 0001:000030B0       @WStrFromPCharLen
 0001:00003134       @WStrFromPWCharLen
 0001:00003168       @WStrLen
 0001:0000318C       @WStrSetLength
 0001:00001BB4       @_CLenToPasStr
 0001:00001B9C       @_CToPasStr
 0001:00004688       @_Flush
 0001:000017B4       @_IOTest
 0001:00004EBE       @_lldiv
 0001:00004F36       @_lldivo
 0001:00004FB1       @_llmod
 0001:0000502B       @_llmodo
 0001:00004E78       @_llmul
 0001:00004E9B       @_llmulo
 0001:000050AB       @_llshl
 0001:00004F68       @_lludiv
 0001:0000505D       @_llumod
 0001:000050E3       @_llushr
 0001:000296EC       AbsMin
 0001:00008850       AbstractErrorHandler
 0002:00001018       AbstractErrorProc
 0002:00000100       AccessMode
 0001:000057E4       ActivateKeyboardLayout
 0002:00001778       ActiveDrag
 0001:0000A54C       ActiveX
 0001:0003B284       ActnList
 0001:0000041C       AddBlockAfter
 0001:0005CA08       AddEntry
 0001:00006D9C       AddExitProc
 0001:0000FBA0       AddFinished
 0001:0003E8BC       AddIn
 0001:000041A4       AddModuleUnloadProc
 0001:00004194       AddModuleUnloadProc
 0001:0000FBDC       AddNotFinished
 0001:0005BAC8       AddToLb
 0001:00017D88       AdjustColor
 0001:00054938       AdjustColors
 0001:00006F70       AdjustLineBreaks
 0001:000470AC       Adjustment
 0001:000057EC       AdjustWindowRectEx
 0002:000008C4       Alignments
 0002:00000618       Alignments
 0002:00000A20       Alignments
 0002:000008B4       Alignments
 0002:000005D8       Alignments
 0002:00000650       Alignments
 0002:00000B0C       AlignStyles
 0001:0004F47C       AlignWork
 0001:0002FE40       AlignWork
 0001:00046990       AllocateHWnd
 0001:00006D50       AllocMem
 0002:00001420       AllocMemCount
 0002:00001424       AllocMemSize
 0001:0001DDE0       AllocPatternBitmap
 0002:000C9B48       AluTable
 0002:000006AC       AnchorAlign
 0001:00006EDC       AnsiCompareText
 0001:00007324       AnsiLastChar
 0001:000057F4       AnsiLower
 0001:00006EA8       AnsiLowerCase
 0001:00008ED0       AnsiLowerCaseFileName
 0001:00008E98       AnsiPos
 0001:00043E64       AnsiSameCaption
 0001:00006F14       AnsiSameText
 0001:00006F50       AnsiStrLIComp
 0001:00008F5C       AnsiStrPos
 0001:00008FFC       AnsiStrRScan
 0001:00009024       AnsiStrScan
 0001:00003814       AnyChangeType
 0002:000017D0       Application
 0002:00000A10       AppVisible
 0001:00008834       AssertErrorHandler
 0002:00001014       AssertErrorProc
 0001:0000AB8C       AssignLongStr
 0001:0000AD94       AssignVariant
 0001:0000ABE8       AssignWideStr
 0002:00001474       avail
 0001:00007494       BackfillGetDiskFreeSpaceEx
 0001:0002CCF4       BackgroundClipped
 0001:000057FC       BeginDeferWindowPos
 0001:0000C974       BeginGlobalLoading
 0001:00005804       BeginPaint
 0001:00017DB0       BetterSize
 0001:0003F760       BiDiDraw
 0001:000055D4       BitBlt
 0002:00000B40       BitBtnCaptions
 0002:00001868       BitBtnGlyphs
 0002:00000580       BitmapCanvasList
 0002:00001668       BitmapImageLock
 0002:000008F8       BlockCode
 0002:0000144C       blockDescBlockList
 0002:00001450       blockDescFreeList
 0002:000002AC       BooleanIdents
 0002:00000968       BorderStyles
 0002:000005D0       BorderStyles
 0002:00000A18       BorderStyles
 0001:0000C1D8       Bounds
 0002:0000085C       Breaks
 0002:000016A0       BrushManager
 0002:00001938       Buff
 0002:0000189C       BufH
 0001:00042680       BuildImage
 0002:00000A84       ButtonCaptions
 0002:00000A58       ButtonNames
 0002:000008D8       Buttons
 0001:0005A7FC       Buttons
 0002:00000648       ButtonStyles
 0002:00001820       ButtonWidths
 0001:00017424       BytesPerScanline
 0001:00017850       ByteSwapColors
 0001:00008DF0       ByteType
 0001:00008D78       ByteTypeTest
 0002:000002B8       C10000
 0001:00046858       CalcJmpOffset
 0001:000391C4       CalcSplitterPos
 0001:0000580C       CallNextHookEx
 0001:0000953C       CallTerminateProcs
 0001:00005814       CallWindowProc
 0001:0002A8F4       CancelDrag
 0002:000016A4       CanvasList
 0002:00001788       CanvasList
 0002:00000A30       Captions
 0002:00000764       CaptureControl
 0002:000007FC       cBooleanToItemAutoFlag
 0002:0000173A       CF_COMPONENT
 0002:00001738       CF_PICTURE
 0002:000013E8       ChangeAnyProc
 0001:00028AA0       ChangeBiDiModeAlignment
 0001:00003880       ChangeSourceAny
 0002:000005F8       CharCases
 0001:0000581C       CharLowerBuff
 0001:00000250       CharNext
 0001:000156F8       CharsetToIdent
 0001:000184AC       CheckBool
 0001:00002180       CheckJmp
 0001:00005824       CheckMenuItem
 0002:0000084C       Checks
 0001:0004672C       CheckTaskWindow
 0001:0005D538       CheckTracks
 0001:0002A5EC       CheckUndock
 0002:00000800       cItemAutoFlagToBoolean
 0002:000007F8       cItemAutoFlagToMenu
 0002:00001624       ClassAliasList
 0001:00013CC8       Classes
 0002:00001620       ClassList
 0001:0000C224       ClassNotFound
 0002:000013E4       ClearAnyProc
 0001:00014FC0       ClearColor
 0001:0000582C       ClientToScreen
 0001:0003612C       ClientToWindow
 0002:00000578       ClipboardFormats
 0001:00026D20       Clipbrd
 0001:000001F0       CloseHandle
 0001:000053EC       CloseHandle
 0002:0000102C       CmdLine
 0002:00001028       CmdShow
 0002:000007F4       cMenuAutoFlagToItem
 0002:00000348       Colors
 0001:00015490       ColorToIdent
 0001:00015460       ColorToRGB
 0002:000016B4       ComCtl32DLL
 0001:0005A718       ComCtrls
 0002:000017CC       CommandPool
 0001:0001E3C0       Commctrl
 0001:000526F8       CommDlg
 0001:000006FC       Commit
 0002:00001490       committedRoot
 0001:0003DCE4       CompareFront
 0001:00006E10       CompareMem
 0001:000053F4       CompareString
 0001:00006E30       CompareText
 0001:0001072C       ComponentCreated
 0001:000181A8       ComputeAldusChecksum
 0001:000566BC       ComStrs
 0001:0000A8FC       Consts
 0001:0001E230       Contnrs
 0002:00001756       ControlAtom
 0001:00039F14       Controls
 0001:000082F0       ConvertAddr
 0001:00006CF0       ConvertErrorFmt
 0001:00003B6C       CopyArray
 0001:0001ACF4       CopyBitmap
 0001:0001B3D4       CopyBitmapAsMask
 0001:000055DC       CopyEnhMetaFile
 0001:0001B35C       CopyPalette
 0001:000414E4       CopyToBest
 0002:00001680       CounterLock
 0001:00008778       CreateAssertException
 0001:00008910       CreateAVObject
 0001:000055E4       CreateBitmap
 0001:000055EC       CreateBrushIndirect
 0001:000055F4       CreateCompatibleBitmap
 0001:000055FC       CreateCompatibleDC
 0001:000107C0       CreateComponent
 0001:0000560C       CreateDIBitmap
 0001:00005604       CreateDIBSection
 0001:00007508       CreateDir
 0001:000053FC       CreateDirectory
 0001:00005404       CreateEvent
 0001:0000540C       CreateFile
 0001:000001F8       CreateFileA
 0001:00005614       CreateFontIndirect
 0001:0000561C       CreateHalftonePalette
 0001:00005834       CreateIcon
 0001:000086B4       CreateInOutError
 0001:0000583C       CreateMenu
 0001:00055CF8       CreateMessageDialog
 0001:00005624       CreatePalette
 0001:0000562C       CreatePenIndirect
 0001:00005844       CreatePopupMenu
 0001:00005634       CreateSolidBrush
 0001:000178A8       CreateSystemPalette
 0001:00005414       CreateThread
 0001:00005D5C       CreateWindow
 0001:0000584C       CreateWindowEx
 0002:000006A4       CreationControl
 0002:0000069C       CSHREDRAW
 0001:0005D3A0       ct
 0002:000007A0       Ctl3DStyles
 0002:00001488       curAlloc
 0002:000014F8       CurrencyDecimals
 0002:000014F4       CurrencyFormat
 0002:000014F0       CurrencyString
 0002:00000994       CursorMap
 0002:000006B4       Cursors
 0001:00028D94       CursorToIdent
 0002:000014F9       DateSeparator
 0002:00000344       DDBsOnly
 0001:00046A4C       DeallocateHWnd
 0002:00000008       DebugHook
 0002:000014F7       DecimalSeparator
 0001:00000790       Decommit
 0001:00000DAC       DecommitFree
 0002:00001464       decommittedRoot
 0001:00049D84       Default
 0001:0005017C       Default
 0002:00000000       Default8087CW
 0002:000006A8       DefaultDockTreeClass
 0002:00000548       DefBrushData
 0001:0000586C       DeferWindowPos
 0002:00000318       DefFontData
 0001:00005854       DefFrameProc
 0002:000001A4       DefLongDayNames
 0002:00000158       DefLongMonthNames
 0001:0000585C       DefMDIChildProc
 0002:00000528       DefPenData
 0002:00000188       DefShortDayNames
 0002:00000128       DefShortMonthNames
 0001:00005864       DefWindowProc
 0001:0000044C       DeleteBlock
 0001:0000541C       DeleteCriticalSection
 0001:000003BC       DeleteCriticalSection
 0001:0000563C       DeleteDC
 0001:00005644       DeleteEnhMetaFile
 0001:00000BF4       DeleteFree
 0001:00005874       DeleteMenu
 0001:0000564C       DeleteObject
 0001:0001A794       DeselectBitmap
 0001:0000587C       DestroyCursor
 0001:00005884       DestroyIcon
 0001:0005A720       DestroyLocals
 0001:0000588C       DestroyMenu
 0001:00005894       DestroyWindow
 0001:000565C0       Dialogs
 0002:00000584       DIBPalSizes
 0002:00000050       dig
 0001:0005A824       DirectoryExists
 0001:00046518       DisableTaskWindows
 0002:00001B40       DiskBuf
 0001:0000589C       DispatchMessage
 0001:0004DD70       DispatchShortCut
 0001:000559A0       Dlgs
 0001:0004F300       DoAlign
 0001:0002FCBC       DoAlign
 0001:00034E30       DoCalcConstraints
 0002:00001780       DockSiteList
 0001:00042358       DoClick
 0001:0003165C       DoControlMsg
 0001:000464A8       DoDisableWindow
 0001:00029E0C       DoDragOver
 0001:00006D70       DoExitProc
 0001:00036F64       DoFindControlZone
 0001:00046624       DoFindWindow
 0001:00037754       DoFindZone
 0001:00037008       DoForEach
 0001:00038FAC       DoGetNextLimit
 0001:0004646C       DoneApplication
 0001:00039D48       DoneControls
 0001:00008CB4       DoneExceptions
 0001:0004BCDC       DoNestedActivation
 0001:0002F8F4       DoPosition
 0001:0004F100       DoPosition
 0001:000382F0       DoPrune
 0001:00053E18       DoRect
 0001:00038978       DoSaveZone
 0001:00038BB4       DoSetNewBounds
 0002:000002B4       DotSep
 0001:0003C518       DoWrite
 0001:0000DB48       DoWrite
 0001:0002E010       DoWrite
 0001:00018754       DoWrite
 0001:00019544       DoWrite
 0002:00001764       DragCapture
 0002:00001758       DragControl
 0001:0002A66C       DragDone
 0001:00029DA0       DragFindTarget
 0001:00029D5C       DragFindWindow
 0002:00001760       DragFreeObject
 0002:0000177C       DragImageList
 0001:0002A25C       DragInit
 0001:0002A404       DragInitControl
 0001:00029CC0       DragMessage
 0002:0000175C       DragObject
 0002:00001770       DragSaveCursor
 0002:00001768       DragStartPos
 0002:00001774       DragThreshold
 0001:00029F2C       DragTo
 0001:000501B8       DrawAppIcon
 0001:00037DB8       DrawCloseButton
 0001:000058A4       DrawEdge
 0001:000058AC       DrawFocusRect
 0001:000058B4       DrawFrameControl
 0001:00037E10       DrawGrabberLine
 0001:000058BC       DrawIcon
 0001:000058C4       DrawIconEx
 0002:000007D8       DrawingStyles
 0001:000058CC       DrawMenuBar
 0001:00043BF8       DrawMenuItem
 0001:000058D4       DrawText
 0001:0001727C       DupBits
 0001:00003B84       DynArrayClear
 0001:00003B8C       DynArraySetLength
 0002:000008BC       EdgeStyle
 0002:00000790       EdgeStyles
 0001:00008688       EHeapException.FreeInstance
 0002:00000614       Empty
 0002:00001410       EmptyParam
 0002:000000BC       EmptyStr
 0001:000058DC       EnableMenuItem
 0002:00000854       Enables
 0001:000058E4       EnableScrollBar
 0001:000465D0       EnableTaskWindows
 0001:000058EC       EnableWindow
 0001:000058F4       EndDeferWindowPos
 0001:0000CA1C       EndGlobalLoading
 0001:000058FC       EndPaint
 0001:000003AC       EnterCriticalSection
 0001:00005424       EnterCriticalSection
 0001:0000542C       EnumCalendarInfoA
 0002:000016D8       EnumDisplayMonitors
 0001:00007F3C       EnumEraNames
 0001:00007F78       EnumEraYearOffsets
 0001:0004A34C       EnumMonitorsProc
 0001:00005904       EnumThreadWindows
 0001:0000FFB8       EnumValue
 0001:0000590C       EnumWindows
 0001:00005914       EqualRect
 0002:000015BC       EraNames
 0002:000015D8       EraYearOffsets
 0002:00000048       errCaption
 0001:0000F718       Error
 0001:0003D9EC       Error
 0001:00001770       Error
 0002:0000103C       ErrorAddr
 0001:00008734       ErrorHandler
 0002:000001C0       ErrorMap
 0002:00001004       ErrorProc
 0001:000082D8       ExceptAddr
 0002:00001008       ExceptClsProc
 0001:00008BD8       ExceptHandler
 0001:000084FC       Exception.Create
 0001:00008538       Exception.CreateFmt
 0001:000085B8       Exception.CreateRes
 0001:000085F4       Exception.CreateResFmt
 0002:00001010       ExceptionClass
 0001:000082FC       ExceptionErrorMessage
 0002:000001F8       ExceptMap
 0001:000082C0       ExceptObject
 0002:0000100C       ExceptObjProc
 0002:00001000       ExceptProc
 0001:00005654       ExcludeClipRect
 0001:00008E60       ExcludeTrailingBackslash
 0002:00001034       ExitCode
 0001:000028B4       ExitDll
 0002:00001038       ExitProc
 0001:00000258       ExitProcess
 0002:000000FC       ExitProcList
 0001:00007458       ExpandFileName
 0001:00055968       ExtCtrls
 0002:0000067C       ExtendSelects
 0001:00007410       ExtractFileExt
 0001:000073D8       ExtractFileName
 0001:000073A4       ExtractFilePath
 0002:00001740       FClipboard
 0001:00007228       FileClose
 0001:000071A0       FileCreate
 0001:0005A97C       FileCtrl
 0002:0000057C       FileFormats
 0002:00001046       FileMode
 0001:00007160       FileOpen
 0001:000071C4       FileRead
 0002:000002BC       FilerSignature
 0001:0000721C       FileSeek
 0001:00005434       FileTimeToDosDateTime
 0001:0000543C       FileTimeToLocalFileTime
 0001:000071F0       FileWrite
 0001:00000CDC       FillAfterGap
 0001:00000C88       FillBeforeGap
 0001:00000D74       FillerSizeAfterGap
 0001:00000D04       FillerSizeBeforeGap
 0001:0000591C       FillRect
 0001:0001E200       Finalization
 0001:00052620       Finalization
 0001:000565DC       Finalization
 0001:0001EBD4       Finalization
 0001:00052658       Finalization
 0001:0000AE64       Finalization
 0001:00052690       Finalization
 0001:000526C8       Finalization
 0001:00039EC0       Finalization
 0001:0005668C       Finalization
 0001:0005A6A0       Finalization
 0001:0005D3A8       Finalization
 0001:0001EB9C       Finalization
 0001:0001EB1C       Finalization
 0001:0005D370       Finalization
 0001:00055938       Finalization
 0001:000525E8       Finalization
 0001:0000A8CC       Finalization
 0001:0003B254       Finalization
 0001:0000A51C       Finalization
 0001:0001E390       Finalization
 0001:00055970       Finalization
 0001:0000A354       Finalization
 0001:00005100       Finalization
 0001:0005A94C       Finalization
 0001:00005E88       Finalization
 0001:0005253C       Finalization
 0001:0003CAD4       Finalization
 0001:00026EB0       Finalization
 0001:0001EB5C       Finalization
 0001:00026CE4       Finalization
 0001:00056564       Finalization
 0001:0005A7C4       Finalization
 0001:00026CAC       Finalization
 0001:0001EF30       Finalization
 0001:00005EC0       Finalization
 0001:00006188       Finalization
 0001:00043F6C       Finalization
 0001:0000539C       Finalization
 0001:00013C10       Finalization
 0001:000525B0       Finalization
 0001:0001EC0C       Finalization
 0001:00056614       Finalization
 0001:0001DE28       Finalization
 0001:00003B7C       FinalizeArray
 0001:00042098       Find
 0001:00003DDC       FindBS
 0001:0000C354       FindClass
 0001:00003DB0       FindClassHInstance
 0001:00007308       FindClose
 0001:00005444       FindClose
 0001:00000268       FindClose
 0001:00000C58       FindCommitted
 0001:00028B7C       FindControl
 0001:000379B8       FindControlAtPos
 0001:0002A95C       FindDragTarget
 0001:00010974       FindExistingComponent
 0001:00007294       FindFirst
 0001:0000544C       FindFirstFile
 0001:00000270       FindFirstFile
 0002:00001618       FindGlobalComponent
 0001:0004678C       FindGlobalComponent
 0001:00003D88       FindHInstance
 0001:0000C77C       FindIdentToInt
 0001:00007230       FindMatchingFile
 0002:0000181C       FindMsg
 0001:0000FA98       FindNestedComponent
 0001:000072E4       FindNext
 0001:00005454       FindNextFile
 0001:0003D99C       FindPopupControl
 0001:0000545C       FindResource
 0001:00003DB8       FindResourceHInstance
 0001:00051E3C       FindScanline
 0001:0004669C       FindTopMostWindow
 0001:000118FC       FindUniqueName
 0001:0002A90C       FindVCLWindow
 0001:00005924       FindWindow
 0001:00002738       FInitUnits
 0001:0001AC84       FixupBitFields
 0002:000008CC       Flags
 0002:00001604       FLanguages
 0001:0001EF60       FlatSB
 0002:00001700       FlatSB_EnableScrollBar
 0002:0000170C       FlatSB_GetScrollInfo
 0002:00001710       FlatSB_GetScrollPos
 0002:00001708       FlatSB_GetScrollRange
 0002:00001718       FlatSB_SetScrollInfo
 0002:00001714       FlatSB_SetScrollPos
 0001:0001EC50       FlatSB_SetScrollProp
 0002:0000171C       FlatSB_SetScrollRange
 0002:00001704       FlatSB_ShowScrollBar
 0001:0000A051       FloatToDecimal
 0001:00009AAE       FloatToText
 0001:00009D7E       FloatToTextFmt
 0001:00007C54       FmtStr
 0002:000008E4       FocusCount
 0002:000008E0       FocusMessages
 0002:00000498       FontCharsets
 0002:00001698       FontManager
 0001:0005A85C       ForceDirectories
 0001:00046758       ForegroundTask
 0002:00001898       Form1
 0001:00007C40       Format
 0001:000077E0       FormatBuf
 0001:000077D4       FormatClearStr
 0001:00007768       FormatError
 0002:00000120       FormatErrorStrs
 0001:00005464       FormatMessage
 0001:000077C0       FormatVarToStr
 0001:00052590       Forms
 0001:00004BA4       FPower10
 0002:000005CC       FPrinter
 0001:00053EF8       Frame3D
 0001:0000592C       FrameRect
 0001:00009728       FreeAndNil
 0001:000009C4       FreeCommitted
 0001:00000ECC       FreeCurAlloc
 0001:0002AA68       FreeDeviceContext
 0001:0002AB24       FreeDeviceContexts
 0001:00013B80       FreeIntConstList
 0001:0000546C       FreeLibrary
 0001:00000278       FreeLibrary
 0001:0001A6E8       FreeMemoryContexts
 0001:0004695C       FreeObjectInstance
 0001:00005474       FreeResource
 0001:00000644       FreeSpace
 0001:00009558       FreeTerminateProcs
 0001:000125D8       FreeThreadWindow
 0002:00001860       FRichEditModule
 0001:00017258       GDICheck
 0001:000171AC       GDIError
 0001:00005934       GetActiveWindow
 0001:0004F878       GetAnimation
 0001:000559D4       GetAveCharSize
 0001:0000565C       GetBitmapBits
 0001:000003C4       GetBlockDesc
 0001:00005664       GetBrushOrgEx
 0001:0000593C       GetCapture
 0001:00028E8C       GetCaptureControl
 0001:0000C294       GetClass
 0001:00005944       GetClassInfo
 0001:0000594C       GetClientRect
 0001:00005954       GetClipboardData
 0001:00019044       GetClipboardFormats
 0001:0000566C       GetClipBox
 0001:00000360       GetCmdShow
 0001:0003B414       GetColor
 0001:00000280       GetCommandLine
 0001:00000810       GetCommitted
 0001:000008A0       GetCommittedAt
 0001:00031084       GetControlAtPos
 0001:0000547C       GetCPInfo
 0001:00005674       GetCurrentPositionEx
 0001:00005484       GetCurrentProcessId
 0001:0000548C       GetCurrentThreadId
 0001:00004428       GetCurrentThreadId
 0001:00005CD8       GetCurrentTime
 0001:0000595C       GetCursor
 0001:00051E50       GetCursorHeightMargin
 0001:00005964       GetCursorPos
 0001:0000596C       GetDC
 0001:00005974       GetDCEx
 0001:0000567C       GetDCOrgEx
 0001:0001D994       GetDefFontCharSet
 0001:0000597C       GetDesktopWindow
 0001:00005694       GetDeviceCaps
 0001:00018478       GetDIB
 0001:00005684       GetDIBColorTable
 0001:0000568C       GetDIBits
 0001:00018394       GetDIBSizes
 0001:000173E8       GetDInColors
 0001:00005494       GetDiskFreeSpaceA
 0002:000000F8       GetDiskFreeSpaceEx
 0001:000390AC       GetDockAlign
 0001:00029AF4       GetDockSiteAtPos
 0001:00029E5C       GetDropCtl
 0001:00001F44       GetDynaMethod
 0001:0000569C       GetEnhMetaFileBits
 0001:000056A4       GetEnhMetaFileHeader
 0001:000056AC       GetEnhMetaFilePaletteEntries
 0001:0000A93C       GetEnumNameValue
 0001:0000A988       GetEnumValue
 0001:00007FF0       GetEraNamesAndYearOffsets
 0001:000088FC       GetExceptionClass
 0001:00008ADC       GetExceptionObject
 0001:0000C380       GetFieldClass
 0001:0000C218       GetFieldClassTable
 0001:0000549C       GetFileAttributes
 0001:00019018       GetFileFormats
 0001:0005ADC8       GetFiles
 0001:00000208       GetFileSize
 0001:0005AF9C       GetFileSizeHS
 0001:00000200       GetFileType
 0001:00005984       GetFocus
 0001:00015748       GetFontData
 0001:0000598C       GetForegroundWindow
 0001:0000911C       GetFormatSettings
 0001:000054A4       GetFullPathName
 0001:00014C24       GetHashCode
 0001:0004F618       GetHint
 0001:0004F660       GetHintControl
 0001:00043DD0       GetHotkey
 0001:00005994       GetIconInfo
 0001:000059AC       GetKeyboardLayout
 0001:000059B4       GetKeyboardLayoutList
 0001:000059BC       GetKeyboardState
 0001:00001BD8       GetKeyboardType
 0001:0000599C       GetKeyNameText
 0001:000059A4       GetKeyState
 0001:000059C4       GetLastActivePopup
 0001:00000288       GetLastError
 0001:000054AC       GetLastError
 0001:00007DB4       GetLocaleChar
 0001:000054B4       GetLocaleInfo
 0001:00000290       GetLocaleInfo
 0001:00007D68       GetLocaleStr
 0001:00028E38       GetLongHint
 0001:000059CC       GetMenu
 0001:0004C8DC       GetMenuHelpContext
 0001:000059D4       GetMenuItemCount
 0001:000059DC       GetMenuItemID
 0001:000059E4       GetMenuItemInfo
 0001:00040190       GetMenuSize
 0001:000059EC       GetMenuState
 0001:000059F4       GetMenuString
 0001:000054BC       GetModuleFileName
 0001:00005260       GetModuleFileName
 0001:00000298       GetModuleFileName
 0001:000002A0       GetModuleHandle
 0001:000054C4       GetModuleHandle
 0001:00005268       GetModuleHandle
 0002:000016D4       GetMonitorInfo
 0002:000016CC       GetMonitorInfoA
 0002:000016D0       GetMonitorInfoW
 0001:00007E18       GetMonthDayNames
 0001:000059FC       GetNextWindow
 0001:000056B4       GetObject
 0001:0005ADA8       GetOffsetByAlu
 0001:0000AA2C       GetOrdProp
 0001:000056BC       GetPaletteEntries
 0001:00001848       GetParamStr
 0001:00005A04       GetParent
 0001:00046C0C       GetParentForm
 0001:000056C4       GetPixel
 0001:000054CC       GetProcAddress
 0001:000002A8       GetProcAddress
 0001:00005A0C       GetProp
 0001:0000A9C0       GetPropInfo
 0001:000471E4       GetRealScrollPosition
 0001:0003B3D8       GetRGBColor
 0001:00005A14       GetScrollInfo
 0001:00005A1C       GetScrollPos
 0001:00005A24       GetScrollRange
 0001:00028DE4       GetShortHint
 0001:00000568       GetSpace
 0001:000005CC       GetSpaceAt
 0001:0003DA64       GetSpecialName
 0001:000002B0       GetStartupInfo
 0001:00000210       GetStdHandle
 0001:000056CC       GetStockObject
 0001:00005A2C       GetSubMenu
 0001:00005A34       GetSysColor
 0001:000054D4       GetSystemInfo
 0001:00005A3C       GetSystemMenu
 0002:000016BC       GetSystemMetrics
 0001:00005A44       GetSystemMetrics
 0001:000056D4       GetSystemPaletteEntries
 0001:000056E4       GetTextExtentPoint
 0001:000056DC       GetTextExtentPoint32
 0001:000056EC       GetTextMetrics
 0001:000054DC       GetThreadLocale
 0001:000002B8       GetThreadLocale
 0001:000054E4       GetTickCount
 0001:0004FEB4       GetTopMostWindows
 0001:00028FDC       GetTopParent
 0001:00005A4C       GetTopWindow
 0001:0000A930       GetTypeData
 0001:000054EC       GetVersion
 0001:000054F4       GetVersionEx
 0001:00005A54       GetWindow
 0001:00005A5C       GetWindowDC
 0001:00005A64       GetWindowLong
 0001:000056FC       GetWindowOrgEx
 0001:00005A6C       GetWindowPlacement
 0001:00005A74       GetWindowRect
 0001:00005A7C       GetWindowText
 0001:00005A84       GetWindowThreadProcessId
 0001:000056F4       GetWinMetaFileBits
 0001:000054FC       GlobalAddAtom
 0001:00005504       GlobalAlloc
 0001:00005CE4       GlobalAllocPtr
 0001:0000550C       GlobalDeleteAtom
 0002:0000162C       GlobalFixupList
 0001:0000FC30       GlobalFixupReferences
 0001:00005514       GlobalFree
 0001:00005D10       GlobalFreePtr
 0001:00005524       GlobalHandle
 0001:0000551C       GlobalLock
 0002:00001614       GlobalNameSpace
 0001:0000552C       GlobalReAlloc
 0001:00005CF4       GlobalReAllocPtr
 0001:00005534       GlobalUnlock
 0001:0001DEFC       Graphics
 0001:000110AC       HandleException
 0002:00001B3C       hd
 0002:00000004       HeapAllocFlags
 0002:00001430       heapErrorCode
 0002:00001434       heapLock
 0002:00001818       HelpMsg
 0002:000000F4       HexDisplayPrefix
 0002:00000604       HideSelections
 0002:000014D8       HInstance
 0002:000017E8       HintDoneEvent
 0001:0004F75C       HintGetMsgHook
 0002:000017EC       HintHook
 0001:0004F6FC       HintMouseThread
 0002:000017F0       HintThread
 0002:000017E4       HintThreadID
 0001:0004F6A8       HintTimerProc
 0002:000008DC       HintWindowClass
 0001:0004F7A0       HookHintHooks
 0001:00005D90       HwndMSWheel
 0002:00000870       IBreaks
 0002:0000087C       IChecks
 0002:00000A44       IconIDs
 0002:00000884       IDefaults
 0001:00015720       IdentToCharset
 0001:000154B8       IdentToColor
 0001:00028DBC       IdentToCursor
 0001:0000C814       IdentToInt
 0002:0000088C       IEnables
 0001:000414A0       IfHotkeyAvailable
 0001:0001E2EC       ImageList_Add
 0001:0001E30C       ImageList_AddIcon
 0001:0001E330       ImageList_BeginDrag
 0001:0001E2D4       ImageList_Create
 0001:0001E2DC       ImageList_Destroy
 0001:0001E340       ImageList_DragEnter
 0001:0001E348       ImageList_DragLeave
 0001:0001E350       ImageList_DragMove
 0001:0001E360       ImageList_DragShowNolock
 0001:0001E318       ImageList_Draw
 0001:0001E320       ImageList_DrawEx
 0001:0001E338       ImageList_EndDrag
 0001:0001E304       ImageList_GetBkColor
 0001:0001E368       ImageList_GetDragImage
 0001:0001E380       ImageList_GetIconSize
 0001:0001E2E4       ImageList_GetImageCount
 0001:0001E370       ImageList_Read
 0001:0001E328       ImageList_Remove
 0001:0001E2F4       ImageList_ReplaceIcon
 0001:0001E2FC       ImageList_SetBkColor
 0001:0001E358       ImageList_SetDragCursorImage
 0001:0001E388       ImageList_SetIconSize
 0001:0001E378       ImageList_Write
 0002:000007E8       Images
 0001:0003CB04       ImgList
 0001:0001EB8C       Imm
 0002:000007C4       IMM32DLL
 0001:00039D1C       Imm32IsIME
 0001:00005A8C       InflateRect
 0001:0005BE38       Info
 0001:00000A50       InitAllocator
 0001:0001E3C8       InitAnApi
 0002:000016E4       InitApis
 0001:0001E240       InitComCtl
 0001:000578C8       InitCommonControl
 0001:0001E238       InitCommonControls
 0001:0001E2A0       InitCommonControlsEx
 0001:0000CA90       InitComponent
 0002:000014A0       InitContext
 0001:00039DBC       InitControls
 0001:00046834       InitCtl3D
 0001:0001D9EC       InitDefFontData
 0001:00009578       InitDriveSpacePtr
 0001:00008BE8       InitExceptions
 0001:0001ECAC       InitFlatSB
 0001:00056414       InitGlobals
 0001:000181E8       InitializeBitmapInfoHeader
 0001:0000553C       InitializeCriticalSection
 0001:000003A4       InitializeCriticalSection
 0002:0000142C       initialized
 0001:0001EC84       InitializeFlatSB
 0001:0000531C       InitializeModule
 0001:0003997C       InitIMM32
 0001:0000CB44       InitInheritedComponent
 0001:0001EAB0       InitMultiMonStubs
 0001:00008D20       InitPlatformId
 0002:00001030       InitProc
 0001:0001D954       InitScreenLogPixels
 0001:00009064       InitSysLocale
 0001:00005288       InitThreadTLS
 0001:00002798       InitUnits
 0001:00028AC8       InitWndProc
 0002:00000770       InnerStyles
 0001:000017E4       InOutError
 0002:0000104C       Input
 0001:0002F860       InsertBefore
 0001:0004F06C       InsertBefore
 0001:00000E44       InsertFree
 0001:00041574       InsertHotkeyFarEastFormat
 0001:00005A94       InsertMenu
 0001:00005A9C       InsertMenuItem
 0002:000017DC       InstBlockList
 0002:000017E0       InstFreeList
 0002:00001628       IntConstList
 0002:00000684       IntegralHeights
 0001:00000358       InterlockedDecrement
 0001:00000350       InterlockedIncrement
 0001:00014BA0       InternalDeletePalette
 0001:00000CB8       InternalFreeMem
 0001:000183B8       InternalGetDIB
 0001:0001831C       InternalGetDIBSizes
 0001:0000C8D0       InternalReadComponentRes
 0001:00005704       IntersectClipRect
 0001:00005AA4       IntersectRect
 0001:000070D0       IntToHex
 0001:0000C874       IntToIdent
 0001:000070A0       IntToStr
 0001:00005AAC       InvalidateRect
 0001:00017134       InvalidBitmap
 0001:00017114       InvalidGraphic
 0001:00017140       InvalidIcon
 0001:0001714C       InvalidMetafile
 0001:000170F4       InvalidOperation
 0002:00001600       InvalidPointer
 0001:00001DFC       InvokeImplGetter
 0001:000017F0       IOResult
 0002:000008AC       IOwnerDraw
 0002:00000894       IRadios
 0002:000008A4       IRTL
 0001:00046B94       IsAccel
 0001:00042A80       IsAccelChar
 0001:00029850       IsBeforeTargetWindow
 0001:00005AB4       IsChild
 0002:00001044       IsConsole
 0001:00029D28       IsDelphiHandle
 0001:00005ABC       IsDialogMessage
 0002:0000089C       ISeparators
 0001:0000A514       IsEqualIID
 0001:00005AC4       IsIconic
 0001:00042B14       IsInitialChar
 0002:00001024       IsLibrary
 0002:00001045       IsMultiThread
 0001:00008E2C       IsPathDelimiter
 0001:00005ACC       IsRectEmpty
 0001:00029AA8       IsSiteChildOfClient
 0001:0000703C       IsValidIdent
 0001:00005AD4       IsWindow
 0001:00005ADC       IsWindowEnabled
 0001:00005AE4       IsWindowVisible
 0001:00005AEC       IsZoomed
 0001:0003DEA0       Iterate
 0001:0003DF0C       IterateMenus
 0002:0000000C       JITEnable
 0001:00046B28       KeyboardStateToShiftState
 0001:00046AE0       KeyDataToShiftState
 0001:00046A84       KeysToShiftState
 0001:00005AF4       KillTimer
 0001:00007354       LastDelimiter
 0002:000000D4       LeadBytes
 0001:00005544       LeaveCriticalSection
 0001:000003B4       LeaveCriticalSection
 0002:00000014       LibModuleList
 0001:0000570C       LineTo
 0001:0002A9B8       ListAdd
 0001:0002A9F0       ListRemove
 0002:000015F4       ListSeparator
 0001:00005AFC       LoadBitmap
 0001:00005B04       LoadCursor
 0001:0005C904       LoadFile
 0001:00005B0C       LoadIcon
 0001:00005B14       LoadKeyboardLayout
 0001:0000554C       LoadLibrary
 0001:000002C0       LoadLibraryEx
 0001:00005554       LoadResource
 0001:00003F98       LoadResourceModule
 0001:00004300       LoadResString
 0001:00005B1C       LoadString
 0001:000002C8       LoadString
 0001:0005CC84       LoadSyStem
 0001:00000384       LocalAlloc
 0001:00005270       LocalAlloc
 0001:0000038C       LocalFree
 0001:00007DDC       LocalGetLocaleStr
 0001:0005C180       LocateSectForAlu
 0001:0000555C       LockResource
 0002:00001500       LongDateFormat
 0002:00001594       LongDayNames
 0002:00001548       LongMonthNames
 0002:00001514       LongTimeFormat
 0001:000055CC       lstrcpy
 0001:000002D0       lstrcpy
 0001:000002D8       lstrcpyn
 0001:000002E0       lstrlen
 0002:0000101C       MainInstance
 0002:00001020       MainThreadID
 0001:00000414       MakeEmpty
 0001:00002864       MakeErrorMessage
 0002:000007B0       MakeLast
 0001:00005CCC       MakeLong
 0001:0004687C       MakeObjectInstance
 0001:00005D24       MakeROP4
 0001:0000887C       MapException
 0001:000025B4       MapToRunError
 0001:00005B24       MapVirtualKey
 0001:00005B2C       MapWindowPoints
 0002:000007D0       Mask
 0001:00005714       MaskBlt
 0001:0001EBCC       Math
 0001:000559A8       Max
 0001:0001EB94       Max
 0001:00049DD0       MaximizedChildren
 0002:0000001C       MemoryManager
 0002:00000804       MenuKeyCaps
 0001:00043FDC       Menus
 0001:00000464       MergeBlockAfter
 0001:00000F18       MergeCommit
 0001:00005B34       MessageBox
 0001:00000260       MessageBox
 0001:000562D4       MessageDlgPos
 0001:00056310       MessageDlgPosHelp
 0001:00005EF0       Messages
 0001:0000D4A8       Min
 0001:00038F80       Min
 0001:0002EFC4       MinVar
 0002:000016EC       MMAvailable
 0002:00000AB0       ModalResults
 0002:000007C8       ModeMap
 0001:0004C100       ModifySystemMenu
 0002:000000A4       Module
 0002:000014CD       ModuleIsCpp
 0002:000014CC       ModuleIsLib
 0001:00013BFC       ModuleUnload
 0002:00000018       ModuleUnloadList
 0002:000016C8       MonitorFromPoint
 0002:000016C4       MonitorFromRect
 0002:000016C0       MonitorFromWindow
 0002:00001748       Mouse
 0001:00001808       Move
 0001:0000571C       MoveToEx
 0001:0002AA2C       MoveWindowOrg
 0001:00005564       MulDiv
 0001:000002E8       MultiByteToWideChar
 0002:0000068C       MultiColumns
 0001:0001EB4C       MultiMon
 0002:00000674       MultiSelects
 0002:000014F5       NegCurrFormat
 0001:00000FA4       NewCommit
 0001:00000FD0       NewCommitAt
 0002:0000174C       NewStyleControls
 0002:000002C0       NilMethod
 0002:00000010       NoErrMsg
 0001:0003EED8       NormalDraw
 0001:0000216C       NotifyAnyExcept
 0001:00002144       NotifyExcept
 0001:000021A0       NotifyExceptFinally
 0001:0000C9D4       NotifyGlobalLoading
 0001:00004224       NotifyModuleUnload
 0001:00002124       NotifyNonDelphiException
 0001:00002158       NotifyOnExcept
 0001:00002108       NotifyReRaise
 0001:000021C8       NotifyTerminate
 0001:000021E4       NotifyUnhandled
 0001:00042324       NthParentOf
 0002:00001400       Null
 0002:0000060C       OEMConverts
 0001:00005B3C       OemToAnsi
 0001:00005B44       OffsetRect
 0001:0000367C       OleStrToStrVar
 0002:000007A8       OrientArray
 0002:00000780       OuterStyles
 0002:000015FC       OutOfMemory
 0001:00017158       OutOfResources
 0002:00001218       Output
 0001:0002674C       PaintListBox
 0002:0000058C       Pal16
 0001:0001504C       PaletteChanged
 0001:00017A7C       PaletteFromDIBColorTable
 0001:00017B5C       PaletteToDIBColorTable
 0002:00000588       PalSize
 0001:000018C0       ParamStr
 0001:00036B64       ParentNotLast
 0002:000005E8       Passwords
 0001:00005724       PatBlt
 0002:000016A8       PatternManager
 0001:00005B4C       PeekMessage
 0002:0000169C       PenManager
 0002:00000558       PenModes
 0002:00000538       PenStyles
 0001:0000572C       PlayEnhMetaFile
 0001:0000C154       Point
 0001:00005D44       PointToSmallPoint
 0001:00005734       Polyline
 0002:000017C0       PopupList
 0001:00005B54       PostMessage
 0001:00005B5C       PostQuitMessage
 0001:0005C1D0       Printentry
 0001:0001EC48       Printers
 0001:0004DB10       ProcessExecute
 0001:00046E5C       ProcessHorz
 0001:0004DC40       ProcessUpdate
 0001:00046EE0       ProcessVert
 0001:0000FFAC       PropertyNotFound
 0001:000111AC       PropPathError
 0002:00000934       Props
 0001:0000FFA0       PropValueError
 0001:00005B64       PtInRect
 0002:00001784       QualifyingSites
 0001:00008824       RaiseAssertException
 0001:00000218       RaiseException
 0001:00009494       RaiseLastWin32Error
 0001:00001764       RaiseList
 0002:00001040       RandSeed
 0001:00037B0C       ReadControlName
 0001:0005CFC8       ReadDirEntry
 0001:0000FF80       ReadError
 0001:0000556C       ReadFile
 0001:00000220       ReadFile
 0001:00017E5C       ReadIcon
 0002:000005F0       ReadOnlys
 0001:0001145C       ReadVariantProp
 0001:0000573C       RealizePalette
 0001:00010754       Recover
 0001:0000C1A0       Rect
 0001:0000574C       Rectangle
 0001:00005744       RectVisible
 0001:00005B6C       RedrawWindow
 0002:000013EC       RefAnyProc
 0001:000053D4       RegCloseKey
 0001:000002F0       RegCloseKey
 0001:0000C460       RegisterClass
 0001:00005B74       RegisterClass
 0001:0000C568       RegisterClasses
 0001:00005B7C       RegisterClipboardFormat
 0001:00029C50       RegisterDockSite
 0001:0000C744       RegisterIntegerConsts
 0001:00004280       RegisterModule
 0001:00005B84       RegisterWindowMessage
 0001:000053DC       RegOpenKeyEx
 0001:000002F8       RegOpenKeyEx
 0001:00000300       RegQueryValueEx
 0001:000053E4       RegQueryValueEx
 0001:00052618       RegStr
 0001:00005B8C       ReleaseCapture
 0001:00005B94       ReleaseDC
 0002:00001484       remBytes
 0001:000004D8       RemoveBlock
 0001:0000FE30       RemoveFixupReferences
 0001:0000FEEC       RemoveFixups
 0001:00010258       RemoveGlobalFixup
 0001:00005B9C       RemoveMenu
 0001:000041C4       RemoveModuleUnloadProc
 0001:0000419C       RemoveModuleUnloadProc
 0001:00005BA4       RemoveProp
 0001:00001450       ResizeInPlace
 0001:00005754       RestoreDC
 0001:0000DCCC       ReturnAddr
 0001:0003D9E0       ReturnAddr
 0001:0000CD40       ReturnAddr
 0001:000177A4       RGBQuadToTriple
 0001:00017730       RGBTripleToQuad
 0001:0005660C       RichEdit
 0002:00001480       rover
 0002:00000B38       RRStyles
 0002:00000ADC       RTFConversionFormat
 0002:00000B04       RTL
 0002:00000AFC       RTL
 0002:00000AF4       RTL
 0001:00000228       RtlUnwind
 0002:00000028       runErrMsg
 0001:000025A8       RunErrorAt
 0001:00009738       SafeLoadLibrary
 0001:00006E84       SameText
 0001:0000575C       SaveDC
 0001:0005D028       SaveFile
 0002:000017D4       Screen
 0002:00001654       ScreenLogPixels
 0001:00005BAC       ScreenToClient
 0002:00000630       ScrollBar
 0001:00047068       ScrollBarVisible
 0001:00005BB4       ScrollWindow
 0001:00001004       SearchSmallBlocks
 0001:00005764       SelectObject
 0001:0000576C       SelectPalette
 0001:00028BAC       SendAppMessage
 0001:000466F0       SendFocusMessage
 0001:00005BBC       SendMessage
 0002:00000868       Separators
 0001:00005BC4       SetActiveWindow
 0001:0004F8B0       SetAnimation
 0001:00005774       SetBkColor
 0001:0000577C       SetBkMode
 0001:00005784       SetBrushOrgEx
 0001:00005BCC       SetCapture
 0001:00028EC8       SetCaptureControl
 0001:00005BD4       SetClassLong
 0001:00057904       SetComCtlStyle
 0001:000108D4       SetCompName
 0001:00005BDC       SetCursor
 0001:0000578C       SetDIBColorTable
 0001:00005574       SetEndOfFile
 0001:00000230       SetEndOfFile
 0001:00005794       SetEnhMetaFileBits
 0001:0000557C       SetErrorMode
 0001:00005584       SetEvent
 0001:000026F0       SetExceptionHandler
 0001:00000238       SetFilePointer
 0001:0000558C       SetFilePointer
 0001:0000ACFC       SetFloatProp
 0001:00005BE4       SetFocus
 0001:00005BEC       SetForegroundWindow
 0001:00039C20       SetImeMode
 0001:000017D4       SetInOutRes
 0001:0000AE28       SetInt64Prop
 0001:000113C8       SetIntIdent
 0001:0000ABA8       SetLongStrProp
 0001:00005BF4       SetMenu
 0001:00005BFC       SetMenuItemInfo
 0001:0000ADF0       SetMethodProp
 0001:00011414       SetObjectIdent
 0001:0000AAA0       SetOrdProp
 0001:0000579C       SetPixel
 0001:00005C04       SetProp
 0001:00005C0C       SetRect
 0001:000057A4       SetROP2
 0001:00005C14       SetScrollInfo
 0001:00005C1C       SetScrollPos
 0001:00005C24       SetScrollRange
 0001:0000AAFC       SetShortStrProp
 0001:0000AB50       SetShortStrPropAsLongStr
 0001:000057AC       SetStretchBltMode
 0001:0000ACA4       SetStrProp
 0001:000057B4       SetTextColor
 0001:00005594       SetThreadLocale
 0001:00005C2C       SetTimer
 0001:0000ADB0       SetVariantProp
 0001:000057BC       SetViewportOrgEx
 0001:00051AC4       SetVisible
 0001:0000AC04       SetWideStrProp
 0001:0000AC44       SetWideStrPropAsLongStr
 0001:00005C34       SetWindowLong
 0001:000057CC       SetWindowOrgEx
 0001:00005C3C       SetWindowPlacement
 0001:00005C44       SetWindowPos
 0001:00005C54       SetWindowsHookEx
 0001:00005C4C       SetWindowText
 0001:000057C4       SetWinMetaFileBits
 0002:0000010C       ShareMode
 0001:000525E0       ShellAPI
 0002:0000185C       ShellModule
 0001:000526C0       ShlObj
 0001:0003DA14       ShortCut
 0002:000017C4       ShortCutItems
 0001:0003DAC4       ShortCutToText
 0002:000014FC       ShortDateFormat
 0002:00001578       ShortDayNames
 0002:00001518       ShortMonthNames
 0002:00001510       ShortTimeFormat
 0002:00000988       ShowCommands
 0002:0000097C       ShowCommands
 0002:00000970       ShowCommands
 0001:00005C5C       ShowCursor
 0001:0005C470       ShowEntry
 0001:00008484       ShowException
 0002:00000A14       ShowFlags
 0002:00000768       ShowFlags
 0001:00046400       ShowMDIClientEdge
 0001:000563C8       ShowMessage
 0001:000563E0       ShowMessagePos
 0001:00005C64       ShowOwnedPopups
 0001:00005C6C       ShowScrollBar
 0001:00005C74       ShowWindow
 0001:0004F8E0       ShowWinNoAnimate
 0002:000007BC       SizeCursors
 0001:0000559C       SizeofResource
 0001:00011F34       SkipBinary
 0001:00011ED4       SkipBytes
 0001:00011F5C       SkipCollection
 0001:00011EA8       SkipList
 0001:000055A4       Sleep
 0001:0000C178       SmallPoint
 0001:00005D30       SmallPointToPoint
 0002:0000148C       smallTab
 0002:0000066C       Sorteds
 0002:00001454       spaceRoot
 0001:00026EE0       StdActns
 0001:00026CDC       StdCtrls
 0001:00046838       StdWndProc
 0002:0000165C       StockBrush
 0002:00001660       StockFont
 0002:00001664       StockIcon
 0002:00001658       StockPen
 0001:0000770C       StrAlloc
 0001:00007720       StrBufSize
 0001:00008E14       StrByteType
 0001:0000762C       StrComp
 0001:0000758C       StrCopy
 0001:00007758       StrDispose
 0001:0003C3CC       StreamsEqual
 0001:0000753C       StrEnd
 0001:000057D4       StretchBlt
 0001:00007BD8       StrFmt
 0001:0000EEE4       StringListAnsiCompare
 0001:000036A0       StringToOleStr
 0001:00043CFC       StripHotkey
 0001:000075B4       StrLCopy
 0001:00007524       StrLen
 0001:00007C0C       StrLFmt
 0001:00007650       StrLIComp
 0001:00007550       StrMove
 0001:0000772C       StrNew
 0001:000075E8       StrPCopy
 0001:0000760C       StrPLCopy
 0001:000076B8       StrPos
 0001:00007698       StrScan
 0001:0000710C       StrToInt
 0001:00007148       StrToIntDef
 0002:0000095C       Styles
 0002:00000660       Styles
 0001:00000318       SysAllocStringLen
 0001:000061B8       SysConst
 0002:00000924       SysConsts
 0002:0000092C       SysConsts
 0001:00007D1C       SysErrorMessage
 0001:000012AC       SysFreeMem
 0001:00000328       SysFreeString
 0001:00001124       SysGetMem
 0001:000053CC       SysInit
 0002:000015B0       SysLocale
 0002:000018A4       SysParams
 0001:00001620       SysReallocMem
 0001:00000320       SysReAllocStringLen
 0001:00000330       SysStringLen
 0001:00005168       System
 0002:0000164C       SystemPalette16
 0001:000179D4       SystemPaletteOverride
 0001:00005C7C       SystemParametersInfo
 0001:0000A494       SysUtils
 0001:00057A50       TabControlError
 0002:00000694       TabStops
 0002:00000B2C       TabStyles
 0001:0003AA68       TActionLink.IsCaptionLinked
 0001:0003AA8C       TActionLink.IsCheckedLinked
 0001:0003AAB0       TActionLink.IsEnabledLinked
 0001:0003AAD4       TActionLink.IsHelpContextLinked
 0001:0003AAF8       TActionLink.IsHintLinked
 0001:0003AB1C       TActionLink.IsImageIndexLinked
 0001:0003AB40       TActionLink.IsShortCutLinked
 0001:0003AB64       TActionLink.IsVisibleLinked
 0001:0003AB88       TActionLink.SetCaption
 0001:0003AB98       TActionLink.SetChecked
 0001:0003ABA8       TActionLink.SetEnabled
 0001:0003ABB8       TActionLink.SetHelpContext
 0001:0003ABC8       TActionLink.SetHint
 0001:0003ABD8       TActionLink.SetImageIndex
 0001:0003ABE8       TActionLink.SetShortCut
 0001:0003ABFC       TActionLink.SetVisible
 0001:00052030       TApplication.ActivateHint
 0001:00050B24       TApplication.BringToFront
 0001:00051E04       TApplication.CancelHint
 0001:00050110       TApplication.CheckIniChange
 0001:0004FE10       TApplication.ControlDestroyed
 0001:0004F930       TApplication.Create
 0001:00051090       TApplication.CreateForm
 0001:0004FC44       TApplication.CreateHandle
 0001:0004FB20       TApplication.Destroy
 0001:00052408       TApplication.DispatchAction
 0001:0005170C       TApplication.DoActionIdle
 0001:00051788       TApplication.DoMouseIdle
 0001:0004FF34       TApplication.DoNormalizeTopMosts
 0001:000524B4       TApplication.ExecuteAction
 0001:00051688       TApplication.GetExeName
 0001:000508E4       TApplication.GetIconHandle
 0001:00050B80       TApplication.GetTitle
 0001:00051204       TApplication.HandleException
 0001:00050F20       TApplication.HandleMessage
 0001:00051660       TApplication.HelpCommand
 0001:00051638       TApplication.HelpContext
 0001:00051DB8       TApplication.HideHint
 0001:00051C40       TApplication.HintMouseMessage
 0001:00051D78       TApplication.HintTimerExpired
 0001:00050F48       TApplication.HookMainWindow
 0001:0005199C       TApplication.IconChanged
 0001:00051848       TApplication.Idle
 0001:00051070       TApplication.Initialize
 0001:000514D8       TApplication.InvokeHelp
 0001:00050BD8       TApplication.IsDlgMsg
 0001:00050D98       TApplication.IsHintMsg
 0001:00050C84       TApplication.IsKeyMsg
 0001:00050C18       TApplication.IsMDIMsg
 0001:00050DD8       TApplication.IsShortCut
 0001:000512A4       TApplication.MessageBox
 0001:0005091C       TApplication.Minimize
 0001:00050014       TApplication.NormalizeAllTopMosts
 0001:00050000       TApplication.NormalizeTopMosts
 0001:0005194C       TApplication.NotifyForms
 0001:00050E58       TApplication.ProcessMessage
 0001:000509F4       TApplication.Restore
 0001:00050028       TApplication.RestoreTopMosts
 0001:00051124       TApplication.Run
 0001:00051A18       TApplication.SetHint
 0001:000516A4       TApplication.SetShowHint
 0001:000513FC       TApplication.ShowException
 0001:00051BC4       TApplication.StartHintTimer
 0001:00051C14       TApplication.StopHintTimer
 0001:000511E8       TApplication.Terminate
 0001:00050FC0       TApplication.UnhookMainWindow
 0001:000524F0       TApplication.UpdateAction
 0001:00051B24       TApplication.UpdateVisible
 0001:000500E0       TApplication.UseRightToLeftAlignment
 0001:000500B0       TApplication.UseRightToLeftReading
 0001:00050204       TApplication.WndProc
 0002:000008E8       TaskActiveWindow
 0002:000008F0       TaskFirstTopMost
 0002:000008EC       TaskFirstWindow
 0002:000008F4       TaskWindowList
 0001:00029420       TBaseDragControlObject.Assign
 0001:000293DC       TBaseDragControlObject.Create
 0001:0002945C       TBaseDragControlObject.EndDrag
 0001:0002948C       TBaseDragControlObject.Finished
 0001:00013528       TBasicAction.Change
 0001:00013360       TBasicAction.Create
 0001:000133BC       TBasicAction.Destroy
 0001:00013454       TBasicAction.Execute
 0001:00013434       TBasicAction.ExecuteTarget
 0001:0001341C       TBasicAction.HandlesTarget
 0001:0001354C       TBasicAction.RegisterChanges
 0001:000134BC       TBasicAction.SetOnExecute
 0001:00013574       TBasicAction.UnRegisterChanges
 0001:00013488       TBasicAction.Update
 0001:00013444       TBasicAction.UpdateTarget
 0001:00013230       TBasicActionLink.AssignClient
 0001:00013288       TBasicActionLink.Change
 0001:000131E0       TBasicActionLink.Create
 0001:00013240       TBasicActionLink.Destroy
 0001:000132B0       TBasicActionLink.Execute
 0001:00013320       TBasicActionLink.IsOnExecuteLinked
 0001:000132D4       TBasicActionLink.SetAction
 0001:00013334       TBasicActionLink.SetOnExecute
 0001:00013340       TBasicActionLink.Update
 0001:0001B6CC       TBitmap.Assign
 0001:0001B8DC       TBitmap.Changed
 0001:0001B8A0       TBitmap.Changing
 0001:0001B7CC       TBitmap.CopyImage
 0001:0001B600       TBitmap.Create
 0001:0001B67C       TBitmap.Destroy
 0001:0001BEC0       TBitmap.DIBNeeded
 0001:0001B900       TBitmap.Dormant
 0001:0001B924       TBitmap.Draw
 0001:0001BF94       TBitmap.FreeContext
 0001:0001BBC8       TBitmap.FreeImage
 0001:0001BC9C       TBitmap.GetCanvas
 0001:0001BC68       TBitmap.GetEmpty
 0001:0001BD04       TBitmap.GetHandle
 0001:0001BD3C       TBitmap.GetHandleType
 0001:0001BD94       TBitmap.GetHeight
 0001:0001BDB8       TBitmap.GetMaskHandle
 0001:0001BDDC       TBitmap.GetMonochrome
 0001:0001BE18       TBitmap.GetPalette
 0001:0001BE3C       TBitmap.GetTransparentColor
 0001:0001BEA4       TBitmap.GetWidth
 0001:0001BFB4       TBitmap.HandleNeeded
 0001:0001C180       TBitmap.LoadFromClipboardFormat
 0001:0001C218       TBitmap.LoadFromStream
 0001:0001BFE0       TBitmap.MaskHandleNeeded
 0001:0001C248       TBitmap.NewImage
 0001:0001C070       TBitmap.PaletteNeeded
 0001:0001C354       TBitmap.ReadData
 0001:0001C384       TBitmap.ReadDIB
 0001:0001C8FC       TBitmap.ReadStream
 0001:0001D258       TBitmap.SaveToClipboardFormat
 0001:0001D238       TBitmap.SaveToStream
 0001:0001C970       TBitmap.SetHandle
 0001:0001CA5C       TBitmap.SetHandleType
 0001:0001CC28       TBitmap.SetHeight
 0001:0001CC98       TBitmap.SetMonochrome
 0001:0001CD44       TBitmap.SetPalette
 0001:0001CE50       TBitmap.SetWidth
 0001:0001CEC0       TBitmap.WriteData
 0001:0001CEE0       TBitmap.WriteStream
 0001:0001A830       TBitmapCanvas.Create
 0001:0001A96C       TBitmapCanvas.CreateHandle
 0001:0001A880       TBitmapCanvas.Destroy
 0001:0001A8BC       TBitmapCanvas.FreeContext
 0001:0001AAB8       TBitmapImage.Destroy
 0001:0001AB38       TBitmapImage.FreeHandle
 0001:0000D448       TBits.Destroy
 0001:0000D484       TBits.Error
 0001:0000D5D0       TBits.OpenBit
 0001:0000D5A4       TBits.SetBit
 0001:0000D4D0       TBits.SetSize
 0001:00016254       TBrush.Assign
 0001:000161D4       TBrush.Create
 0001:00016220       TBrush.Destroy
 0001:000163BC       TBrush.GetColor
 0001:000162FC       TBrush.GetData
 0001:00016410       TBrush.GetHandle
 0001:00016504       TBrush.GetStyle
 0001:00016388       TBrush.SetBitmap
 0001:000163D8       TBrush.SetColor
 0001:00016334       TBrush.SetData
 0001:00016520       TBrush.SetStyle
 0001:00024E7C       TButton.Click
 0001:000250A8       TButton.CMDialogChar
 0001:0002501C       TButton.CMDialogKey
 0001:0002513C       TButton.CMFocusChanged
 0001:00024FF4       TButton.CNCommand
 0001:00024E00       TButton.Create
 0001:00024F84       TButton.CreateParams
 0001:00024FD0       TButton.CreateWnd
 0001:00024EC8       TButton.SetButtonStyle
 0001:00024F30       TButton.SetDefault
 0001:00024EB4       TButton.UseRightToLeftAlignment
 0001:000251AC       TButton.WMEraseBkgnd
 0001:00024B50       TButtonActionLink.AssignClient
 0001:00024B80       TButtonActionLink.IsCheckedLinked
 0001:00024BD0       TButtonActionLink.SetChecked
 0001:00024CA4       TButtonControl.ActionChange
 0001:00024C3C       TButtonControl.Create
 0001:00024D00       TButtonControl.GetActionLinkClass
 0001:00024D18       TButtonControl.GetChecked
 0001:00024D2C       TButtonControl.IsCheckedStored
 0001:00024D60       TButtonControl.SetChecked
 0001:00024D70       TButtonControl.WndProc
 0001:000170C0       TCanvas.BrushChanged
 0001:00016F10       TCanvas.Changed
 0001:00016EEC       TCanvas.Changing
 0001:000166E4       TCanvas.CopyRect
 0001:0001655C       TCanvas.Create
 0001:00016FB8       TCanvas.CreateBrush
 0001:00016F34       TCanvas.CreateFont
 0001:00016DD0       TCanvas.CreateHandle
 0001:00016F74       TCanvas.CreatePen
 0001:00016D58       TCanvas.DeselectHandles
 0001:0001666C       TCanvas.Destroy
 0001:00016794       TCanvas.Draw
 0001:00016858       TCanvas.FillRect
 0001:00017058       TCanvas.FontChanged
 0001:000168A8       TCanvas.FrameRect
 0001:00016D24       TCanvas.GetHandle
 0001:00016C34       TCanvas.GetPenPos
 0001:00016C90       TCanvas.GetPixel
 0001:000168F8       TCanvas.LineTo
 0001:00016944       TCanvas.Lock
 0001:00016974       TCanvas.MoveTo
 0001:0001708C       TCanvas.PenChanged
 0001:000169B0       TCanvas.Polyline
 0001:000169FC       TCanvas.Rectangle
 0001:00016E58       TCanvas.RequiredState
 0001:00016C14       TCanvas.SetBrush
 0001:00016BD4       TCanvas.SetFont
 0001:00016DDC       TCanvas.SetHandle
 0001:00016BF4       TCanvas.SetPen
 0001:00016C68       TCanvas.SetPenPos
 0001:00016CD0       TCanvas.SetPixel
 0001:00016A50       TCanvas.StretchDraw
 0001:00016A9C       TCanvas.TextExtent
 0001:00016B1C       TCanvas.TextHeight
 0001:00016AF4       TCanvas.TextWidth
 0001:00016B44       TCanvas.TryLock
 0001:00016BA4       TCanvas.Unlock
 0001:0003CAAC       TChangeLink.Change
 0001:0003CA64       TChangeLink.Destroy
 0001:00018FA8       TClipboardFormats.Add
 0001:00018ED8       TClipboardFormats.Create
 0001:00018F6C       TClipboardFormats.Destroy
 0001:0000D8C4       TCollection.Add
 0001:0000D8E8       TCollection.Clear
 0001:00012704       TComponent.BeforeDestruction
 0001:00012EDC       TComponent.ChangeName
 0001:000125F4       TComponent.Create
 0001:00012B04       TComponent.DefineProperties
 0001:00012650       TComponent.Destroy
 0001:00012958       TComponent.DestroyComponents
 0001:000129C8       TComponent.Destroying
 0001:000130C0       TComponent.ExecuteAction
 0001:00012DB8       TComponent.FindComponent
 0001:00012720       TComponent.FreeNotification
 0001:00012BD4       TComponent.GetChildOwner
 0001:00012BEC       TComponent.GetChildParent
 0001:00012BC0       TComponent.GetChildren
 0001:00012EFC       TComponent.GetComponent
 0001:00012F3C       TComponent.GetComponentCount
 0001:00012C04       TComponent.GetNamePath
 0001:00012C24       TComponent.GetOwner
 0001:00012C54       TComponent.GetParentComponent
 0001:00012BAC       TComponent.HasParent
 0001:00012818       TComponent.Insert
 0001:000128A4       TComponent.InsertComponent
 0001:00012CA4       TComponent.Loaded
 0001:00012A94       TComponent.Notification
 0001:00013190       TComponent.QueryInterface
 0001:00012798       TComponent.ReadLeft
 0001:00012CB8       TComponent.ReadState
 0001:000127B8       TComponent.ReadTop
 0001:0001285C       TComponent.Remove
 0001:00012910       TComponent.RemoveComponent
 0001:00012A6C       TComponent.RemoveFreeNotification
 0001:00012A24       TComponent.RemoveNotification
 0001:00013130       TComponent.SafeCallException
 0001:00012C40       TComponent.SetChildOrder
 0001:00012F68       TComponent.SetComponentIndex
 0001:00012FF4       TComponent.SetDesigning
 0001:00012E24       TComponent.SetName
 0001:00012C6C       TComponent.SetParentComponent
 0001:0001305C       TComponent.SetReference
 0001:000130F8       TComponent.UpdateAction
 0001:00012C90       TComponent.Updated
 0001:00013178       TComponent.UpdateRegistry
 0001:00012C7C       TComponent.Updating
 0001:00012D84       TComponent.ValidateContainer
 0001:00012DA8       TComponent.ValidateInsert
 0001:00012CF0       TComponent.ValidateRename
 0001:000127D8       TComponent.WriteLeft
 0001:00012CD4       TComponent.WriteState
 0001:000127F8       TComponent.WriteTop
 0001:0003A2E0       TContainedAction.Destroy
 0001:0003A548       TContainedAction.Execute
 0001:0003A328       TContainedAction.GetIndex
 0001:0003A374       TContainedAction.GetParentComponent
 0001:0003A3A4       TContainedAction.HasParent
 0001:0003A360       TContainedAction.IsCategoryStored
 0001:0003A3D0       TContainedAction.ReadState
 0001:0003A4CC       TContainedAction.SetActionList
 0001:0003A488       TContainedAction.SetCategory
 0001:0003A410       TContainedAction.SetIndex
 0001:0003A510       TContainedAction.SetParentComponent
 0001:0003A5B4       TContainedAction.Update
 0001:0002EC50       TControl.ActionChange
 0001:0002F148       TControl.AdjustSize
 0001:0002EF08       TControl.AssignTo
 0001:0002D01C       TControl.BeginAutoDrag
 0001:0002D040       TControl.BeginDrag
 0001:0002CAF8       TControl.BringToFront
 0001:0002DC94       TControl.CalcDockSizes
 0001:0002D9DC       TControl.CanAutoSize
 0001:0002D9F8       TControl.CanResize
 0001:0002C1CC       TControl.Changed
 0001:0002C1EC       TControl.ChangeScale
 0001:0002E304       TControl.CheckNewSize
 0001:0002E0A0       TControl.Click
 0001:0002C094       TControl.ClientToScreen
 0001:0002E908       TControl.CMBiDiModeChanged
 0001:0002E868       TControl.CMColorChanged
 0001:0002EA6C       TControl.CMDesignHitTest
 0001:0002E838       TControl.CMEnabledChanged
 0001:0002EBE8       TControl.CMFloat
 0001:0002E850       TControl.CMFontChanged
 0001:0002F220       TControl.CMHintShow
 0001:0002E9F0       TControl.CMHitTest
 0001:0002EA0C       TControl.CMMouseEnter
 0001:0002EA3C       TControl.CMMouseLeave
 0001:0002E8CC       TControl.CMParentBiDiModeChanged
 0001:0002E880       TControl.CMParentColorChanged
 0001:0002E970       TControl.CMParentFontChanged
 0001:0002E934       TControl.CMParentShowHintChanged
 0001:0002E9BC       TControl.CMSysFontChanged
 0001:0002E7F4       TControl.CMVisibleChanged
 0001:0002DAF4       TControl.ConstrainedResize
 0001:0002B320       TControl.Create
 0001:0002EA84       TControl.CreateFloatingDockSite
 0001:0002E130       TControl.DblClick
 0001:0002D41C       TControl.DefaultDockImage
 0001:0002DF04       TControl.DefaultHandler
 0001:0002E050       TControl.DefineProperties
 0001:0002B43C       TControl.Destroy
 0001:0002ED7C       TControl.DoActionChange
 0001:0002DA40       TControl.DoCanAutoSize
 0001:0002DAB4       TControl.DoCanResize
 0001:0002BCD0       TControl.Dock
 0001:0002D37C       TControl.DockTrackNoTarget
 0001:0002DB3C       TControl.DoConstrainedResize
 0001:0002D9BC       TControl.DoConstraintsChange
 0001:0002F38C       TControl.DoContextPopup
 0001:0002BE14       TControl.DoDock
 0001:0002D5BC       TControl.DoDragMsg
 0001:0002D3A4       TControl.DoEndDock
 0001:0002D210       TControl.DoEndDrag
 0001:0002E1A4       TControl.DoMouseDown
 0001:0002E554       TControl.DoMouseUp
 0001:0002D3E8       TControl.DoStartDock
 0001:0002D1DC       TControl.DoStartDrag
 0001:0002D118       TControl.DragCanceled
 0001:0002D198       TControl.DragDrop
 0001:0002D124       TControl.Dragging
 0001:0002D140       TControl.DragOver
 0001:0002D574       TControl.DrawDragDockImage
 0001:0002F180       TControl.DrawTextBiDiModeFlags
 0001:0002F1D4       TControl.DrawTextBiDiModeFlagsReadingOnly
 0001:0002D598       TControl.EraseDragDockImage
 0001:0002C7E0       TControl.FontChanged
 0001:0002B674       TControl.GetAction
 0001:0002EDAC       TControl.GetActionLinkClass
 0001:0002BE84       TControl.GetBoundsRect
 0001:0002BF9C       TControl.GetClientHeight
 0001:0002BFF0       TControl.GetClientOrigin
 0001:0002BF10       TControl.GetClientRect
 0001:0002BF48       TControl.GetClientWidth
 0001:0002CF78       TControl.GetControlsAlignment
 0001:0002CC2C       TControl.GetDeviceContext
 0001:0002F014       TControl.GetDockEdge
 0001:0002B524       TControl.GetDragImages
 0001:0002B53C       TControl.GetEnabled
 0001:0002F0E8       TControl.GetFloating
 0001:0002F12C       TControl.GetFloatingDockSiteClass
 0001:0002CAA8       TControl.GetMouseCapture
 0001:0002B558       TControl.GetPalette
 0001:0002B58C       TControl.GetParentComponent
 0001:0002E2E8       TControl.GetPopupMenu
 0001:0002C6F8       TControl.GetText
 0001:0002C5F4       TControl.GetTextBuf
 0001:0002C5D0       TControl.GetTextLen
 0001:0002C624       TControl.GetUndockHeight
 0001:0002C658       TControl.GetUndockWidth
 0001:0002B570       TControl.HasParent
 0001:0002F200       TControl.InitiateAction
 0001:0002CE1C       TControl.Invalidate
 0001:0002CD90       TControl.InvalidateControl
 0001:0002B778       TControl.IsAnchorsStored
 0001:0002C8AC       TControl.IsBiDiModeStored
 0001:0002EDC4       TControl.IsCaptionStored
 0001:0002C9D0       TControl.IsColorStored
 0001:0002EDF8       TControl.IsEnabledStored
 0001:0002C860       TControl.IsFontStored
 0001:0002EE2C       TControl.IsHintStored
 0001:0002EE94       TControl.IsOnClickStored
 0001:0002C88C       TControl.IsShowHintStored
 0001:0002EE60       TControl.IsVisibleStored
 0001:0002EEC8       TControl.Loaded
 0001:0002D6CC       TControl.ManualDock
 0001:0002D908       TControl.ManualFloat
 0001:0002E15C       TControl.MouseDown
 0001:0002E478       TControl.MouseMove
 0001:0002E50C       TControl.MouseUp
 0001:0002B8B8       TControl.Notification
 0001:0002B5E0       TControl.PaletteChanged
 0001:0002DC48       TControl.Perform
 0001:0002D254       TControl.PositionDockRect
 0001:0002DFD0       TControl.ReadIsControl
 0001:0002B80C       TControl.ReadState
 0001:0002CE64       TControl.Refresh
 0001:0002CE78       TControl.Repaint
 0001:0002B7BC       TControl.RequestAlign
 0001:0002B7E0       TControl.Resize
 0001:0002C0D0       TControl.ScreenToClient
 0001:0002C10C       TControl.SendCancelMode
 0001:0002C154       TControl.SendDockNotification
 0001:0002B6CC       TControl.SetAction
 0001:0002B910       TControl.SetAlign
 0001:0002B6A0       TControl.SetAnchors
 0001:0002C390       TControl.SetAutoSize
 0001:0002C7A4       TControl.SetBiDiMode
 0001:0002B9DC       TControl.SetBounds
 0001:0002BED0       TControl.SetBoundsRect
 0001:0002BFC0       TControl.SetClientHeight
 0001:0002C484       TControl.SetClientSize
 0001:0002BF6C       TControl.SetClientWidth
 0001:0002C994       TControl.SetColor
 0001:0002CA6C       TControl.SetCursor
 0001:0002B7A0       TControl.SetDragMode
 0001:0002C598       TControl.SetEnabled
 0001:0002C840       TControl.SetFont
 0001:0002BC94       TControl.SetHeight
 0001:0002BBE0       TControl.SetLeft
 0001:0002CAC4       TControl.SetMouseCapture
 0001:0002C3C8       TControl.SetName
 0001:0002C4D8       TControl.SetParent
 0001:0002CA2C       TControl.SetParentBiDiMode
 0001:0002C9EC       TControl.SetParentColor
 0001:0002B5A8       TControl.SetParentComponent
 0001:0002C8C8       TControl.SetParentFont
 0001:0002C950       TControl.SetParentShowHint
 0001:0002C68C       TControl.SetPopupMenu
 0001:0002C908       TControl.SetShowHint
 0001:0002C738       TControl.SetText
 0001:0002C6C4       TControl.SetTextBuf
 0001:0002BC1C       TControl.SetTop
 0001:0002C544       TControl.SetVisible
 0001:0002BC58       TControl.SetWidth
 0001:0002CBE8       TControl.SetZOrder
 0001:0002CB14       TControl.SetZOrderPosition
 0001:0002CE40       TControl.Update
 0001:0002BAAC       TControl.UpdateAnchorRules
 0001:0002DD34       TControl.UpdateBoundsRect
 0001:0002CFBC       TControl.UseRightToLeftAlignment
 0001:0002CF8C       TControl.UseRightToLeftReading
 0001:0002CFEC       TControl.UseRightToLeftScrollBar
 0001:0002DD88       TControl.VisibleChanging
 0001:0002E678       TControl.WMCancelMode
 0001:0002F25C       TControl.WMContextMenu
 0001:0002E280       TControl.WMLButtonDblClk
 0001:0002E1F4       TControl.WMLButtonDown
 0001:0002E5A0       TControl.WMLButtonUp
 0001:0002E444       TControl.WMMButtonDblClk
 0001:0002E410       TControl.WMMButtonDown
 0001:0002E650       TControl.WMMButtonUp
 0001:0002E4BC       TControl.WMMouseMove
 0001:0002E258       TControl.WMNCLButtonDown
 0001:0002E3DC       TControl.WMRButtonDblClk
 0001:0002E3A8       TControl.WMRButtonDown
 0001:0002E628       TControl.WMRButtonUp
 0001:0002E6D0       TControl.WMWindowPosChanged
 0001:0002DD94       TControl.WndProc
 0001:0002DFF0       TControl.WriteIsControl
 0001:0002AF7C       TControlActionLink.AssignClient
 0001:0002AFA0       TControlActionLink.DoShowHint
 0001:0002B0A0       TControlActionLink.IsCaptionLinked
 0001:0002B124       TControlActionLink.IsEnabledLinked
 0001:0002B170       TControlActionLink.IsHintLinked
 0001:0002B200       TControlActionLink.IsOnExecuteLinked
 0001:0002B1BC       TControlActionLink.IsVisibleLinked
 0001:0002B23C       TControlActionLink.SetCaption
 0001:0002B268       TControlActionLink.SetEnabled
 0001:0002B294       TControlActionLink.SetHint
 0001:0002B2F0       TControlActionLink.SetOnExecute
 0001:0002B2C4       TControlActionLink.SetVisible
 0001:0002AC0C       TControlCanvas.CreateHandle
 0001:0002ABD0       TControlCanvas.Destroy
 0001:0002ACB8       TControlCanvas.FreeHandle
 0001:0002AD00       TControlCanvas.SetControl
 0001:0002AD2C       TControlCanvas.UpdateTextFlags
 0001:00046DAC       TControlScrollBar.Assign
 0001:00046F5C       TControlScrollBar.CalcAutoRange
 0001:00046E14       TControlScrollBar.ChangeBiDiPosition
 0001:00047138       TControlScrollBar.ControlSize
 0001:00046CD8       TControlScrollBar.Create
 0001:00047870       TControlScrollBar.DoSetRange
 0001:00046D90       TControlScrollBar.IsIncrementStored
 0001:000478D8       TControlScrollBar.IsRangeStored
 0001:00047014       TControlScrollBar.IsScrollBarVisible
 0001:000471BC       TControlScrollBar.NeedsScrollBarVisible
 0001:00047250       TControlScrollBar.ScrollMessage
 0001:00047580       TControlScrollBar.SetButtonSize
 0001:000475EC       TControlScrollBar.SetColor
 0001:0004762C       TControlScrollBar.SetParentColor
 0001:00047664       TControlScrollBar.SetPosition
 0001:000478A8       TControlScrollBar.SetRange
 0001:00047794       TControlScrollBar.SetSize
 0001:00047800       TControlScrollBar.SetStyle
 0001:00047838       TControlScrollBar.SetThumbSize
 0001:000478FC       TControlScrollBar.SetVisible
 0001:00047A6C       TControlScrollBar.Update
 0001:0005A648       TConversion.ConvertReadStream
 0001:0005A674       TConversion.ConvertWriteStream
 0001:0003ACBC       TCustomAction.AssignTo
 0001:0003AC0C       TCustomAction.Create
 0001:0003AC74       TCustomAction.Destroy
 0001:0003B1E8       TCustomAction.DoHint
 0001:0003B21C       TCustomAction.Execute
 0001:0003AD5C       TCustomAction.SetCaption
 0001:0003ADE8       TCustomAction.SetChecked
 0001:0003AE68       TCustomAction.SetEnabled
 0001:0003AEE8       TCustomAction.SetHelpContext
 0001:0003AF68       TCustomAction.SetHint
 0001:0003AFF4       TCustomAction.SetImageIndex
 0001:0003B17C       TCustomAction.SetName
 0001:0003B074       TCustomAction.SetShortCut
 0001:0003B0FC       TCustomAction.SetVisible
 0001:0003A878       TCustomActionList.AddAction
 0001:0003A8D8       TCustomActionList.Change
 0001:0003A620       TCustomActionList.Create
 0001:0003A6A0       TCustomActionList.Destroy
 0001:0003AA00       TCustomActionList.ExecuteAction
 0001:0003A708       TCustomActionList.GetChildren
 0001:0003A7F8       TCustomActionList.ImageListChange
 0001:0003A970       TCustomActionList.IsShortCut
 0001:0003A81C       TCustomActionList.Notification
 0001:0003A8AC       TCustomActionList.RemoveAction
 0001:0003A760       TCustomActionList.SetChildOrder
 0001:0003A79C       TCustomActionList.SetImages
 0001:0003AA34       TCustomActionList.UpdateAction
 0001:00036510       TCustomControl.Create
 0001:00036580       TCustomControl.Destroy
 0001:0003669C       TCustomControl.Paint
[...]
  3903 0001:00058780  3905 0001:0005878E  3906 0001:0005879A  3908 0001:000587A2
  3911 0001:000587A8  3912 0001:000587B4  3914 0001:000587C2  3915 0001:000587CE
  3917 0001:000587DE  3920 0001:000587E4  3921 0001:000587F0  3923 0001:000587FE
  3924 0001:0005880A  3925 0001:0005881C  3927 0001:00058824  3930 0001:00058828
  3931 0001:00058847  3933 0001:00058855  3934 0001:00058867  3935 0001:00058888
  3936 0001:00058894  3938 0001:000588B9  3941 0001:000588C0  3942 0001:000588E6
  3944 0001:000588F6  3945 0001:000588FD  3946 0001:00058947  3947 0001:00058955
  3949 0001:0005897D  3952 0001:00058984  3953 0001:00058990  3954 0001:000589A9
  3957 0001:000589B0  3958 0001:000589CF  3960 0001:000589DD  3961 0001:000589EF
  3962 0001:00058A10  3963 0001:00058A1C  3964 0001:00058A34  3965 0001:00058A3E
  3967 0001:00058A63  3977 0001:00058A68  3978 0001:00058A8E  3980 0001:00058AA2
  3981 0001:00058AA9  3982 0001:00058AF3  3983 0001:00058B01  3984 0001:00058B0F
  3985 0001:00058B27  3987 0001:00058B4F  3990 0001:00058B54  3991 0001:00058B5B
  3993 0001:00058B67  3994 0001:00058B73  3996 0001:00058B99  3998 0001:00058BA1
  4001 0001:00058BA4  4002 0001:00058BAB  4003 0001:00058BCA  4004 0001:00058BD2
  4010 0001:00058BD8  4011 0001:00058BFB  4012 0001:00058C02  4014 0001:00058C24
  4015 0001:00058C35  4017 0001:00058C54  4018 0001:00058CA7  4012 0001:00058CAA
  4019 0001:00058CB3  4020 0001:00058CE5  4025 0001:00058CEC  4026 0001:00058CF9
  4028 0001:00058D02  4029 0001:00058D11  4030 0001:00058D1F  4031 0001:00058D2D
  4032 0001:00058D41  4033 0001:00058D55  4034 0001:00058D6C  4036 0001:00058D9B
  4037 0001:00058DAB  4038 0001:00058DB9  4041 0001:00058DD1  4042 0001:00058DDB
  4047 0001:00058DE0  4048 0001:00058DEC  4050 0001:00058E0A  4051 0001:00058E1F
  4052 0001:00058E36  4054 0001:00058E47  4055 0001:00058E4F  4057 0001:00058E78
  4058 0001:00058E7F  4059 0001:00058E8A  4060 0001:00058E95  4063 0001:00058E9C
  4064 0001:00058EA8  4066 0001:00058ED0  4069 0001:00058ED4  4070 0001:00058EE0
  4071 0001:00058EEB  4072 0001:00058EFF  4075 0001:00058F04  4076 0001:00058F10
  4077 0001:00058F1B  4078 0001:00058F38  4081 0001:00058F3C  4082 0001:00058F48
  4083 0001:00058F53  4085 0001:00058F5C  4086 0001:00058F65  4088 0001:00058F70
  4091 0001:00058F74  4092 0001:00058F80  4093 0001:00058F91  4096 0001:00058F98
  4098 0001:00058FA5  4100 0001:00058FB8  4103 0001:00058FC6  4104 0001:00058FD0
  4107 0001:00058FE8  4112 0001:00058FF0  4113 0001:00059010  4114 0001:00059032
  4116 0001:0005907B  4117 0001:00059085  4119 0001:00059095  4120 0001:000590A0
  4122 0001:000590AC  4123 0001:000590AE  4113 0001:000590B1  4124 0001:000590BA
  4125 0001:000590E2  4128 0001:000590E8  4129 0001:000590F6  4130 0001:00059110
  4131 0001:0005911B  4215 0001:00059124  4216 0001:0005913F  4217 0001:0005914C
  4218 0001:00059156  4219 0001:00059167  4220 0001:00059171  4221 0001:0005917B
  4222 0001:000591A0  4225 0001:000591A8  4226 0001:000591B9  4228 0001:000591C5
  4229 0001:000591EA  4231 0001:000591FB  4232 0001:00059217  4235 0001:0005921C
  4236 0001:00059224  4237 0001:00059243  4240 0001:00059248  4241 0001:00059250
  4242 0001:0005926F  4245 0001:00059274  4246 0001:0005927D  4247 0001:00059289
  4248 0001:000592A5  4249 0001:000592AF  4254 0001:000592B4  4255 0001:000592BD
  4256 0001:000592C2  4257 0001:000592D3  4258 0001:000592EB  4259 0001:0005930B
  4257 0001:00059311  4260 0001:00059319  4263 0001:00059320  4264 0001:0005932C
  4265 0001:00059337  4267 0001:0005933E  4270 0001:00059344  4271 0001:00059350
  4272 0001:0005935B  4273 0001:00059370  4274 0001:0005937E  4277 0001:00059384
  4278 0001:00059390  4280 0001:0005939E  4281 0001:000593AA  4283 0001:000593C7
  4286 0001:000593CC  4287 0001:000593D8  4289 0001:000593E6  4290 0001:00059403
  4291 0001:0005940E  4293 0001:0005941F  4298 0001:00059424  4299 0001:00059430
  4301 0001:00059440  4302 0001:00059456  4303 0001:0005945E  4304 0001:0005948F
  4305 0001:0005949A  4306 0001:000594BB  4308 0001:000594DC  4313 0001:000594E0
  4314 0001:000594EC  4315 0001:000594FA  4317 0001:00059500  4318 0001:0005950A
  4321 0001:0005951D  4322 0001:00059528  4323 0001:00059532  4325 0001:00059546
  4328 0001:0005954C  4329 0001:00059558  4331 0001:00059566  4332 0001:00059572
  4334 0001:0005957A  4337 0001:00059580  4338 0001:00059587  4339 0001:000595AD
  4342 0001:000595B0  4343 0001:000595BC  4344 0001:000595D9  4347 0001:000595E0
  4348 0001:000595EF  4349 0001:000595FA  4351 0001:00059606  4352 0001:00059614
  4354 0001:0005962F  4356 0001:00059645  4358 0001:00059651  4359 0001:0005965F
  4361 0001:0005967A  4364 0001:0005968E  4367 0001:00059698  4368 0001:000596A4
  4369 0001:000596AD  4371 0001:000596DC  4372 0001:000596E8  4378 0001:000596EC
  4379 0001:00059707  4380 0001:00059714  4381 0001:00059720  4382 0001:00059750
  4387 0001:00059758  4388 0001:00059769  4389 0001:000597A6  4390 0001:000597B4
  4391 0001:000597D0  4396 0001:000597D4  4397 0001:000597DD  4398 0001:000597F5
  4397 0001:0005981B  4399 0001:00059820  4402 0001:00059824  4403 0001:0005982B
  4404 0001:00059833  4405 0001:0005983B  4409 0001:00059840  4410 0001:0005984C
  4411 0001:00059868  4416 0001:0005986C  4417 0001:00059875  4418 0001:00059880
  4420 0001:00059889  4421 0001:00059894  4423 0001:000598B4  4424 0001:000598BC
  4429 0001:000598C0  4430 0001:000598CD  4432 0001:000598DF  4433 0001:000598EA
  4436 0001:00059917  4437 0001:00059928  4439 0001:0005993C  4440 0001:00059954
  4443 0001:00059959  4445 0001:0005995F  4446 0001:00059967  4447 0001:00059971
  4449 0001:00059997  4450 0001:000599A7  4451 0001:000599B4  4453 0001:000599BF
  4454 0001:000599DB  4455 0001:000599E7  4457 0001:00059A0D  4459 0001:00059A1B
  4464 0001:00059A20  4465 0001:00059A2F  4466 0001:00059A3F  4467 0001:00059A50
  4469 0001:00059A56  4470 0001:00059A69  4471 0001:00059A7B  4473 0001:00059A86
  4474 0001:00059A91  4477 0001:00059A98  4478 0001:00059AA7  4479 0001:00059AC4
  4485 0001:00059AC8  4486 0001:00059ADA  4487 0001:00059AEC  4488 0001:00059AFC
  4489 0001:00059B1A  4492 0001:00059B24  4493 0001:00059B30  4495 0001:00059B45
  4496 0001:00059B4F  4497 0001:00059B5D  4499 0001:00059B68  4505 0001:00059B6C
  4506 0001:00059B7B  4508 0001:00059B8E  4509 0001:00059BA2  4510 0001:00059BA8
  4511 0001:00059BC5  4513 0001:00059BCB  4515 0001:00059BD1  4516 0001:00059BD4
  4519 0001:00059BEC  4520 0001:00059C01  4522 0001:00059C04  4523 0001:00059C18
  4524 0001:00059C2A  4526 0001:00059C32  4527 0001:00059C3A  4532 0001:00059C40
  4533 0001:00059C4C  4534 0001:00059C89  4541 0001:00059C90  4542 0001:00059C9C
  4543 0001:00059CA9  4547 0001:00059CB9  4548 0001:00059CBE  4549 0001:00059CC3
  4551 0001:00059CDF  4552 0001:00059CF8  4553 0001:00059CFB  4554 0001:00059D04
  4549 0001:00059D07  4555 0001:00059D0C  4557 0001:00059D26  4562 0001:00059D2C
  4563 0001:00059D38  4564 0001:00059D3D  4566 0001:00059D55  4568 0001:00059D76
  4569 0001:00059D84  4571 0001:00059D86  4564 0001:00059D89  4572 0001:00059D91
  4575 0001:00059D98  4576 0001:00059DA4  4577 0001:00059DBB  4580 0001:00059DC0
  4581 0001:00059DC9  4582 0001:00059DDB  4586 0001:00059DE0  4587 0001:00059DF9
  4588 0001:00059E0C  4589 0001:00059E22  4592 0001:00059E2C  4593 0001:00059E38
  4594 0001:00059E49  4595 0001:00059E55  4596 0001:00059E5D  4599 0001:00059E64
  4600 0001:00059E83  4601 0001:00059EAF  4602 0001:00059ED7  4605 0001:00059EDC
  4606 0001:00059EEC  4607 0001:00059F00  4612 0001:00059F08  4613 0001:00059F14
  4614 0001:00059F31  4615 0001:00059F3E  4616 0001:00059F48  4617 0001:00059F53
  4618 0001:00059F64  4619 0001:00059F6F  4624 0001:00059F74  4625 0001:00059F81
  4626 0001:00059F9A  4628 0001:00059FBE  4629 0001:00059FD0  4631 0001:00059FDC
  4634 0001:00059FE4  4635 0001:00059FF0  4636 0001:0005A004  4637 0001:0005A00F
  4638 0001:0005A015  4639 0001:0005A022  4640 0001:0005A030  4641 0001:0005A042
  4644 0001:0005A048  4645 0001:0005A057  4646 0001:0005A062  4649 0001:0005A068
  4650 0001:0005A074  4651 0001:0005A094  4652 0001:0005A09F  4653 0001:0005A0AA
  4656 0001:0005A0B0  4657 0001:0005A0D0  4658 0001:0005A115  4661 0001:0005A11C
  4662 0001:0005A123  4663 0001:0005A12F  4665 0001:0005A154  4666 0001:0005A15E
  4672 0001:0005A164  4673 0001:0005A170  4674 0001:0005A18A  4675 0001:0005A1A6
  4676 0001:0005A1C3  4679 0001:0005A1C8  4680 0001:0005A1D5  4683 0001:0005A213
  4684 0001:0005A228  4686 0001:0005A234  4687 0001:0005A23F  4693 0001:0005A244
  4694 0001:0005A266  4695 0001:0005A26E  4696 0001:0005A286  4697 0001:0005A294
  4698 0001:0005A2A2  4699 0001:0005A2AE  4700 0001:0005A2C0  4701 0001:0005A2DC
  4702 0001:0005A2ED  4704 0001:0005A314  4705 0001:0005A322  4707 0001:0005A32C
  4708 0001:0005A335  4709 0001:0005A346  4710 0001:0005A35D  4712 0001:0005A374
  4714 0001:0005A3A4  4721 0001:0005A3AC  4722 0001:0005A3CB  4723 0001:0005A3DC
  4724 0001:0005A3E6  4727 0001:0005A3FC  4729 0001:0005A40D  4730 0001:0005A423
  4732 0001:0005A435  4733 0001:0005A441  4734 0001:0005A443  4729 0001:0005A446
  4735 0001:0005A44B  4738 0001:0005A458  4740 0001:0005A469  4741 0001:0005A491
  4746 0001:0005A498  4747 0001:0005A4A4  4748 0001:0005A4AC  4749 0001:0005A4BD
  4751 0001:0005A4C3  4752 0001:0005A4CF  4754 0001:0005A4DC  4761 0001:0005A4E0
  4762 0001:0005A4F2  4763 0001:0005A4F7  4765 0001:0005A507  4766 0001:0005A513
  4767 0001:0005A52F  4769 0001:0005A535  4770 0001:0005A53A  4771 0001:0005A54C
  4770 0001:0005A561  4772 0001:0005A566  4774 0001:0005A578  4775 0001:0005A585
  4779 0001:0005A59B  4784 0001:0005A5A4  4785 0001:0005A5B0  4786 0001:0005A5BB
  4787 0001:0005A5D7  4788 0001:0005A5F6  4793 0001:0005A5FC  4794 0001:0005A608
  4795 0001:0005A613  4796 0001:0005A62F  4797 0001:0005A643  9499 0001:0005A648
  9500 0001:0005A658  9501 0001:0005A66C  9504 0001:0005A674  9505 0001:0005A684
  9506 0001:0005A698 19925 0001:0005A6A0 19926 0001:0005A6CD 19927 0001:0005A716
 19922 0001:0005A718 19924 0001:0005A71F

Line numbers for Buttons(Buttons.pas) segment .text

  1605 0001:0005A720  1606 0001:0005A724  1607 0001:0005A728  1606 0001:0005A73C
  1608 0001:0005A742  1613 0001:0005A7C4  1614 0001:0005A7F7  1610 0001:0005A7FC
  1611 0001:0005A80F  1612 0001:0005A820

Line numbers for FileCtrl(FileCtrl.pas) segment .text

  1993 0001:0005A824  1994 0001:0005A82D  1995 0001:0005A83E  1996 0001:0005A856
  1999 0001:0005A85C  2000 0001:0005A87F  2001 0001:0005A883  2002 0001:0005A88F
  2003 0001:0005A8A6  2004 0001:0005A8BC  2006 0001:0005A8ED  2007 0001:0005A946
  2009 0001:0005A97C  2009 0001:0005A983

Line numbers for ct(ct.pas) segment .text

   123 0001:0005ADA8   124 0001:0005ADB1   125 0001:0005ADC2   143 0001:0005ADC8
   146 0001:0005AE18   147 0001:0005AE1C   149 0001:0005AE2B   150 0001:0005AE54
   153 0001:0005AE61   155 0001:0005AE6F   151 0001:0005AE7D   157 0001:0005AE8C
   159 0001:0005AE92   161 0001:0005AEA1   162 0001:0005AECA   164 0001:0005AED7
   166 0001:0005AEE5   163 0001:0005AEF3   167 0001:0005AF02   169 0001:0005AF06
   170 0001:0005AF57   175 0001:0005AF9C   176 0001:0005AFCF   177 0001:0005AFDD
   178 0001:0005B005   180 0001:0005B010   182 0001:0005B024   184 0001:0005B06B
   194 0001:0005B070   195 0001:0005B0AA   196 0001:0005B0CA   197 0001:0005B0D2
   198 0001:0005B0DF   199 0001:0005B0F7   200 0001:0005B106   203 0001:0005B113
   204 0001:0005B135   205 0001:0005B143   206 0001:0005B151   207 0001:0005B166
   208 0001:0005B183   210 0001:0005B18A   211 0001:0005B19D   212 0001:0005B1A9
   213 0001:0005B1D4   208 0001:0005B1D7   217 0001:0005B1EC   219 0001:0005B1FE
   221 0001:0005B216   222 0001:0005B227   223 0001:0005B22F   224 0001:0005B237
   225 0001:0005B271   228 0001:0005B2A4   229 0001:0005B2BF   230 0001:0005B2E0
   231 0001:0005B302   232 0001:0005B324   233 0001:0005B368   237 0001:0005B36C
   238 0001:0005B378   239 0001:0005B384   240 0001:0005B396   243 0001:0005B39C
   244 0001:0005B3A8   245 0001:0005B3B4   246 0001:0005B3C6   249 0001:0005B3CC
   250 0001:0005B3EB   252 0001:0005B3F9   253 0001:0005B405   254 0001:0005B421
   256 0001:0005B446   259 0001:0005B44C   260 0001:0005B458   261 0001:0005B462
   262 0001:0005B46A   265 0001:0005B470   266 0001:0005B47C   267 0001:0005B486
   268 0001:0005B48E   271 0001:0005B494   272 0001:0005B4A0   273 0001:0005B4AA
   281 0001:0005B4B0   282 0001:0005B4D4   283 0001:0005B4F4   284 0001:0005B508
   285 0001:0005B51C   286 0001:0005B529   287 0001:0005B52D   288 0001:0005B545
   290 0001:0005B554   291 0001:0005B561   295 0001:0005B565   296 0001:0005B577
   298 0001:0005B57B   299 0001:0005B59D   300 0001:0005B5AB   301 0001:0005B5B9
   302 0001:0005B5CE   303 0001:0005B5EE   304 0001:0005B5FB   305 0001:0005B600
   304 0001:0005B631   306 0001:0005B637   307 0001:0005B64E   308 0001:0005B665
   309 0001:0005B672   310 0001:0005B677   309 0001:0005B687   311 0001:0005B68D
   312 0001:0005B6A4   314 0001:0005B6BB   315 0001:0005B6D0   317 0001:0005B6D5
   319 0001:0005B6DB   323 0001:0005B72F   327 0001:0005B781   329 0001:0005B786
   330 0001:0005B799   332 0001:0005B7AB   333 0001:0005B7BD   335 0001:0005B7CD
   337 0001:0005B7E1   338 0001:0005B7F3   339 0001:0005B7F6   341 0001:0005B7FC
   342 0001:0005B801   347 0001:0005B804   348 0001:0005B834   349 0001:0005B83A
   351 0001:0005B86A   352 0001:0005B884   327 0001:0005B887   353 0001:0005B891
   354 0001:0005B8A8   355 0001:0005B8BF   315 0001:0005B8C2   356 0001:0005B8CC
   357 0001:0005B8DF   358 0001:0005B8F5   359 0001:0005B908   363 0001:0005B92D
   365 0001:0005B93F   367 0001:0005B989   370 0001:0005BA08   371 0001:0005BA14
   372 0001:0005BA38   373 0001:0005BA4E   374 0001:0005BA64   377 0001:0005BA68
   378 0001:0005BA74   379 0001:0005BA98   380 0001:0005BAAE   381 0001:0005BAC4
   387 0001:0005BAC8   388 0001:0005BAF6   389 0001:0005BB4C   390 0001:0005BB5E
   391 0001:0005BB70   392 0001:0005BB82   393 0001:0005BB94   394 0001:0005BBA6
   395 0001:0005BBB8   396 0001:0005BBCA   397 0001:0005BBD9   398 0001:0005BBE8
   399 0001:0005BBF7   400 0001:0005BC06   401 0001:0005BC15   402 0001:0005BC24
   403 0001:0005BC33   404 0001:0005BC42   406 0001:0005BC4F   407 0001:0005BCB0
   410 0001:0005BE38   411 0001:0005BE55   412 0001:0005BE86   417 0001:0005BE8C
   418 0001:0005BEB1   420 0001:0005BECE   421 0001:0005BEF8   422 0001:0005BF04
   423 0001:0005BF16   424 0001:0005BF22   426 0001:0005BF27   427 0001:0005BF61
   424 0001:0005BF64   428 0001:0005BF6A   418 0001:0005BF6D   429 0001:0005BF98
   437 0001:0005C020   438 0001:0005C042   440 0001:0005C05B   441 0001:0005C085
   443 0001:0005C08D   445 0001:0005C09F   438 0001:0005C0A2   446 0001:0005C0C9
   485 0001:0005C0E0   487 0001:0005C0E9   488 0001:0005C0EE   489 0001:0005C0F5
   491 0001:0005C0FC   493 0001:0005C101   494 0001:0005C111   495 0001:0005C121
   496 0001:0005C131   498 0001:0005C138   499 0001:0005C13B   501 0001:0005C141
   502 0001:0005C148   503 0001:0005C14E   506 0001:0005C157   507 0001:0005C15C
   510 0001:0005C15F   511 0001:0005C165   496 0001:0005C168   512 0001:0005C16E
   491 0001:0005C171   514 0001:0005C17A   521 0001:0005C180   522 0001:0005C18F
   523 0001:0005C1A2   524 0001:0005C1B4   525 0001:0005C1C7   531 0001:0005C1D0
   532 0001:0005C204   533 0001:0005C217   534 0001:0005C222   535 0001:0005C228
   537 0001:0005C237   538 0001:0005C244   540 0001:0005C24E   541 0001:0005C298
   542 0001:0005C2C7   543 0001:0005C2CC   544 0001:0005C2DC   542 0001:0005C30D
   546 0001:0005C313   547 0001:0005C323   546 0001:0005C333   549 0001:0005C339
   550 0001:0005C33E   552 0001:0005C34E   553 0001:0005C370   554 0001:0005C3AF
   549 0001:0005C3B2   558 0001:0005C3BA   559 0001:0005C3C5   560 0001:0005C40E
   567 0001:0005C470   568 0001:0005C48F   569 0001:0005C49B   570 0001:0005C4A8
   572 0001:0005C4B1   575 0001:0005C4B9   576 0001:0005C4C7   585 0001:0005C4D5
   588 0001:0005C506   591 0001:0005C520   592 0001:0005C53C   593 0001:0005C544
   594 0001:0005C551   595 0001:0005C562   596 0001:0005C579   598 0001:0005C592
   600 0001:0005C597   601 0001:0005C5A5   602 0001:0005C5AA   601 0001:0005C5B7
   604 0001:0005C5BD   598 0001:0005C5C0   606 0001:0005C5E3   609 0001:0005C64C
   610 0001:0005C658   611 0001:0005C660   614 0001:0005C664   615 0001:0005C670
   616 0001:0005C678   626 0001:0005C67C   627 0001:0005C6C2   628 0001:0005C6E2
   629 0001:0005C6EF   630 0001:0005C6FC   631 0001:0005C709   632 0001:0005C72B
   633 0001:0005C74D   634 0001:0005C76F   635 0001:0005C77D   636 0001:0005C78B
   637 0001:0005C7A0   638 0001:0005C7B5   639 0001:0005C7CA   641 0001:0005C7D1
   642 0001:0005C7E4   643 0001:0005C7F7   639 0001:0005C7FA   644 0001:0005C803
   646 0001:0005C80A   647 0001:0005C81D   648 0001:0005C830   644 0001:0005C833
   652 0001:0005C84B   654 0001:0005C85D   655 0001:0005C86D   656 0001:0005C87D
   660 0001:0005C8C7   673 0001:0005C904   674 0001:0005C92C   675 0001:0005C93A
   676 0001:0005C94F   677 0001:0005C956   678 0001:0005C975   679 0001:0005C9A2
   685 0001:0005C9A8   686 0001:0005C9AE   688 0001:0005C9BA   689 0001:0005C9C4
   690 0001:0005C9D0   691 0001:0005C9D9   692 0001:0005C9DE   691 0001:0005C9F6
   693 0001:0005C9FC   694 0001:0005CA02   704 0001:0005CA08   705 0001:0005CA35
   707 0001:0005CA45   708 0001:0005CA61   710 0001:0005CA6B   712 0001:0005CA74
   713 0001:0005CA7D   714 0001:0005CA92   715 0001:0005CA9B   716 0001:0005CAA1
   718 0001:0005CAAC   720 0001:0005CAD0   721 0001:0005CAD7   722 0001:0005CAE7
   724 0001:0005CAED   725 0001:0005CB02   729 0001:0005CB19   730 0001:0005CB24
   733 0001:0005CB2C   734 0001:0005CB4C   733 0001:0005CB63   735 0001:0005CB68
   736 0001:0005CB88   735 0001:0005CB9F   737 0001:0005CBA4   738 0001:0005CBAB
   739 0001:0005CBB2   740 0001:0005CBB9   741 0001:0005CBCC   742 0001:0005CBE8
   743 0001:0005CBEE   744 0001:0005CBF3   743 0001:0005CC01   745 0001:0005CC07
   747 0001:0005CC18   748 0001:0005CC28   745 0001:0005CC2B   750 0001:0005CC30
   751 0001:0005CC71   757 0001:0005CC84   758 0001:0005CCAC   759 0001:0005CCCC
   760 0001:0005CCF0   761 0001:0005CD05   762 0001:0005CD23   763 0001:0005CD60
   764 0001:0005CD78   765 0001:0005CDA0   766 0001:0005CDA7   768 0001:0005CDAC
   769 0001:0005CDB1   768 0001:0005CDBE   772 0001:0005CDC7   774 0001:0005CDCE
   775 0001:0005CDDD   776 0001:0005CDED   779 0001:0005CE05   780 0001:0005CE1D
   776 0001:0005CE20   782 0001:0005CE4A   786 0001:0005CE60   787 0001:0005CE85
   788 0001:0005CE93   789 0001:0005CEA8   790 0001:0005CEC4   791 0001:0005CEF1
   794 0001:0005CEF8   795 0001:0005CF17   796 0001:0005CF49   797 0001:0005CF9D
   808 0001:0005CFC8   809 0001:0005CFCE   811 0001:0005CFDA   812 0001:0005CFE4
   813 0001:0005CFF0   814 0001:0005CFF9   815 0001:0005CFFE   814 0001:0005D016
   816 0001:0005D01C   817 0001:0005D022   826 0001:0005D028   827 0001:0005D059
   828 0001:0005D08F   829 0001:0005D097   830 0001:0005D118   831 0001:0005D125
   832 0001:0005D134   833 0001:0005D156   834 0001:0005D16B   835 0001:0005D172
   836 0001:0005D191   837 0001:0005D1E1   841 0001:0005D1FC   842 0001:0005D21E
   843 0001:0005D250   844 0001:0005D255   846 0001:0005D25A   847 0001:0005D261
   848 0001:0005D267   849 0001:0005D26E   844 0001:0005D271   850 0001:0005D27A
   851 0001:0005D2A6   855 0001:0005D2D8   856 0001:0005D2FD   857 0001:0005D30B
   858 0001:0005D320   859 0001:0005D33C   860 0001:0005D369   863 0001:0005D3A0
   863 0001:0005D3A7

Line numbers for CheckTracks(C:\Program Files\Borland\Delphi5\Projects\EMUL\EMUL\RAIZE\CheckTracks\CheckTracks.dpr) segment .text

    19 0001:0005D538    20 0001:0005D548    21 0001:0005D554    22 0001:0005D56C
    23 0001:0005D578

Bound resource files

c:\program files\borland\delphi5\Lib\CONTROLS.RES
c:\program files\borland\delphi5\Lib\BUTTONS.RES
c:\program files\borland\delphi5\Lib\FileCtrl.RES
ct.DFM
CheckTracks.RES
CheckTracks.drf


Program entry point at 0001:0005D538
