
 Start         Length     Name                   Class
 0001:00000000 000718FCH .text                   CODE
 0002:00000000 00001A24H .data                   DATA
 0002:00001A24 00000F4DH .bss                    BSS


Detailed map of segments

 0001:00000000 00005078 C=CODE     S=.text    G=(none)   M=System   ACBP=A9
 0001:00005078 00000174 C=CODE     S=.text    G=(none)   M=SysInit  ACBP=A9
 0001:000051EC 00000B44 C=CODE     S=.text    G=(none)   M=Windows  ACBP=A9
 0001:00005D30 00000038 C=CODE     S=.text    G=(none)   M=Messages ACBP=A9
 0001:00005D68 000002C8 C=CODE     S=.text    G=(none)   M=SysConst ACBP=A9
 0001:00006030 00004174 C=CODE     S=.text    G=(none)   M=SysUtils ACBP=A9
 0001:0000A1A4 000000A0 C=CODE     S=.text    G=(none)   M=ActiveX  ACBP=A9
 0001:0000A244 000003A8 C=CODE     S=.text    G=(none)   M=Consts   ACBP=A9
 0001:0000A5EC 000005B8 C=CODE     S=.text    G=(none)   M=TypInfo  ACBP=A9
 0001:0000ABA4 00009087 C=CODE     S=.text    G=(none)   M=Classes  ACBP=A9
 0001:00013C2C 0000A897 C=CODE     S=.text    G=(none)   M=Graphics ACBP=A9
 0001:0001E4C4 00000240 C=CODE     S=.text    G=(none)   M=Contnrs  ACBP=A9
 0001:0001E704 000000FC C=CODE     S=.text    G=(none)   M=Commctrl ACBP=A9
 0001:0001E800 00000793 C=CODE     S=.text    G=(none)   M=MultiMon ACBP=A9
 0001:0001EF94 00000038 C=CODE     S=.text    G=(none)   M=Imm      ACBP=A9
 0001:0001EFCC 00000040 C=CODE     S=.text    G=(none)   M=Math     ACBP=A9
 0001:0001F00C 00000038 C=CODE     S=.text    G=(none)   M=WinSpool ACBP=A9
 0001:0001F044 00000044 C=CODE     S=.text    G=(none)   M=Printers ACBP=A9
 0001:0001F088 0000031F C=CODE     S=.text    G=(none)   M=FlatSB   ACBP=A9
 0001:0001F3A8 00006508 C=CODE     S=.text    G=(none)   M=StdCtrls ACBP=A9
 0001:000258B0 00000094 C=CODE     S=.text    G=(none)   M=Clipbrd  ACBP=A9
 0001:00025944 00000170 C=CODE     S=.text    G=(none)   M=StdActns ACBP=A9
 0001:00025AB4 000132D0 C=CODE     S=.text    G=(none)   M=Controls ACBP=A9
 0001:00038D84 00001354 C=CODE     S=.text    G=(none)   M=ActnList ACBP=A9
 0001:0003A0D8 00001DA8 C=CODE     S=.text    G=(none)   M=ImgList  ACBP=A9
 0001:0003BE80 0000752F C=CODE     S=.text    G=(none)   M=Menus    ACBP=A9
 0001:000433B0 0000E653 C=CODE     S=.text    G=(none)   M=Forms    ACBP=A9
 0001:00051A04 00000038 C=CODE     S=.text    G=(none)   M=ShellAPI ACBP=A9
 0001:00051A3C 00000038 C=CODE     S=.text    G=(none)   M=RegStr   ACBP=A9
 0001:00051A74 00000038 C=CODE     S=.text    G=(none)   M=WinInet  ACBP=A9
 0001:00051AAC 00000038 C=CODE     S=.text    G=(none)   M=UrlMon   ACBP=A9
 0001:00051AE4 00000038 C=CODE     S=.text    G=(none)   M=ShlObj   ACBP=A9
 0001:00051B1C 00000038 C=CODE     S=.text    G=(none)   M=CommDlg  ACBP=A9
 0001:00051B54 00001448 C=CODE     S=.text    G=(none)   M=ExtCtrls ACBP=A9
 0001:00052F9C 00000038 C=CODE     S=.text    G=(none)   M=Dlgs     ACBP=A9
 0001:00052FD4 00000269 C=CODE     S=.text    G=(none)   M=Dialogs  ACBP=A9
 0001:00053240 00000050 C=CODE     S=.text    G=(none)   M=jconsts  ACBP=A9
 0001:00053290 00013840 C=CODE     S=.text    G=(none)   M=jpeg     ACBP=A9
 0001:00066AD0 00000DA8 C=CODE     S=.text    G=(none)   M=hotparse ACBP=A9
 0001:00067878 00002114 C=CODE     S=.text    G=(none)   M=HotImage ACBP=A9
 0001:0006998C 00002805 C=CODE     S=.text    G=(none)   M=Buttons  ACBP=A9
 0001:0006C194 00000068 C=CODE     S=.text    G=(none)   M=IniFiles ACBP=A9
 0001:0006C1FC 00000038 C=CODE     S=.text    G=(none)   M=Masks    ACBP=A9
 0001:0006C234 00000068 C=CODE     S=.text    G=(none)   M=Registry ACBP=A9
 0001:0006C29C 0000014C C=CODE     S=.text    G=(none)   M=DsgnIntf ACBP=A9
 0001:0006C3E8 00000038 C=CODE     S=.text    G=(none)   M=DbConsts ACBP=A9
 0001:0006C420 00000038 C=CODE     S=.text    G=(none)   M=Mask     ACBP=A9
 0001:0006C458 00000050 C=CODE     S=.text    G=(none)   M=ComConst ACBP=A9
 0001:0006C4A8 00000DF1 C=CODE     S=.text    G=(none)   M=ComObj   ACBP=A9
 0001:0006D29C 000002BC C=CODE     S=.text    G=(none)   M=Db       ACBP=A9
 0001:0006D558 00000038 C=CODE     S=.text    G=(none)   M=SpotEdit ACBP=A9
 0001:0006D590 00000038 C=CODE     S=.text    G=(none)   M=ImskTest ACBP=A9
 0001:0006D5C8 00000038 C=CODE     S=.text    G=(none)   M=imskedit ACBP=A9
 0001:0006D600 00000038 C=CODE     S=.text    G=(none)   M=HSEdit   ACBP=A9
 0001:0006D638 00000038 C=CODE     S=.text    G=(none)   M=JvStrUtils ACBP=A9
 0001:0006D670 000000A4 C=CODE     S=.text    G=(none)   M=JvDateUtil ACBP=A9
 0001:0006D714 00000038 C=CODE     S=.text    G=(none)   M=FileCtrl ACBP=A9
 0001:0006D74C 00000038 C=CODE     S=.text    G=(none)   M=JvMaxMin ACBP=A9
 0001:0006D784 00000098 C=CODE     S=.text    G=(none)   M=JvConst  ACBP=A9
 0001:0006D81C 00000038 C=CODE     S=.text    G=(none)   M=JvCConst ACBP=A9
 0001:0006D854 00000038 C=CODE     S=.text    G=(none)   M=RichEdit ACBP=A9
 0001:0006D88C 00000038 C=CODE     S=.text    G=(none)   M=ToolWin  ACBP=A9
 0001:0006D8C4 00000038 C=CODE     S=.text    G=(none)   M=ComStrs  ACBP=A9
 0001:0006D8FC 00000178 C=CODE     S=.text    G=(none)   M=ComCtrls ACBP=A9
 0001:0006DA74 00000038 C=CODE     S=.text    G=(none)   M=JvTypes  ACBP=A9
 0001:0006DAAC 00000038 C=CODE     S=.text    G=(none)   M=MMSystem ACBP=A9
 0001:0006DAE4 00000038 C=CODE     S=.text    G=(none)   M=CPL      ACBP=A9
 0001:0006DB1C 00000038 C=CODE     S=.text    G=(none)   M=JVCLVer  ACBP=A9
 0001:0006DB54 00000038 C=CODE     S=.text    G=(none)   M=JvComponent ACBP=A9
 0001:0006DB8C 00000038 C=CODE     S=.text    G=(none)   M=JvDirectories ACBP=A9
 0001:0006DBC4 00000038 C=CODE     S=.text    G=(none)   M=JclResources ACBP=A9
 0001:0006DBFC 00000038 C=CODE     S=.text    G=(none)   M=JclBase  ACBP=A9
 0001:0006DC34 00000038 C=CODE     S=.text    G=(none)   M=JclLogic ACBP=A9
 0001:0006DC6C 00000168 C=CODE     S=.text    G=(none)   M=JclStrings ACBP=A9
 0001:0006DDD4 00000090 C=CODE     S=.text    G=(none)   M=JvFunctions ACBP=A9
 0001:0006DE64 0000005C C=CODE     S=.text    G=(none)   M=JvVCLUtils ACBP=A9
 0001:0006DEC0 00000038 C=CODE     S=.text    G=(none)   M=Gauges   ACBP=A9
 0001:0006DEF8 00000044 C=CODE     S=.text    G=(none)   M=JvPrgrss ACBP=A9
 0001:0006DF3C 000000AC C=CODE     S=.text    G=(none)   M=JvFileUtil ACBP=A9
 0001:0006DFE8 00000044 C=CODE     S=.text    G=(none)   M=ToolsAPI ACBP=A9
 0001:0006E02C 00000108 C=CODE     S=.text    G=(none)   M=HSuFileUtils ACBP=A9
 0001:0006E134 00001A28 C=CODE     S=.text    G=(none)   M=HScHotImage ACBP=A9
 0001:0006FB5C 00001A88 C=CODE     S=.text    G=(none)   M=Unit1    ACBP=A9
 0001:000715E4 00000315 C=CODE     S=.text    G=(none)   M=NBMapKeyb ACBP=A9
 0002:00000000 000000AE C=DATA     S=.data    G=DGROUP   M=System   ACBP=A9
 0002:000000B0 00000018 C=DATA     S=.data    G=DGROUP   M=SysInit  ACBP=A9
 0002:000000C8 000001F0 C=DATA     S=.data    G=DGROUP   M=SysUtils ACBP=A9
 0002:000002B8 00000010 C=DATA     S=.data    G=DGROUP   M=ActiveX  ACBP=A9
 0002:000002C8 00000010 C=DATA     S=.data    G=DGROUP   M=TypInfo  ACBP=A9
 0002:000002D8 0000005C C=DATA     S=.data    G=DGROUP   M=Classes  ACBP=A9
 0002:00000334 000002BC C=DATA     S=.data    G=DGROUP   M=Graphics ACBP=A9
 0002:000005F0 00000004 C=DATA     S=.data    G=DGROUP   M=Printers ACBP=A9
 0002:000005F4 000000A0 C=DATA     S=.data    G=DGROUP   M=StdCtrls ACBP=A9
 0002:00000694 0000012C C=DATA     S=.data    G=DGROUP   M=Controls ACBP=A9
 0002:000007C0 00000020 C=DATA     S=.data    G=DGROUP   M=ImgList  ACBP=A9
 0002:000007E0 000000EC C=DATA     S=.data    G=DGROUP   M=Menus    ACBP=A9
 0002:000008CC 0000013C C=DATA     S=.data    G=DGROUP   M=Forms    ACBP=A9
 0002:00000A08 00000070 C=DATA     S=.data    G=DGROUP   M=Dialogs  ACBP=A9
 0002:00000A78 000008F8 C=DATA     S=.data    G=DGROUP   M=jpeg     ACBP=A9
 0002:00001370 000000A8 C=DATA     S=.data    G=DGROUP   M=hotparse ACBP=A9
 0002:00001418 00000001 C=DATA     S=.data    G=DGROUP   M=HotImage ACBP=A9
 0002:0000141C 00000046 C=DATA     S=.data    G=DGROUP   M=Buttons  ACBP=A9
 0002:00001464 00000008 C=DATA     S=.data    G=DGROUP   M=IniFiles ACBP=A9
 0002:0000146C 00000008 C=DATA     S=.data    G=DGROUP   M=Registry ACBP=A9
 0002:00001474 00000044 C=DATA     S=.data    G=DGROUP   M=DsgnIntf ACBP=A9
 0002:000014B8 0000002C C=DATA     S=.data    G=DGROUP   M=ComObj   ACBP=A9
 0002:000014E4 00000090 C=DATA     S=.data    G=DGROUP   M=Db       ACBP=A9
 0002:00001574 00000018 C=DATA     S=.data    G=DGROUP   M=ComCtrls ACBP=A9
 0002:0000158C 00000001 C=DATA     S=.data    G=DGROUP   M=JclStrings ACBP=A9
 0002:00001590 00000014 C=DATA     S=.data    G=DGROUP   M=JvFunctions ACBP=A9
 0002:000015A4 00000004 C=DATA     S=.data    G=DGROUP   M=JvVCLUtils ACBP=A9
 0002:000015A8 00000004 C=DATA     S=.data    G=DGROUP   M=JvPrgrss ACBP=A9
 0002:000015AC 00000004 C=DATA     S=.data    G=DGROUP   M=HSuFileUtils ACBP=A9
 0002:000015B0 000000AC C=DATA     S=.data    G=DGROUP   M=HScHotImage ACBP=A9
 0002:0000165C 00000004 C=DATA     S=.data    G=DGROUP   M=Unit1    ACBP=A9
 0002:00002000 000004D0 C=BSS      S=.bss     G=DGROUP   M=System   ACBP=A9
 0002:000024D0 00000018 C=BSS      S=.bss     G=DGROUP   M=SysInit  ACBP=A9
 0002:000024E8 00000004 C=BSS      S=.bss     G=DGROUP   M=Windows  ACBP=A9
 0002:000024EC 00000004 C=BSS      S=.bss     G=DGROUP   M=Messages ACBP=A9
 0002:000024F0 00000004 C=BSS      S=.bss     G=DGROUP   M=SysConst ACBP=A9
 0002:000024F4 00000118 C=BSS      S=.bss     G=DGROUP   M=SysUtils ACBP=A9
 0002:0000260C 00000004 C=BSS      S=.bss     G=DGROUP   M=ActiveX  ACBP=A9
 0002:00002610 00000004 C=BSS      S=.bss     G=DGROUP   M=Consts   ACBP=A9
 0002:00002614 00000004 C=BSS      S=.bss     G=DGROUP   M=TypInfo  ACBP=A9
 0002:00002618 00000038 C=BSS      S=.bss     G=DGROUP   M=Classes  ACBP=A9
 0002:00002650 00000060 C=BSS      S=.bss     G=DGROUP   M=Graphics ACBP=A9
 0002:000026B0 00000004 C=BSS      S=.bss     G=DGROUP   M=Contnrs  ACBP=A9
 0002:000026B4 00000004 C=BSS      S=.bss     G=DGROUP   M=Commctrl ACBP=A9
 0002:000026B8 00000031 C=BSS      S=.bss     G=DGROUP   M=MultiMon ACBP=A9
 0002:000026EC 00000004 C=BSS      S=.bss     G=DGROUP   M=Imm      ACBP=A9
 0002:000026F0 00000004 C=BSS      S=.bss     G=DGROUP   M=Math     ACBP=A9
 0002:000026F4 00000004 C=BSS      S=.bss     G=DGROUP   M=WinSpool ACBP=A9
 0002:000026F8 00000004 C=BSS      S=.bss     G=DGROUP   M=Printers ACBP=A9
 0002:000026FC 00000034 C=BSS      S=.bss     G=DGROUP   M=FlatSB   ACBP=A9
 0002:00002730 00000004 C=BSS      S=.bss     G=DGROUP   M=StdCtrls ACBP=A9
 0002:00002734 0000000C C=BSS      S=.bss     G=DGROUP   M=Clipbrd  ACBP=A9
 0002:00002740 00000004 C=BSS      S=.bss     G=DGROUP   M=StdActns ACBP=A9
 0002:00002744 00000070 C=BSS      S=.bss     G=DGROUP   M=Controls ACBP=A9
 0002:000027B4 00000004 C=BSS      S=.bss     G=DGROUP   M=ActnList ACBP=A9
 0002:000027B8 00000004 C=BSS      S=.bss     G=DGROUP   M=ImgList  ACBP=A9
 0002:000027BC 00000010 C=BSS      S=.bss     G=DGROUP   M=Menus    ACBP=A9
 0002:000027CC 00000024 C=BSS      S=.bss     G=DGROUP   M=Forms    ACBP=A9
 0002:000027F0 00000004 C=BSS      S=.bss     G=DGROUP   M=ShellAPI ACBP=A9
 0002:000027F4 00000004 C=BSS      S=.bss     G=DGROUP   M=RegStr   ACBP=A9
 0002:000027F8 00000004 C=BSS      S=.bss     G=DGROUP   M=WinInet  ACBP=A9
 0002:000027FC 00000004 C=BSS      S=.bss     G=DGROUP   M=UrlMon   ACBP=A9
 0002:00002800 00000004 C=BSS      S=.bss     G=DGROUP   M=ShlObj   ACBP=A9
 0002:00002804 00000004 C=BSS      S=.bss     G=DGROUP   M=CommDlg  ACBP=A9
 0002:00002808 00000004 C=BSS      S=.bss     G=DGROUP   M=ExtCtrls ACBP=A9
 0002:0000280C 00000004 C=BSS      S=.bss     G=DGROUP   M=Dlgs     ACBP=A9
 0002:00002810 0000000C C=BSS      S=.bss     G=DGROUP   M=Dialogs  ACBP=A9
 0002:0000281C 00000004 C=BSS      S=.bss     G=DGROUP   M=jconsts  ACBP=A9
 0002:00002820 00000004 C=BSS      S=.bss     G=DGROUP   M=jpeg     ACBP=A9
 0002:00002824 00000004 C=BSS      S=.bss     G=DGROUP   M=hotparse ACBP=A9
 0002:00002828 00000004 C=BSS      S=.bss     G=DGROUP   M=HotImage ACBP=A9
 0002:0000282C 00000030 C=BSS      S=.bss     G=DGROUP   M=Buttons  ACBP=A9
 0002:0000285C 00000004 C=BSS      S=.bss     G=DGROUP   M=IniFiles ACBP=A9
 0002:00002860 00000004 C=BSS      S=.bss     G=DGROUP   M=Masks    ACBP=A9
 0002:00002864 00000004 C=BSS      S=.bss     G=DGROUP   M=Registry ACBP=A9
 0002:00002868 00000004 C=BSS      S=.bss     G=DGROUP   M=DsgnIntf ACBP=A9
 0002:0000286C 00000004 C=BSS      S=.bss     G=DGROUP   M=DbConsts ACBP=A9
 0002:00002870 00000004 C=BSS      S=.bss     G=DGROUP   M=Mask     ACBP=A9
 0002:00002874 00000004 C=BSS      S=.bss     G=DGROUP   M=ComConst ACBP=A9
 0002:00002878 00000011 C=BSS      S=.bss     G=DGROUP   M=ComObj   ACBP=A9
 0002:0000288C 00000004 C=BSS      S=.bss     G=DGROUP   M=Db       ACBP=A9
 0002:00002890 00000004 C=BSS      S=.bss     G=DGROUP   M=SpotEdit ACBP=A9
 0002:00002894 00000004 C=BSS      S=.bss     G=DGROUP   M=ImskTest ACBP=A9
 0002:00002898 00000004 C=BSS      S=.bss     G=DGROUP   M=imskedit ACBP=A9
 0002:0000289C 00000004 C=BSS      S=.bss     G=DGROUP   M=HSEdit   ACBP=A9
 0002:000028A0 00000004 C=BSS      S=.bss     G=DGROUP   M=JvStrUtils ACBP=A9
 0002:000028A4 00000008 C=BSS      S=.bss     G=DGROUP   M=JvDateUtil ACBP=A9
 0002:000028AC 00000004 C=BSS      S=.bss     G=DGROUP   M=FileCtrl ACBP=A9
 0002:000028B0 00000004 C=BSS      S=.bss     G=DGROUP   M=JvMaxMin ACBP=A9
 0002:000028B4 00000004 C=BSS      S=.bss     G=DGROUP   M=JvConst  ACBP=A9
 0002:000028B8 00000004 C=BSS      S=.bss     G=DGROUP   M=JvCConst ACBP=A9
 0002:000028BC 00000004 C=BSS      S=.bss     G=DGROUP   M=RichEdit ACBP=A9
 0002:000028C0 00000004 C=BSS      S=.bss     G=DGROUP   M=ToolWin  ACBP=A9
 0002:000028C4 00000004 C=BSS      S=.bss     G=DGROUP   M=ComStrs  ACBP=A9
 0002:000028C8 0000000C C=BSS      S=.bss     G=DGROUP   M=ComCtrls ACBP=A9
 0002:000028D4 00000004 C=BSS      S=.bss     G=DGROUP   M=JvTypes  ACBP=A9
 0002:000028D8 00000004 C=BSS      S=.bss     G=DGROUP   M=MMSystem ACBP=A9
 0002:000028DC 00000004 C=BSS      S=.bss     G=DGROUP   M=CPL      ACBP=A9
 0002:000028E0 00000004 C=BSS      S=.bss     G=DGROUP   M=JVCLVer  ACBP=A9
 0002:000028E4 00000004 C=BSS      S=.bss     G=DGROUP   M=JvComponent ACBP=A9
 0002:000028E8 00000004 C=BSS      S=.bss     G=DGROUP   M=JvDirectories ACBP=A9
 0002:000028EC 00000004 C=BSS      S=.bss     G=DGROUP   M=JclResources ACBP=A9
 0002:000028F0 00000004 C=BSS      S=.bss     G=DGROUP   M=JclBase  ACBP=A9
 0002:000028F4 00000004 C=BSS      S=.bss     G=DGROUP   M=JclLogic ACBP=A9
 0002:000028F8 00000504 C=BSS      S=.bss     G=DGROUP   M=JclStrings ACBP=A9
 0002:00002DFC 00000004 C=BSS      S=.bss     G=DGROUP   M=JvFunctions ACBP=A9
 0002:00002E00 00000004 C=BSS      S=.bss     G=DGROUP   M=JvVCLUtils ACBP=A9
 0002:00002E04 00000004 C=BSS      S=.bss     G=DGROUP   M=Gauges   ACBP=A9
 0002:00002E08 00000004 C=BSS      S=.bss     G=DGROUP   M=JvPrgrss ACBP=A9
 0002:00002E0C 00000004 C=BSS      S=.bss     G=DGROUP   M=JvFileUtil ACBP=A9
 0002:00002E10 00000008 C=BSS      S=.bss     G=DGROUP   M=ToolsAPI ACBP=A9
 0002:00002E18 00000004 C=BSS      S=.bss     G=DGROUP   M=HSuFileUtils ACBP=A9
 0002:00002E1C 00000004 C=BSS      S=.bss     G=DGROUP   M=HScHotImage ACBP=A9
 0002:00002E20 0000012C C=BSS      S=.bss     G=DGROUP   M=Unit1    ACBP=A9


  Address         Publics by Name

 0001:00055A40       .
 0001:00055FA8       .
 0001:00056468       .
 0002:00000C04       .
 0001:00056B9C       .
 0002:00000B04       .
 0001:00057968       .
 0002:00000B84       .
 0001:000583F8       .
 0001:000589E4       .
 0001:00058F90       .
 0002:00000AF4       .
 0001:00054DE0       .
 0001:00059BE8       .
 0002:0000006C       .
 0001:0005AEF0       .
 0001:000047F4       .
 0001:000043AC       .
 0001:0005B5C8       .
 0001:0000971C       .
 0001:0005C664       .
 0001:00065E5C       .
 0001:0005C958       .
 0001:000649F4       .
 0002:00000D10       .
 0001:0005CC44       .
 0001:0005E6FC       .
 0001:00060338       .
 0002:000012B0       .
 0001:00064474       .
 0001:0006044C       .
 0001:00063B4C       .
 0001:000634C4       .
 0002:00000F10       .
 0001:000612D8       .
 0001:00062C94       .
 0001:00062758       .
 0001:000625FC       .
 0001:00061AC4       .
 0002:00002810       .01
 0002:00002740       .02
 0002:000028E0       .1
 0002:000024E0       .1
 0002:000028C4       .1
 0002:000028A8       .1
 0002:000028BC       .1
 0002:000024F0       .1
 0002:000028EC       .1
 0002:000028F4       .1
 0002:000028F8       .1
 0002:000024EC       .1
 0002:000026B4       .1
 0002:000026D8       .1
 0002:00002874       .1
 0002:000028B8       .1
 0002:000028B4       .1
 0002:000028B0       .1
 0002:000027F0       .1
 0002:000027F4       .1
 0002:000027F8       .1
 0002:000027FC       .1
 0002:00002800       .1
 0002:00002804       .1
 0002:00002824       .1
 0002:0000280C       .1
 0002:0000271C       .1
 0002:000026EC       .1
 0002:0000281C       .1
 0002:00002610       .1
 0002:000028A0       .1
 0002:00002E08       .1
 0002:00002E0C       .1
 0002:000028DC       .1
 0002:0000286C       .1
 0002:0000288C       .16
 0002:00002E04       .2
 0002:00002E00       .2
 0002:00002DFC       .2
 0002:000028E8       .2
 0002:00002894       .2
 0002:00002F48       .2
 0002:00002738       .2
 0002:00002860       .2
 0002:000026F0       .2
 0002:0000289C       .2
 0002:00002890       .2
 0002:00002898       .2
 0002:00002730       .22
 0002:0000274C       .22
 0002:000024E8       .3
 0002:00002E14       .3
 0002:0000242C       .3
 0002:0000260C       .3
 0002:00002E18       .3
 0002:0000282C       .3
 0002:00002820       .3
 0002:000026F8       .3
 0002:000026F4       .3
 0002:00002E1C       .3
 0002:000028F0       .3
 0002:000027B8       .3
 0002:000028D4       .4
 0002:00002828       .4
 0002:000028C0       .4
 0002:0000285C       .4
 0002:000025FC       .44
 0002:000028C8       .45
 0002:00002868       .45
 0002:00002614       .5
 0002:000028AC       .5
 0002:00002864       .5
 0002:000027D4       .51
 0002:00002870       .6
 0002:00002878       .61
 0002:00002808       .61
 0002:000028D8       .7
 0002:000027B4       .7
 0002:000028E4       .8
 0002:00002654       .81
 0002:00002620       .84
 0002:000026B0       .9
 0002:000027C4       .9
 0001:0000186C       @AbstractError
 0001:00001FF8       @AfterConstruction
 0001:0000483D       @Append
 0001:00001E30       @AsClass
 0001:000045AE       @Assign
 0001:0000193C       @AStrCmp
 0001:00002000       @BeforeDestruction
 0001:00001E7C       @CallDynaInst
 0001:00001FA0       @ClassCreate
 0001:00001FF0       @ClassDestroy
 0001:00004650       @Close
 0001:0000344C       @CopyArray
 0001:00003330       @CopyRecord
 0001:00003698       @DispInvokeError
 0001:00003554       @Dispose
 0001:00002468       @DoneExcept
 0001:00003CDC       @DynArrayAsg
 0001:00003CA0       @DynArrayClear
 0001:00003AE0       @DynArrayHigh
 0001:00003AD8       @DynArrayLength
 0001:00003C94       @DynArraySetLength
 0001:0000468C       @EofText
 0001:0000255C       @ExceptionHandler
 0001:000019AC       @FillChar
 0001:00003324       @Finalize
 0001:0000323C       @FinalizeArray
 0001:00003210       @FinalizeRecord
 0001:00001E94       @FindDynaInst
 0001:00004629       @Flush
 0001:00001BDC       @FpuInit
 0001:00001B18       @FpuMaskInit
 0001:000016F4       @FreeMem
 0001:000016DC       @GetMem
 0001:000050F0       @GetTls
 0001:00002910       @Halt
 0001:000027F0       @Halt0
 0001:0000210C       @HandleAnyException
 0001:000023C0       @HandleFinally
 0001:00002238       @HandleOnException
 0001:00005180       @InitExe
 0001:00003204       @Initialize
 0001:00003170       @InitializeArray
 0001:00003144       @InitializeRecord
 0001:0000274C       @InitImports
 0001:00002730       @InitResStringImports
 0001:00004308       @IntfAddRef
 0001:000042D4       @IntfClear
 0001:000042EC       @IntfCopy
 0001:00001E18       @IsClass
 0001:00001AE8       @isNECWindows
 0001:000602AC       @jcopy_block_row
 0001:00060260       @jcopy_sample_rows
 0001:00059B54       @jinit_1pass_quantizer
 0001:0005ADD0       @jinit_2pass_quantizer
 0001:00063900       @jinit_color_converter
 0001:00058DC4       @jinit_color_deconverter
 0001:00061228       @jinit_compress_master
 0001:000633FC       @jinit_c_coef_controller
 0001:000626D4       @jinit_c_main_controller
 0001:00062534       @jinit_c_master_control
 0001:00062BEC       @jinit_c_prep_controller
 0001:000642EC       @jinit_downsampler
 0001:0005C550       @jinit_d_coef_controller
 0001:0005B4E8       @jinit_d_main_controller
 0001:0005C8C4       @jinit_d_post_controller
 0001:00064964       @jinit_forward_dct
 0001:000583B8       @jinit_huff_decoder
 0001:0006699C       @jinit_huff_encoder
 0001:00055F60       @jinit_input_controller
 0001:0005CBC8       @jinit_inverse_dct
 0001:000601DC       @jinit_marker_reader
 0001:00061A78       @jinit_marker_writer
 0001:00056B64       @jinit_master_decompress
 0001:00055910       @jinit_memory_mgr
 0001:00058964       @jinit_merged_upsampler
 0001:000578F4       @jinit_phuff_decoder
 0001:0006549C       @jinit_phuff_encoder
 0001:0005D128       @jinit_upsampler
 0001:000602BC       @jpeg_abort
 0001:00060320       @jpeg_alloc_huff_table
 0001:00060308       @jpeg_alloc_quant_table
 0001:00065B30       @jpeg_fdct_float
 0001:000658C4       @jpeg_fdct_ifast
 0001:000654E0       @jpeg_fdct_islow
 0001:00057CA0       @jpeg_fill_bit_buffer
 0001:00055A14       @jpeg_free_large
 0001:00055A04       @jpeg_free_small
 0001:000666E0       @jpeg_gen_optimal_table
 0001:00055A0C       @jpeg_get_large
 0001:000559FC       @jpeg_get_small
 0001:00057DB0       @jpeg_huff_decode
 0001:0005E6C0       @jpeg_idct_1x1
 0001:0005E4E4       @jpeg_idct_2x2
 0001:0005E150       @jpeg_idct_4x4
 0001:0005D340       @jpeg_idct_float
 0001:0005D770       @jpeg_idct_ifast
 0001:0005DB7C       @jpeg_idct_islow
 0001:00066028       @jpeg_make_c_derived_tbl
 0001:00057A88       @jpeg_make_d_derived_tbl
 0001:00055A1C       @jpeg_mem_available
 0001:00055A38       @jpeg_mem_init
 0001:00055A3C       @jpeg_mem_term
 0001:00055A28       @jpeg_open_backing_store
 0001:000600B0       @jpeg_resync_to_restart
 0001:0006105C       @jpeg_suppress_tables
 0001:00060248       @jround_up
 0001:00002D5C       @LStrAddRef
 0001:0000294C       @LStrArrayClr
 0001:0000297C       @LStrAsg
 0001:00002BB0       @LStrCat
 0001:00002BF4       @LStrCat3
 0001:00002C68       @LStrCatN
 0001:00002928       @LStrClr
 0001:00002CB8       @LStrCmp
 0001:00002DB0       @LStrCopy
 0001:00002DF0       @LStrDelete
 0001:00002B58       @LStrFromArray
 0001:00002AD0       @LStrFromChar
 0001:00002AE0       @LStrFromPChar
 0001:00002A10       @LStrFromPCharLen
 0001:00002B10       @LStrFromPWChar
 0001:00002A40       @LStrFromPWCharLen
 0001:00002B4C       @LStrFromString
 0001:00002B70       @LStrFromWStr
 0001:00002E38       @LStrInsert
 0001:000029C0       @LStrLAsg
 0001:00002BA8       @LStrLen
 0001:00002E94       @LStrPos
 0001:00002EDC       @LStrSetLength
 0001:00002D6C       @LStrToPChar
 0001:00002B84       @LStrToString
 0001:00003540       @New
 0001:000029EC       @NewAnsiString
 0001:000030E8       @NewWideString
 0001:000049BC       @Pow10
 0001:000018B8       @PStrCmp
 0001:00001888       @PStrNCpy
 0001:00002414       @RaiseAgain
 0001:000023F8       @RaiseExcept
 0001:000046C0       @ReadChar
 0001:0000473F       @ReadCString
 0001:000047CC       @ReadLn
 0001:00002F40       @ReadLString
 0001:00004734       @ReadString
 0001:0000170C       @ReallocMem
 0001:0000482F       @ResetText
 0001:00004836       @RewritText
 0001:00001844       @ROUND
 0001:0000291C       @RunError
 0001:00001AD4       @SetUnion
 0001:00002700       @StartExe
 0001:00001850       @TRUNC
 0001:00002498       @TryFinallyExit
 0001:000019CC       @ValLong
 0001:00003AB4       @VarAddRef
 0001:00003908       @VarCast
 0001:000036B0       @VarClear
 0001:00003AAC       @VarClr
 0001:000036F4       @VarCopy
 0001:00003A38       @VarFromLStr
 0001:00003A78       @VarFromWStr
 0001:000039FC       @VarToLStr
 0001:00004923       @Write0Char
 0001:0000498C       @Write0CString
 0001:000048E8       @Write0String
 0001:00004844       @WriteBytes
 0001:00004975       @WriteChar
 0001:00004990       @WriteCString
 0001:0000490F       @WriteLn
 0001:000048AF       @WriteSpaces
 0001:000048F2       @WriteString
 0001:00002FDC       @WStrArrayClr
 0001:00003000       @WStrAsg
 0001:00002FC4       @WStrClr
 0001:000030CC       @WStrFromLStr
 0001:00003024       @WStrFromPCharLen
 0001:000030A8       @WStrFromPWCharLen
 0001:000030DC       @WStrLen
 0001:00003100       @WStrSetLength
 0001:00001AB0       @_CLenToPasStr
 0001:00001A98       @_CToPasStr
 0001:00004604       @_Flush
 0001:000017AC       @_IOTest
 0001:00004CD6       @_lldiv
 0001:00004D4E       @_lldivo
 0001:00004DC9       @_llmod
 0001:00004E43       @_llmodo
 0001:00004C90       @_llmul
 0001:00004CB3       @_llmulo
 0001:00004EC3       @_llshl
 0001:00004D80       @_lludiv
 0001:00004E75       @_llumod
 0001:00004EFB       @_llushr
 0001:00028538       AbsMin
 0001:0000854C       AbstractErrorHandler
 0002:0000201C       AbstractErrorProc
 0002:0000010C       AccessMode
 0001:0000565C       ActivateKeyboardLayout
 0002:00002774       ActiveDrag
 0001:0000A23C       ActiveX
 0001:0003A0D0       ActnList
 0001:00000414       AddBlockAfter
 0001:00006BDC       AddExitProc
 0001:0000FA90       AddFinished
 0001:0003DC30       AddIn
 0001:00004120       AddModuleUnloadProc
 0001:00004110       AddModuleUnloadProc
 0001:0000FACC       AddNotFinished
 0001:00017C8C       AdjustColor
 0001:00046420       Adjustment
 0001:00005664       AdjustWindowRectEx
 0002:000008A4       Alignments
 0002:00000640       Alignments
 0002:000005FC       Alignments
 0002:000008B4       Alignments
 0001:0004E8D0       AlignWork
 0001:0002EC8C       AlignWork
 0001:00045D04       AllocateHWnd
 0001:00006B90       AllocMem
 0002:00002424       AllocMemCount
 0002:00002428       AllocMemSize
 0001:0001E2AC       AllocPatternBitmap
 0002:0000069C       AnchorAlign
 0002:000028FC       AnsiCaseMap
 0002:0000158C       AnsiCaseMapReady
 0002:00002BFC       AnsiCharTypes
 0001:00006D50       AnsiCompareText
 0001:00007064       AnsiLastChar
 0001:0000566C       AnsiLower
 0001:00006D1C       AnsiLowerCase
 0001:00008B60       AnsiLowerCaseFileName
 0001:00008B28       AnsiPos
 0001:000431D8       AnsiSameCaption
 0001:00006D88       AnsiSameText
 0001:00006DC4       AnsiStrLIComp
 0001:00008BEC       AnsiStrPos
 0001:00008C8C       AnsiStrRScan
 0001:00008CB4       AnsiStrScan
 0001:00006CE8       AnsiUpperCase
 0001:00003790       AnyChangeType
 0002:000027CC       Application
 0002:00000A00       AppVisible
 0001:00008530       AssertErrorHandler
 0002:00002018       AssertErrorProc
 0001:0000A874       AssignLongStr
 0001:0000AA7C       AssignVariant
 0001:0000A8D0       AssignWideStr
 0002:00002478       avail
 0001:00007164       BackfillGetDiskFreeSpaceEx
 0001:0002BB40       BackgroundClipped
 0002:00001474       BaseRegistryKey
 0001:0000C65C       BeginGlobalLoading
 0001:00005674       BeginPaint
 0001:00017CB4       BetterSize
 0001:0003EAD4       BiDiDraw
 0001:000053DC       BitBlt
 0002:0000141C       BitBtnCaptions
 0002:00002830       BitBtnGlyphs
 0002:000005A4       BitCounts
 0002:0000059C       BitmapCanvasList
 0002:0000266C       BitmapImageLock
 0002:000008E8       BlockCode
 0002:00002450       blockDescBlockList
 0002:00002454       blockDescFreeList
 0002:000002C8       BooleanIdents
 0002:000005F4       BorderStyles
 0002:00000958       BorderStyles
 0002:00002E10       BorlandIDEServices
 0001:0000BEC0       Bounds
 0002:0000084C       Breaks
 0002:000026A4       BrushManager
 0001:00053F64       BuildColorMap
 0001:000419F4       BuildImage
 0001:00053EBC       BuildPalette
 0002:00000A4C       ButtonCaptions
 0002:0000144C       ButtonCount
 0002:00000A20       ButtonNames
 0001:0006C16C       Buttons
 0002:000008C8       Buttons
 0002:00000638       ButtonStyles
 0001:00017328       BytesPerScanline
 0001:00017754       ByteSwapColors
 0001:00008AEC       ByteType
 0001:00008A74       ByteTypeTest
 0002:000002D4       C10000
 0001:00045BCC       CalcJmpOffset
 0001:00038010       CalcSplitterPos
 0001:0000567C       CallNextHookEx
 0001:000091CC       CallTerminateProcs
 0001:00005684       CallWindowProc
 0001:00029740       CancelDrag
 0002:000026A8       CanvasList
 0002:00002784       CanvasList
 0002:00000A0C       Captions
 0002:00000754       CaptureControl
 0002:000007EC       cBooleanToItemAutoFlag
 0002:00002736       CF_COMPONENT
 0002:00002734       CF_PICTURE
 0002:000023EC       ChangeAnyProc
 0001:000278EC       ChangeBiDiModeAlignment
 0001:000037FC       ChangeSourceAny
 0002:0000061C       CharCases
 0001:0006DD50       CharIsLower
 0001:0006DD70       CharIsUpper
 0001:0000568C       CharLowerBuff
 0001:00000248       CharNext
 0001:000155E8       CharsetToIdent
 0001:00005694       CharUpperBuff
 0001:000183B0       CheckBool
 0001:00002088       CheckJmp
 0001:0000569C       CheckMenuItem
 0002:0000083C       Checks
 0001:00045AA0       CheckTaskWindow
 0001:00029438       CheckUndock
 0002:000007F0       cItemAutoFlagToBoolean
 0002:000007E8       cItemAutoFlagToMenu
 0002:00002628       ClassAliasList
 0001:00013BB8       Classes
 0002:00002624       ClassList
 0001:0000BF0C       ClassNotFound
 0002:000023E8       ClearAnyProc
 0001:00014EB0       ClearColor
 0001:0006CF7C       ClearExcepInfo
 0001:000056A4       ClientToScreen
 0001:00034F1C       ClientToWindow
 0002:00000594       ClipboardFormats
 0001:000258EC       Clipbrd
 0001:00005204       CloseHandle
 0001:000001E8       CloseHandle
 0002:00002030       CmdLine
 0002:0000202C       CmdShow
 0002:000007E4       cMenuAutoFlagToItem
 0002:000014C0       CoAddRefServerProcess
 0002:000014B8       CoCreateInstanceEx
 0002:000014D0       CoInitFlags
 0001:0000A1E0       CoInitialize
 0002:000014BC       CoInitializeEx
 0002:00000364       Colors
 0001:00015380       ColorToIdent
 0001:00015350       ColorToRGB
 0002:00002880       ComClassManagerVar
 0001:0006C4A0       ComConst
 0001:0006DA6C       ComCtrls
 0002:000027C8       CommandPool
 0001:0001E7F8       Commctrl
 0001:00051B4C       CommDlg
 0001:000006F4       Commit
 0002:00002494       committedRoot
 0001:0006D248       ComObj
 0001:0003D058       CompareFront
 0001:00006C50       CompareMem
 0001:0000520C       CompareString
 0001:00006C70       CompareText
 0002:000014B4       ComponentClassList
 0001:0001061C       ComponentCreated
 0001:000180AC       ComputeAldusChecksum
 0001:0006D8F4       ComStrs
 0001:0000A5E4       Consts
 0001:0001E6FC       Contnrs
 0002:00002752       ControlAtom
 0001:00038D60       Controls
 0001:00007FA4       ConvertAddr
 0001:00006B30       ConvertErrorFmt
 0001:00003AE8       CopyArray
 0001:0001AE74       CopyBitmap
 0001:0001B554       CopyBitmapAsMask
 0001:000053E4       CopyEnhMetaFile
 0001:0006BF60       CopyImage
 0001:0001B4DC       CopyPalette
 0001:00040858       CopyToBest
 0002:000014C4       CoReleaseServerProcess
 0002:000014C8       CoResumeClassObjects
 0002:000014CC       CoSuspendClassObjects
 0001:0000A1E8       CoUninitialize
 0002:00002684       CounterLock
 0001:0006DB14       CPL
 0001:00008474       CreateAssertException
 0001:0000860C       CreateAVObject
 0001:000053EC       CreateBitmap
 0001:000053F4       CreateBrushIndirect
 0001:000053FC       CreateCompatibleBitmap
 0001:00005404       CreateCompatibleDC
 0001:000106B0       CreateComponent
 0001:00005414       CreateDIBitmap
 0001:0000540C       CreateDIBSection
 0001:0000541C       CreateEllipticRgnIndirect
 0001:00005214       CreateEvent
 0001:0000521C       CreateFile
 0001:000001F0       CreateFileA
 0001:00005424       CreateFontIndirect
 0001:0000542C       CreateHalftonePalette
 0001:000056AC       CreateIcon
 0001:000083B0       CreateInOutError
 0001:000056B4       CreateMenu
 0001:00005434       CreatePalette
 0001:0000543C       CreatePenIndirect
 0001:00005444       CreatePolygonRgn
 0001:000056BC       CreatePopupMenu
 0001:0000544C       CreateRectRgnIndirect
 0001:00005454       CreateSolidBrush
 0001:000177AC       CreateSystemPalette
 0001:00005224       CreateThread
 0001:00005BCC       CreateWindow
 0001:000056C4       CreateWindowEx
 0002:00000694       CreationControl
 0002:0000068C       CSHREDRAW
 0002:00000790       Ctl3DStyles
 0002:0000248C       curAlloc
 0002:000024FC       CurrencyDecimals
 0002:000024F8       CurrencyFormat
 0002:000024F4       CurrencyString
 0002:00000984       CursorMap
 0002:000006A4       Cursors
 0001:00027BE0       CursorToIdent
 0002:00000030       cwChop
 0002:000024FD       DateSeparator
 0001:0006D550       Db
 0001:0006C418       DbConsts
 0002:00000360       DDBsOnly
 0001:00045DC0       DeallocateHWnd
 0002:00000008       DebugHook
 0002:000024FB       DecimalSeparator
 0001:00000788       Decommit
 0001:00000DA4       DecommitFree
 0002:00002468       decommittedRoot
 0001:0004F5D0       Default
 0001:000490F8       Default
 0002:00000000       Default8087CW
 0002:00000698       DefaultDockTreeClass
 0002:00000564       DefBrushData
 0002:00000334       DefFontData
 0001:000056CC       DefFrameProc
 0002:000001B0       DefLongDayNames
 0002:00000164       DefLongMonthNames
 0001:000056D4       DefMDIChildProc
 0002:00000544       DefPenData
 0002:00000194       DefShortDayNames
 0002:00000134       DefShortMonthNames
 0001:000056DC       DefWindowProc
 0001:00070B00       Delay
 0001:00000444       DeleteBlock
 0001:0000522C       DeleteCriticalSection
 0001:000003B4       DeleteCriticalSection
 0001:00005464       DeleteDC
 0001:0000546C       DeleteEnhMetaFile
 0001:00000BEC       DeleteFree
 0001:000056E4       DeleteMenu
 0001:00005474       DeleteObject
 0001:0001A914       DeselectBitmap
 0001:000056EC       DestroyCursor
 0001:000056F4       DestroyIcon
 0001:0006C090       DestroyLocals
 0001:000056FC       DestroyMenu
 0001:00005704       DestroyWindow
 0001:00053224       Dialogs
 0002:000005A0       DIBPalSizes
 0002:0000005C       dig
 0002:0000163C       Digits
 0002:000013F8       Digits
 0001:0004588C       DisableTaskWindows
 0001:0006C9F4       DispatchInvoke
 0001:0006CF70       DispatchInvokeError
 0001:0000570C       DispatchMessage
 0001:0004D0E4       DispatchShortCut
 0001:0006CF8C       DispCall
 0001:0006D074       DispCallByID
 0002:00000018       DispCallByIDProc
 0001:0006CE9C       DispCallError
 0001:00052FCC       Dlgs
 0001:0004E754       DoAlign
 0001:0002EB08       DoAlign
 0001:00033C20       DoCalcConstraints
 0002:0000277C       DockSiteList
 0001:000416CC       DoClick
 0001:000304A8       DoControlMsg
 0001:0004581C       DoDisableWindow
 0001:00028C58       DoDragOver
 0001:00006BB0       DoExitProc
 0001:00035DB0       DoFindControlZone
 0001:00045998       DoFindWindow
 0001:000365A0       DoFindZone
 0001:00035E54       DoForEach
 0001:00037DF8       DoGetNextLimit
 0001:000457E0       DoneApplication
 0001:00038B94       DoneControls
 0001:000089B0       DoneExceptions
 0001:0004B050       DoNestedActivation
 0001:0004E554       DoPosition
 0001:0002E740       DoPosition
 0001:0003713C       DoPrune
 0001:000377C4       DoSaveZone
 0001:00037A00       DoSetNewBounds
 0002:000002D0       DotSep
 0002:00001450       DownStyles
 0001:0003B88C       DoWrite
 0001:0002CE5C       DoWrite
 0001:0000D7C4       DoWrite
 0001:000196C4       DoWrite
 0001:00018658       DoWrite
 0001:0000545C       DPtoLP
 0002:00002760       DragCapture
 0002:00002754       DragControl
 0001:000294B8       DragDone
 0001:00028BEC       DragFindTarget
 0001:00028BA8       DragFindWindow
 0002:0000275C       DragFreeObject
 0002:00002778       DragImageList
 0001:000290A8       DragInit
 0001:00029250       DragInitControl
 0001:00028B0C       DragMessage
 0002:00002758       DragObject
 0002:0000276C       DragSaveCursor
 0002:00002764       DragStartPos
 0002:00002770       DragThreshold
 0001:00028D78       DragTo
 0001:0004F60C       DrawAppIcon
 0002:000015A4       DrawBitmap
 0001:00036C04       DrawCloseButton
 0001:00005714       DrawEdge
 0001:0000571C       DrawFocusRect
 0001:00005724       DrawFrameControl
 0001:00036C5C       DrawGrabberLine
 0001:0000572C       DrawIcon
 0001:00005734       DrawIconEx
 0002:000007C8       DrawingStyles
 0001:0000573C       DrawMenuBar
 0001:00042F6C       DrawMenuItem
 0001:00005744       DrawText
 0001:0006C3E0       DsgnIntf
 0001:00017180       DupBits
 0001:00003B00       DynArrayClear
 0001:00003B08       DynArraySetLength
 0002:000008AC       EdgeStyle
 0002:00000780       EdgeStyles
 0002:0000147C       EditorGroupList
 0001:00008384       EHeapException.FreeInstance
 0001:0000547C       Ellipse
 0001:0005354C       EmitMessage
 0002:00002414       EmptyParam
 0002:000000C8       EmptyStr
 0001:0000574C       EnableMenuItem
 0002:00000844       Enables
 0001:00005754       EnableScrollBar
 0001:00045944       EnableTaskWindows
 0001:0000575C       EnableWindow
 0001:0000C704       EndGlobalLoading
 0001:00005764       EndPaint
 0001:000003A4       EnterCriticalSection
 0001:00005234       EnterCriticalSection
 0001:0000523C       EnumCalendarInfoA
 0002:000026D4       EnumDisplayMonitors
 0001:00007BF0       EnumEraNames
 0001:00007C2C       EnumEraYearOffsets
 0001:000496C0       EnumMonitorsProc
 0001:0000576C       EnumThreadWindows
 0001:0000FEA8       EnumValue
 0001:00005774       EnumWindows
 0001:0006C724       EOleException.Create
 0001:0006C654       EOleSysError.Create
 0001:0000577C       EqualRect
 0002:000025C0       EraNames
 0002:000025DC       EraYearOffsets
 0002:00000054       errCaption
 0001:0000F608       Error
 0001:0003CD60       Error
 0001:00001768       Error
 0002:00002040       ErrorAddr
 0001:00008430       ErrorHandler
 0002:000001CC       ErrorMap
 0002:00002004       ErrorProc
 0001:00007F8C       ExceptAddr
 0002:00002008       ExceptClsProc
 0001:000088D4       ExceptHandler
 0001:000081B0       Exception.Create
 0001:000081EC       Exception.CreateFmt
 0001:0000833C       Exception.CreateHelp
 0001:0000826C       Exception.CreateRes
 0001:000082A8       Exception.CreateResFmt
 0002:00002010       ExceptionClass
 0001:00007FB0       ExceptionErrorMessage
 0002:00000204       ExceptMap
 0001:00007F74       ExceptObject
 0002:0000200C       ExceptObjProc
 0002:00002000       ExceptProc
 0001:00005484       ExcludeClipRect
 0002:00002038       ExitCode
 0001:000027BC       ExitDll
 0002:0000203C       ExitProc
 0001:00000250       ExitProcess
 0002:00000108       ExitProcList
 0001:00052F94       ExtCtrls
 0002:0000066C       ExtendSelects
 0001:0000711C       ExtractFileExt
 0001:000070E4       ExtractFileName
 0001:0006F150       ExtractWord
 0001:00066FE8       ExtractWord
 0001:0000548C       ExtSelectClipRgn
 0002:0000273C       FClipboard
 0002:000014E4       FieldTypeNames
 0001:00006FEC       FileAge
 0001:00006FE4       FileClose
 0001:00006F5C       FileCreate
 0001:0006D744       FileCtrl
 0001:00007054       FileExists
 0002:00000598       FileFormats
 0002:0000204A       FileMode
 0001:00006F1C       FileOpen
 0001:00006F80       FileRead
 0002:000002D8       FilerSignature
 0001:00006FD8       FileSeek
 0001:00005244       FileTimeToDosDateTime
 0001:0000524C       FileTimeToLocalFileTime
 0001:00006FAC       FileWrite
 0001:00000CD4       FillAfterGap
 0001:00000C80       FillBeforeGap
 0001:00000D6C       FillerSizeAfterGap
 0001:00000CFC       FillerSizeBeforeGap
 0001:0006FE48       FillNBkeys
 0001:00005784       FillRect
 0002:00001458       FillStyles
 0001:0006DC34       Finalization
 0001:0006DBFC       Finalization
 0001:0006DBC4       Finalization
 0001:0006DB8C       Finalization
 0001:0006DB54       Finalization
 0001:00038D0C       Finalization
 0001:0006DB1C       Finalization
 0001:0006DAE4       Finalization
 0001:0006DAAC       Finalization
 0001:0006DA74       Finalization
 0001:0006D9F4       Finalization
 0001:0006DD90       Finalization
 0001:0006D8C4       Finalization
 0001:0006D88C       Finalization
 0001:0006D854       Finalization
 0001:0003A0A0       Finalization
 0001:00005FF8       Finalization
 0001:00005D30       Finalization
 0001:0006DE14       Finalization
 0001:00005CF8       Finalization
 0001:0006DE80       Finalization
 0001:0006D81C       Finalization
 0001:0006D784       Finalization
 0001:0006D74C       Finalization
 0001:000669E0       Finalization
 0001:0003BE48       Finalization
 0001:00067840       Finalization
 0001:0006D714       Finalization
 0001:00069954       Finalization
 0001:00009FE4       Finalization
 0001:00004F18       Finalization
 0001:0006C134       Finalization
 0001:0006C1AC       Finalization
 0001:0006D670       Finalization
 0001:0006C1FC       Finalization
 0001:00025A7C       Finalization
 0001:0006C24C       Finalization
 0001:000258B0       Finalization
 0001:0006C35C       Finalization
 0001:00025878       Finalization
 0001:00013B00       Finalization
 0001:0001F368       Finalization
 0001:000715AC       Finalization
 0001:0000A20C       Finalization
 0001:0000A5B4       Finalization
 0001:0006DEC0       Finalization
 0001:0001F044       Finalization
 0001:0006DEF8       Finalization
 0001:0000AB4C       Finalization
 0001:0006DFB0       Finalization
 0001:000432E0       Finalization
 0001:0006D638       Finalization
 0001:0006C3E8       Finalization
 0001:0001F00C       Finalization
 0001:0006C420       Finalization
 0001:0001EFD4       Finalization
 0001:0006C470       Finalization
 0001:000051B4       Finalization
 0001:0001EF94       Finalization
 0001:0006FB24       Finalization
 0001:0006D1C8       Finalization
 0001:0001EF54       Finalization
 0001:0006DFE8       Finalization
 0001:0001E7C8       Finalization
 0001:0001E6CC       Finalization
 0001:0001E2F4       Finalization
 0001:000715E4       Finalization
 0001:0006E0F0       Finalization
 0001:0006D600       Finalization
 0001:0006D508       Finalization
 0001:0006D558       Finalization
 0001:0006D590       Finalization
 0001:0006D5C8       Finalization
 0001:00053258       Finalization
 0001:000531C8       Finalization
 0001:00052F9C       Finalization
 0001:00052F64       Finalization
 0001:00051B1C       Finalization
 0001:00051AE4       Finalization
 0001:00051AAC       Finalization
 0001:00051A74       Finalization
 0001:00051A3C       Finalization
 0001:00051A04       Finalization
 0001:00051990       Finalization
 0001:00003AF8       FinalizeArray
 0001:0004140C       Find
 0001:00003D58       FindBS
 0001:0006EC60       FindChars
 0001:00066B34       FindChars
 0001:0000C03C       FindClass
 0001:00003D2C       FindClassHInstance
 0001:00005254       FindClose
 0001:00000260       FindClose
 0001:00000C50       FindCommitted
 0001:000279C8       FindControl
 0001:00036804       FindControlAtPos
 0001:000297A8       FindDragTarget
 0001:00010864       FindExistingComponent
 0001:00000268       FindFirstFile
 0001:0000525C       FindFirstFile
 0001:00045B00       FindGlobalComponent
 0002:0000261C       FindGlobalComponent
 0001:00003D04       FindHInstance
 0001:0000C464       FindIdentToInt
 0002:00002818       FindMsg
 0001:0000F988       FindNestedComponent
 0001:0003CD10       FindPopupControl
 0001:00005264       FindResource
 0001:00003D34       FindResourceHInstance
 0001:00051290       FindScanline
 0001:00045A10       FindTopMostWindow
 0001:000117EC       FindUniqueName
 0001:00029758       FindVCLWindow
 0001:0000578C       FindWindow
 0001:00002640       FInitUnits
 0001:0001AE04       FixupBitFields
 0002:000008BC       Flags
 0002:00002608       FLanguages
 0001:0001F398       FlatSB
 0002:000026FC       FlatSB_EnableScrollBar
 0002:00002708       FlatSB_GetScrollInfo
 0002:0000270C       FlatSB_GetScrollPos
 0002:00002704       FlatSB_GetScrollRange
 0002:00002714       FlatSB_SetScrollInfo
 0002:00002710       FlatSB_SetScrollPos
 0001:0001F088       FlatSB_SetScrollProp
 0002:00002718       FlatSB_SetScrollRange
 0002:00002700       FlatSB_ShowScrollBar
 0001:00009CE1       FloatToDecimal
 0001:0000973E       FloatToText
 0001:00009A0E       FloatToTextFmt
 0001:00007908       FmtStr
 0002:000008D4       FocusCount
 0002:000008D0       FocusMessages
 0002:000004B4       FontCharsets
 0002:0000269C       FontManager
 0001:00045ACC       ForegroundTask
 0002:00002E20       Form1
 0001:000078F4       Format
 0001:00007494       FormatBuf
 0001:00007488       FormatClearStr
 0001:0000741C       FormatError
 0002:0000012C       FormatErrorStrs
 0001:0000526C       FormatMessage
 0001:00053554       FormatMessage
 0001:00007474       FormatVarToStr
 0001:000519E4       Forms
 0002:000028A4       FourDigitYear
 0001:000049BC       FPower10
 0002:000005F0       FPrinter
 0001:00005794       FrameRect
 0001:000093B8       FreeAndNil
 0001:000009BC       FreeCommitted
 0001:00000EC4       FreeCurAlloc
 0001:000298B4       FreeDeviceContext
 0001:00029970       FreeDeviceContexts
 0001:00013A70       FreeIntConstList
 0001:00000270       FreeLibrary
 0001:00005274       FreeLibrary
 0001:0001A868       FreeMemoryContexts
 0001:00045CD0       FreeObjectInstance
 0001:0000527C       FreeResource
 0001:0000063C       FreeSpace
 0001:000091E8       FreeTerminateProcs
 0001:000124C8       FreeThreadWindow
 0002:000028D0       FRichEditModule
 0001:0006DEF0       Gauges
 0001:000700D0       GCd
 0001:0001715C       GDICheck
 0001:000170B0       GDIError
 0001:00005494       GdiFlush
 0001:0000579C       GetActiveWindow
 0001:0004ECCC       GetAnimation
 0001:0000549C       GetBitmapBits
 0001:000003BC       GetBlockDesc
 0001:000054A4       GetBrushOrgEx
 0001:000057A4       GetCapture
 0001:00027CD8       GetCaptureControl
 0001:0000BF7C       GetClass
 0001:000057AC       GetClassInfo
 0001:000057B4       GetClientRect
 0001:000057BC       GetClipboardData
 0001:000190BC       GetClipboardFormats
 0001:000054AC       GetClipBox
 0001:00000358       GetCmdShow
 0001:0003A2D8       GetColor
 0001:00000278       GetCommandLine
 0001:00000808       GetCommitted
 0001:00000898       GetCommittedAt
 0001:0002FED0       GetControlAtPos
 0001:00005284       GetCPInfo
 0001:000054B4       GetCurrentPositionEx
 0001:0000528C       GetCurrentProcessId
 0001:00005294       GetCurrentThreadId
 0001:000043A4       GetCurrentThreadId
 0001:00005B48       GetCurrentTime
 0001:000057C4       GetCursor
 0001:000512A4       GetCursorHeightMargin
 0001:000057CC       GetCursorPos
 0001:000057D4       GetDC
 0001:000057DC       GetDCEx
 0001:000054BC       GetDCOrgEx
 0001:0001DE60       GetDefFontCharSet
 0001:000057E4       GetDesktopWindow
 0001:000054D4       GetDeviceCaps
 0001:0001837C       GetDIB
 0001:000054C4       GetDIBColorTable
 0001:000054CC       GetDIBits
 0001:00018298       GetDIBSizes
 0001:000172EC       GetDInColors
 0001:0000529C       GetDiskFreeSpaceA
 0002:00000104       GetDiskFreeSpaceEx
 0001:00037EF8       GetDockAlign
 0001:00028940       GetDockSiteAtPos
 0001:00028CA8       GetDropCtl
 0001:00001E4C       GetDynaMethod
 0001:000054DC       GetEnhMetaFileBits
 0001:000054E4       GetEnhMetaFileHeader
 0001:000054EC       GetEnhMetaFilePaletteEntries
 0001:0000A624       GetEnumNameValue
 0001:0000A670       GetEnumValue
 0001:00007CA4       GetEraNamesAndYearOffsets
 0001:0000A1F8       GetErrorInfo
 0001:000085F8       GetExceptionClass
 0001:000087D8       GetExceptionObject
 0001:0000C068       GetFieldClass
 0001:0000BF00       GetFieldClassTable
 0001:00019090       GetFileFormats
 0001:00000200       GetFileSize
 0001:000001F8       GetFileType
 0001:000057EC       GetFocus
 0001:00015638       GetFontData
 0001:000057F4       GetForegroundWindow
 0001:00008DAC       GetFormatSettings
 0001:00014B14       GetHashCode
 0001:0004EA6C       GetHint
 0001:0004EAB4       GetHintControl
 0001:00043144       GetHotkey
 0001:000057FC       GetIconInfo
 0001:0006CD24       GetIDsOfNames
 0001:00005814       GetKeyboardLayout
 0001:0000581C       GetKeyboardLayoutList
 0001:00005824       GetKeyboardState
 0001:00001AE0       GetKeyboardType
 0001:00005804       GetKeyNameText
 0001:0000580C       GetKeyState
 0001:0000582C       GetLastActivePopup
 0001:00000280       GetLastError
 0001:000052A4       GetLastError
 0001:00007A68       GetLocaleChar
 0001:000052AC       GetLocaleInfo
 0001:00000288       GetLocaleInfo
 0001:00007A1C       GetLocaleStr
 0001:00027C84       GetLongHint
 0001:00068670       GetMaskList
 0001:00005834       GetMenu
 0001:0004BC50       GetMenuHelpContext
 0001:0000583C       GetMenuItemCount
 0001:00005844       GetMenuItemID
 0001:0000584C       GetMenuItemInfo
 0001:0003F504       GetMenuSize
 0001:00005854       GetMenuState
 0001:0000585C       GetMenuString
 0001:000052B4       GetModuleFileName
 0001:00005078       GetModuleFileName
 0001:00000290       GetModuleFileName
 0001:00005080       GetModuleHandle
 0001:00000298       GetModuleHandle
 0001:000052BC       GetModuleHandle
 0002:000026D0       GetMonitorInfo
 0002:000026C8       GetMonitorInfoA
 0002:000026CC       GetMonitorInfoW
 0001:00007ACC       GetMonthDayNames
 0001:00005864       GetNextWindow
 0001:000054F4       GetObject
 0001:0000A714       GetOrdProp
 0001:000054FC       GetPaletteEntries
 0001:0000586C       GetParent
 0001:00045F80       GetParentForm
 0001:00005504       GetPixel
 0001:0006EDEC       GetPointsCount
 0001:00066CC0       GetPointsCount
 0001:000002A0       GetProcAddress
 0001:000052C4       GetProcAddress
 0001:00005874       GetProp
 0001:0000A6A8       GetPropInfo
 0001:00046558       GetRealScrollPosition
 0001:0003A29C       GetRGBColor
 0001:0000550C       GetRgnBox
 0001:0000587C       GetScrollInfo
 0001:00005884       GetScrollPos
 0001:0000588C       GetScrollRange
 0001:00027C30       GetShortHint
 0001:00000560       GetSpace
 0001:000005C4       GetSpaceAt
 0001:0003CDD8       GetSpecialName
 0001:000002A8       GetStartupInfo
 0001:00000208       GetStdHandle
 0001:00005514       GetStockObject
 0001:000052CC       GetStringTypeExA
 0001:00005894       GetSubMenu
 0001:0000589C       GetSysColor
 0001:000052D4       GetSystemInfo
 0001:000058A4       GetSystemMenu
 0002:000026B8       GetSystemMetrics
 0001:000058AC       GetSystemMetrics
 0001:0000551C       GetSystemPaletteEntries
 0001:00005524       GetTextExtentPoint32
 0001:0000552C       GetTextMetrics
 0001:000052DC       GetThreadLocale
 0001:000002B0       GetThreadLocale
 0001:000052E4       GetTickCount
 0001:0004F308       GetTopMostWindows
 0001:00027E28       GetTopParent
 0001:000058B4       GetTopWindow
 0001:0000A618       GetTypeData
 0001:0006ECD8       GetValueKindFromString
 0001:00066BAC       GetValueKindFromString
 0001:000052EC       GetVersion
 0001:000052F4       GetVersionEx
 0001:000058BC       GetWindow
 0001:000058C4       GetWindowDC
 0001:000058CC       GetWindowLong
 0001:0000553C       GetWindowOrgEx
 0001:000058D4       GetWindowPlacement
 0001:000058DC       GetWindowRect
 0001:000058E4       GetWindowText
 0001:000058EC       GetWindowThreadProcessId
 0001:00005534       GetWinMetaFileBits
 0001:000052FC       GlobalAddAtom
 0001:00005304       GlobalAlloc
 0001:00005B54       GlobalAllocPtr
 0001:0000530C       GlobalDeleteAtom
 0002:00002630       GlobalFixupList
 0001:0000FB20       GlobalFixupReferences
 0001:00005314       GlobalFree
 0001:00005B80       GlobalFreePtr
 0001:00005324       GlobalHandle
 0001:0000531C       GlobalLock
 0002:00002618       GlobalNameSpace
 0001:0000532C       GlobalReAlloc
 0001:00005B64       GlobalReAllocPtr
 0001:00005334       GlobalUnlock
 0002:00001448       GlyphCache
 0001:0001E3C8       Graphics
 0002:000002B8       GUID_NULL
 0001:00010F9C       HandleException
 0002:00000004       HeapAllocFlags
 0002:00002434       heapErrorCode
 0002:00002438       heapLock
 0002:00002814       HelpMsg
 0002:00000100       HexDisplayPrefix
 0001:00005B40       HiByte
 0002:00000628       HideSelections
 0002:000024DC       HInstance
 0002:000027E4       HintDoneEvent
 0001:0004EBB0       HintGetMsgHook
 0002:000027E8       HintHook
 0001:0004EB50       HintMouseThread
 0002:000027EC       HintThread
 0002:000027E0       HintThreadID
 0001:0004EAFC       HintTimerProc
 0002:000008CC       HintWindowClass
 0001:0004EBF4       HookHintHooks
 0001:00069984       HotImage
 0001:00067870       hotparse
 0001:0006FB54       HScHotImage
 0001:0006D630       HSEdit
 0001:0006E12C       HSuFileUtils
 0002:000015AC       HSUnitName
 0001:00005C00       HwndMSWheel
 0002:00000860       IBreaks
 0002:0000086C       IChecks
 0002:00000874       IDefaults
 0001:00015610       IdentToCharset
 0001:000153A8       IdentToColor
 0001:00027C08       IdentToCursor
 0001:0000C4FC       IdentToInt
 0002:0000087C       IEnables
 0001:00040814       IfHotkeyAvailable
 0001:0001E71C       ImageList_Add
 0001:0001E73C       ImageList_AddIcon
 0001:0001E768       ImageList_BeginDrag
 0001:0001E704       ImageList_Create
 0001:0001E70C       ImageList_Destroy
 0001:0001E778       ImageList_DragEnter
 0001:0001E780       ImageList_DragLeave
 0001:0001E788       ImageList_DragMove
 0001:0001E798       ImageList_DragShowNolock
 0001:0001E748       ImageList_Draw
 0001:0001E758       ImageList_DrawEx
 0001:0001E770       ImageList_EndDrag
 0001:0001E734       ImageList_GetBkColor
 0001:0001E7A0       ImageList_GetDragImage
 0001:0001E7B8       ImageList_GetIconSize
 0001:0001E714       ImageList_GetImageCount
 0001:0001E7A8       ImageList_Read
 0001:0001E760       ImageList_Remove
 0001:0001E750       ImageList_Replace
 0001:0001E724       ImageList_ReplaceIcon
 0001:0001E72C       ImageList_SetBkColor
 0001:0001E790       ImageList_SetDragCursorImage
 0001:0001E7C0       ImageList_SetIconSize
 0001:0001E7B0       ImageList_Write
 0002:000007D8       Images
 0001:0003BE78       ImgList
 0001:0001EFC4       Imm
 0002:000007B4       IMM32DLL
 0001:00038B68       Imm32IsIME
 0001:0006D5F8       imskedit
 0001:0006D5C0       ImskTest
 0001:000058F4       InflateRect
 0001:0006C1F4       IniFiles
 0001:00000A48       InitAllocator
 0001:0001E800       InitAnApi
 0002:000026E0       InitApis
 0001:0006D150       InitComObj
 0001:0000C778       InitComponent
 0002:000024A4       InitContext
 0001:00038C08       InitControls
 0001:00045BA8       InitCtl3D
 0001:00053824       InitDecompressor
 0001:0005486C       InitDefaults
 0001:0001DEB8       InitDefFontData
 0001:00009208       InitDriveSpacePtr
 0001:000088E4       InitExceptions
 0001:0001F0E4       InitFlatSB
 0001:00053078       InitGlobals
 0001:000180EC       InitializeBitmapInfoHeader
 0001:0000533C       InitializeCriticalSection
 0001:0000039C       InitializeCriticalSection
 0002:00002430       initialized
 0001:0001F0BC       InitializeFlatSB
 0001:00005134       InitializeModule
 0001:000387C8       InitIMM32
 0001:0000C82C       InitInheritedComponent
 0001:0001EEE8       InitMultiMonStubs
 0001:00008A1C       InitPlatformId
 0002:00002034       InitProc
 0001:0001DE20       InitScreenLogPixels
 0001:00008CF4       InitSysLocale
 0001:000050A0       InitThreadTLS
 0001:000026A0       InitUnits
 0001:00027914       InitWndProc
 0002:00000760       InnerStyles
 0002:00002050       Input
 0001:0002E6AC       InsertBefore
 0001:0004E4C0       InsertBefore
 0001:00000E3C       InsertFree
 0001:000408E8       InsertHotkeyFarEastFormat
 0001:000058FC       InsertMenu
 0001:00005904       InsertMenuItem
 0002:000027D8       InstBlockList
 0002:000027DC       InstFreeList
 0002:0000262C       IntConstList
 0002:00000674       IntegralHeights
 0001:00000350       InterlockedDecrement
 0001:00000348       InterlockedIncrement
 0001:00014A90       InternalDeletePalette
 0001:00000CB0       InternalFreeMem
 0001:000182BC       InternalGetDIB
 0001:00018220       InternalGetDIBSizes
 0002:00001484       InternalPropertyCategoryList
 0001:0000C5B8       InternalReadComponentRes
 0001:00005544       IntersectClipRect
 0001:0000590C       IntersectRect
 0001:0000C55C       IntToIdent
 0001:00006E98       IntToStr
 0001:00005914       InvalidateRect
 0001:00017038       InvalidBitmap
 0001:00017018       InvalidGraphic
 0001:00017044       InvalidIcon
 0001:00017050       InvalidMetafile
 0001:000534C0       InvalidOperation
 0001:00016FF8       InvalidOperation
 0002:00002604       InvalidPointer
 0001:00001D04       InvokeImplGetter
 0001:000017DC       IOResult
 0002:0000089C       IOwnerDraw
 0002:00000884       IRadios
 0002:00000894       IRTL
 0001:00045F08       IsAccel
 0001:00041DF4       IsAccelChar
 0001:0002869C       IsBeforeTargetWindow
 0001:0000591C       IsChild
 0002:00002048       IsConsole
 0001:00028B74       IsDelphiHandle
 0001:00005924       IsDialogMessage
 0002:0000088C       ISeparators
 0001:0000A1D8       IsEqualIID
 0001:0000592C       IsIconic
 0001:00041E88       IsInitialChar
 0002:00002028       IsLibrary
 0001:00069520       IsMaskPresent
 0002:00002049       IsMultiThread
 0001:00005934       IsRectEmpty
 0001:000288F4       IsSiteChildOfClient
 0001:00006E34       IsValidIdent
 0001:0000593C       IsWindow
 0001:00005944       IsWindowEnabled
 0001:0000594C       IsWindowVisible
 0001:00005954       IsZoomed
 0001:0003D214       Iterate
 0001:0003D280       IterateMenus
 0001:0006DC2C       JclBase
 0001:0006DC64       JclLogic
 0001:0006DBF4       JclResources
 0001:0006DDC0       JclStrings
 0001:00053288       jconsts
 0002:0000000C       JITEnable
 0001:00066A20       jpeg
 0002:00000A78       JPEGDefaults
 0001:000534D8       JpegError
 0001:000564F8       jpeg_calc_output_dimensions
 0001:00054C1C       jpeg_consume_input
 0001:00060F94       jpeg_CreateCompress
 0001:000548AC       jpeg_CreateDecompress
 0001:000602E8       jpeg_destroy
 0001:00054974       jpeg_destroy_decompress
 0001:000610A4       jpeg_finish_compress
 0001:00054D30       jpeg_finish_decompress
 0001:000563E0       jpeg_finish_output
 0001:00054CFC       jpeg_has_multiple_scans
 0001:00054BB0       jpeg_read_header
 0001:00056244       jpeg_read_scanlines
 0001:00060770       jpeg_set_colorspace
 0001:0006060C       jpeg_set_defaults
 0001:00060548       jpeg_set_quality
 0001:00060BD8       jpeg_simple_progression
 0001:00060DBC       jpeg_start_compress
 0001:000560C0       jpeg_start_decompress
 0001:00056380       jpeg_start_output
 0001:0006040C       jpeg_stdio_dest
 0001:00056054       jpeg_stdio_src
 0002:00000A80       jpeg_std_error
 0001:00060E28       jpeg_write_scanlines
 0001:0006D84C       JvCConst
 0001:0006DB4C       JVCLVer
 0001:0006DB84       JvComponent
 0001:0006D7B4       JvConst
 0001:0006D6A0       JvDateUtil
 0001:0006DBBC       JvDirectories
 0001:0006DFE0       JvFileUtil
 0001:0006DE5C       JvFunctions
 0001:0006D77C       JvMaxMin
 0001:0006DF34       JvPrgrss
 0001:0006D668       JvStrUtils
 0001:0006DAA4       JvTypes
 0001:0006DEB8       JvVCLUtils
 0001:00045E9C       KeyboardStateToShiftState
 0001:00045E54       KeyDataToShiftState
 0002:00002E24       keymap
 0001:00045DF8       KeysToShiftState
 0001:0000595C       KillTimer
 0001:00007094       LastDelimiter
 0002:000000E0       LeadBytes
 0001:00005344       LeaveCriticalSection
 0001:000003AC       LeaveCriticalSection
 0001:0006EE44       LeftValue
 0001:00066D18       LeftValue
 0002:0000001C       LibModuleList
 0001:00005554       LineTo
 0001:00029804       ListAdd
 0001:0002983C       ListRemove
 0002:000025F8       ListSeparator
 0001:00005964       LoadBitmap
 0001:0006DCA8       LoadCaseMap
 0001:0006DC6C       LoadCharTypes
 0001:0006C7F0       LoadComExProcs
 0001:0000596C       LoadCursor
 0001:00005974       LoadIcon
 0001:0000597C       LoadKeyboardLayout
 0001:0000534C       LoadLibrary
 0001:000002B8       LoadLibraryEx
 0001:00005354       LoadResource
 0001:00003F14       LoadResourceModule
 0001:0000427C       LoadResString
 0001:000002C0       LoadString
 0001:00005984       LoadString
 0001:0000037C       LocalAlloc
 0001:00005088       LocalAlloc
 0001:00000384       LocalFree
 0001:00007A90       LocalGetLocaleStr
 0001:0000535C       LockResource
 0002:00002504       LongDateFormat
 0002:00002598       LongDayNames
 0002:0000254C       LongMonthNames
 0002:00002518       LongTimeFormat
 0001:0000554C       LPtoDP
 0001:000002C8       lstrcpy
 0001:000053D4       lstrcpy
 0001:000002D0       lstrcpyn
 0001:000002D8       lstrlen
 0002:00002020       MainInstance
 0002:00002024       MainThreadID
 0001:0007028C       MakeArray
 0001:0000040C       MakeEmpty
 0001:0000276C       MakeErrorMessage
 0001:00070338       MakeHotty
 0002:000007A0       MakeLast
 0001:00005B34       MakeLong
 0001:00045BF0       MakeObjectInstance
 0001:00005B94       MakeROP4
 0001:00008578       MapException
 0001:000024BC       MapToRunError
 0001:0000598C       MapVirtualKey
 0001:00005994       MapWindowPoints
 0002:000007C0       Mask
 0001:0006C450       Mask
 0001:0000555C       MaskBlt
 0002:00001418       MaskItemMask
 0001:0006C22C       Masks
 0001:0001F004       Math
 0001:0001EFCC       Max
 0001:00049144       MaximizedChildren
 0002:00000024       MemoryManager
 0002:000007F4       MenuKeyCaps
 0001:00043350       Menus
 0001:0000045C       MergeBlockAfter
 0001:00000F10       MergeCommit
 0001:00000258       MessageBox
 0001:0000599C       MessageBox
 0001:00005D60       Messages
 0001:0000D10C       Min
 0001:00037DCC       Min
 0001:0002DE10       MinVar
 0002:000026E8       MMAvailable
 0001:0006DADC       MMSystem
 0002:00001488       ModalResults
 0002:000007B8       ModeMap
 0001:0004B474       ModifySystemMenu
 0002:000000B0       Module
 0002:000024D1       ModuleIsCpp
 0002:000024D0       ModuleIsLib
 0001:00013AEC       ModuleUnload
 0002:00000020       ModuleUnloadList
 0002:000026C4       MonitorFromPoint
 0002:000026C0       MonitorFromRect
 0002:000026BC       MonitorFromWindow
 0002:00002744       Mouse
 0001:000017F4       Move
 0001:00005564       MoveToEx
 0001:00029878       MoveWindowOrg
 0001:00005364       MulDiv
 0001:0000536C       MultiByteToWideChar
 0001:000002E0       MultiByteToWideChar
 0002:0000067C       MultiColumns
 0001:0001EF84       MultiMon
 0002:00000664       MultiSelects
 0002:0000165C       NBKeyb
 0002:00002E2C       NBKeys
 0001:000718B4       NBMapKeyb
 0002:00002888       NeedToUninitialize
 0002:000024F9       NegCurrFormat
 0001:00000F9C       NewCommit
 0001:00000FC8       NewCommitAt
 0002:00001460       NewState
 0002:00002748       NewStyleControls
 0001:0006E6E8       NextValue
 0002:000002DC       NilMethod
 0002:00000010       NoErrMsg
 0001:0006DF3C       NormalDir
 0001:0003E24C       NormalDraw
 0001:00002074       NotifyAnyExcept
 0001:0000204C       NotifyExcept
 0001:000020A8       NotifyExceptFinally
 0001:0000C6BC       NotifyGlobalLoading
 0001:000041A0       NotifyModuleUnload
 0001:0000202C       NotifyNonDelphiException
 0001:00002060       NotifyOnExcept
 0001:00002010       NotifyReRaise
 0001:000020D0       NotifyTerminate
 0001:000020EC       NotifyUnhandled
 0001:00041698       NthParentOf
 0002:00002404       Null
 0002:00000630       OEMConverts
 0001:000059A4       OemToAnsi
 0001:000059AC       OffsetRect
 0001:0000556C       OffsetRgn
 0001:0006C7D8       OleCheck
 0001:0006C7BC       OleError
 0001:000035F0       OleStrToStrVar
 0002:0000287C       OleUninitializing
 0002:00000798       OrientArray
 0002:00000770       OuterStyles
 0002:00002600       OutOfMemory
 0001:0001705C       OutOfResources
 0002:0000221C       Output
 0001:00053550       OutputMessage
 0001:00025318       PaintListBox
 0002:000005B0       Pal16
 0001:00014F3C       PaletteChanged
 0001:00017980       PaletteFromDIBColorTable
 0001:00017A60       PaletteToDIBColorTable
 0002:000005AC       PalSize
 0001:000359B0       ParentNotLast
 0002:0000060C       Passwords
 0001:00005574       PatBlt
 0002:000026AC       PatternManager
 0001:000059B4       PeekMessage
 0002:000026A0       PenManager
 0002:00000574       PenModes
 0002:00000554       PenStyles
 0001:0000557C       PlayEnhMetaFile
 0001:0000BE3C       Point
 0001:00005BB4       PointToSmallPoint
 0001:0006E5C8       PointToString
 0002:000027BC       PopupList
 0001:000059BC       PostMessage
 0001:000059C4       PostQuitMessage
 0001:0001F080       Printers
 0001:0004CE84       ProcessExecute
 0001:000461D0       ProcessHorz
 0001:0004CFB4       ProcessUpdate
 0001:00046254       ProcessVert
 0001:0005370C       ProgressCallback
 0002:000015A8       ProgressList
 0002:00001478       PropertyClassList
 0002:00001480       PropertyMapperList
 0001:0000FE9C       PropertyNotFound
 0001:0001109C       PropPathError
 0002:00000924       Props
 0001:0000FE90       PropValueError
 0001:000059CC       PtInRect
 0001:00005584       PtInRegion
 0002:00002780       QualifyingSites
 0001:0006E618       QuotedString
 0001:00008520       RaiseAssertException
 0001:0006CE04       RaiseException
 0001:00000210       RaiseException
 0001:00009124       RaiseLastWin32Error
 0001:0000175C       RaiseList
 0001:0006CCF0       RaiseNameException
 0002:00002044       RandSeed
 0001:00036958       ReadControlName
 0001:0000FE70       ReadError
 0001:00000218       ReadFile
 0001:00005374       ReadFile
 0001:00067748       ReadHSfromFile
 0001:00017D60       ReadIcon
 0001:0006879C       ReadMask
 0002:00000614       ReadOnlys
 0001:0006F4F4       ReadParams
 0001:00067388       ReadParams
 0001:00068494       ReadPoints
 0001:0006F244       ReadQuoted
 0001:000670DC       ReadQuoted
 0001:000684E0       ReadRect
 0001:0006F790       ReadSpot
 0001:00067624       ReadSpot
 0001:000672F8       ReadValueString
 0001:0006F464       ReadValueString
 0001:0001134C       ReadVariantProp
 0001:0000558C       RealizePalette
 0001:00010644       Recover
 0001:0000BE88       Rect
 0001:0000559C       Rectangle
 0001:00005594       RectVisible
 0002:000023F0       RefAnyProc
 0001:000002E8       RegCloseKey
 0001:000051EC       RegCloseKey
 0001:000059D4       RegisterClass
 0001:0000C148       RegisterClass
 0001:0000C250       RegisterClasses
 0001:000059DC       RegisterClipboardFormat
 0001:00028A9C       RegisterDockSite
 0001:0000C42C       RegisterIntegerConsts
 0001:000041FC       RegisterModule
 0001:000059E4       RegisterWindowMessage
 0001:0006C294       Registry
 0001:000051F4       RegOpenKeyEx
 0001:000002F0       RegOpenKeyEx
 0001:000051FC       RegQueryValueEx
 0001:000002F8       RegQueryValueEx
 0001:00051A6C       RegStr
 0001:0006DE64       ReleaseBitmap
 0001:000059EC       ReleaseCapture
 0001:00053800       ReleaseContext
 0001:000059F4       ReleaseDC
 0002:00002488       remBytes
 0001:000004D0       RemoveBlock
 0001:0000FD20       RemoveFixupReferences
 0001:0000FDDC       RemoveFixups
 0001:00010148       RemoveGlobalFixup
 0001:000059FC       RemoveMenu
 0001:00004140       RemoveModuleUnloadProc
 0001:00004118       RemoveModuleUnloadProc
 0001:00005A04       RemoveProp
 0001:00053558       ResetErrorMgr
 0001:00001448       ResizeInPlace
 0001:000055A4       RestoreDC
 0001:0000D948       ReturnAddr
 0001:0003CD54       ReturnAddr
 0001:0000CA28       ReturnAddr
 0001:000176A8       RGBQuadToTriple
 0001:00017634       RGBTripleToQuad
 0001:0006D884       RichEdit
 0001:00066DB0       RightValue
 0001:0006EEDC       RightValue
 0001:000055AC       RoundRect
 0002:00002484       rover
 0002:00001574       RTFConversionFormat
 0001:00000220       RtlUnwind
 0002:00000034       runErrMsg
 0001:000024B0       RunErrorAt
 0001:0006C8F4       SafeCallError
 0002:00002014       SafeCallErrorProc
 0001:000093C8       SafeLoadLibrary
 0001:00006CC4       SameText
 0001:000055B4       SaveDC
 0002:00002884       SaveInitProc
 0002:000027D0       Screen
 0002:00002658       ScreenLogPixels
 0001:00005A0C       ScreenToClient
 0001:000463DC       ScrollBarVisible
 0001:00005A14       ScrollWindow
 0001:0006E044       SearchDirsForFilename
 0001:00000FFC       SearchSmallBlocks
 0001:000055BC       SelectClipRgn
 0001:000055C4       SelectObject
 0001:000055CC       SelectPalette
 0001:000279F8       SendAppMessage
 0001:00045A64       SendFocusMessage
 0001:00005A1C       SendMessage
 0002:00000858       Separators
 0001:00005A24       SetActiveWindow
 0001:0004ED04       SetAnimation
 0001:000055D4       SetBkColor
 0001:000055DC       SetBkMode
 0001:000055E4       SetBrushOrgEx
 0001:00005A2C       SetCapture
 0001:00027D14       SetCaptureControl
 0001:00005A34       SetClassLong
 0001:000107C4       SetCompName
 0001:00005A3C       SetCursor
 0001:000055EC       SetDIBColorTable
 0001:0000537C       SetEndOfFile
 0001:00000228       SetEndOfFile
 0001:000055F4       SetEnhMetaFileBits
 0001:00005384       SetErrorMode
 0001:0000538C       SetEvent
 0001:000025F8       SetExceptionHandler
 0001:00000230       SetFilePointer
 0001:00005394       SetFilePointer
 0001:0000A9E4       SetFloatProp
 0001:00005A44       SetFocus
 0001:00005A4C       SetForegroundWindow
 0001:00038A6C       SetImeMode
 0001:000017CC       SetInOutRes
 0001:0000AB10       SetInt64Prop
 0001:000112B8       SetIntIdent
 0001:0000A890       SetLongStrProp
 0001:000055FC       SetMapMode
 0001:00005A54       SetMenu
 0001:00005A5C       SetMenuItemInfo
 0001:0000AAD8       SetMethodProp
 0001:00011304       SetObjectIdent
 0001:0000A788       SetOrdProp
 0001:00005604       SetPixel
 0001:00005A64       SetProp
 0001:00005A6C       SetRect
 0001:0000560C       SetROP2
 0001:00005A74       SetScrollInfo
 0001:00005A7C       SetScrollPos
 0001:00005A84       SetScrollRange
 0001:0000A7E4       SetShortStrProp
 0001:0000A838       SetShortStrPropAsLongStr
 0001:00005614       SetStretchBltMode
 0001:0000A98C       SetStrProp
 0001:0000561C       SetTextColor
 0001:0000539C       SetThreadLocale
 0001:00005A8C       SetTimer
 0001:0000AA98       SetVariantProp
 0001:00005624       SetViewportExtEx
 0001:0000562C       SetViewportOrgEx
 0001:00050F18       SetVisible
 0001:0000A8EC       SetWideStrProp
 0001:0000A92C       SetWideStrPropAsLongStr
 0001:0000563C       SetWindowExtEx
 0001:00005A94       SetWindowLong
 0001:00005644       SetWindowOrgEx
 0001:00005A9C       SetWindowPlacement
 0001:00005AA4       SetWindowPos
 0001:00005AB4       SetWindowsHookEx
 0001:00005AAC       SetWindowText
 0001:00005634       SetWinMetaFileBits
 0002:00000118       ShareMode
 0001:00051A34       ShellAPI
 0002:000028CC       ShellModule
 0001:00051B14       ShlObj
 0001:0003CD88       ShortCut
 0002:000027C0       ShortCutItems
 0001:0003CE38       ShortCutToText
 0002:00002500       ShortDateFormat
 0002:0000257C       ShortDayNames
 0002:0000251C       ShortMonthNames
 0002:00002514       ShortTimeFormat
 0002:00000978       ShowCommands
 0002:00000960       ShowCommands
 0002:0000096C       ShowCommands
 0001:00005ABC       ShowCursor
 0001:00008138       ShowException
 0002:00000A04       ShowFlags
 0002:00000758       ShowFlags
 0001:00045774       ShowMDIClientEdge
 0001:00005AC4       ShowOwnedPopups
 0001:00005ACC       ShowScrollBar
 0001:00005AD4       ShowWindow
 0001:0004ED34       ShowWinNoAnimate
 0002:000007AC       SizeCursors
 0001:000053A4       SizeofResource
 0001:00011E24       SkipBinary
 0001:00011DC4       SkipBytes
 0001:0006EBFC       SkipChars
 0001:00066AD0       SkipChars
 0001:00011E4C       SkipCollection
 0001:00011D98       SkipList
 0001:0006F00C       SkipWS
 0001:00066EE0       SkipWS
 0001:000053AC       Sleep
 0001:0000BE60       SmallPoint
 0001:00005BA0       SmallPointToPoint
 0002:00002490       smallTab
 0002:0000065C       Sorteds
 0002:00002458       spaceRoot
 0001:0006D588       SpotEdit
 0001:0006ED6C       SpotKindFromString
 0001:00066C40       SpotKindFromString
 0002:00001618       SPOT_KINDS
 0002:000013D8       SPOT_KINDS
 0002:00001638       SPOT_MASKS
 0001:00025AAC       StdActns
 0001:000258A8       StdCtrls
 0001:00045BAC       StdWndProc
 0002:00002660       StockBrush
 0002:00002664       StockFont
 0002:00002668       StockIcon
 0002:0000265C       StockPen
 0001:000073C0       StrAlloc
 0001:000073D4       StrBufSize
 0001:00008B10       StrByteType
 0001:000072E0       StrComp
 0001:00007240       StrCopy
 0001:0000740C       StrDispose
 0001:0003B740       StreamsEqual
 0001:000071F0       StrEnd
 0001:0000564C       StretchBlt
 0001:0000788C       StrFmt
 0001:0000EDD4       StringListAnsiCompare
 0001:00003614       StringToOleStr
 0001:0006EF7C       StringToPoints
 0001:00066E50       StringToPoints
 0001:00043070       StripHotkey
 0001:00007268       StrLCopy
 0001:000071D8       StrLen
 0001:000078C0       StrLFmt
 0001:00007304       StrLIComp
 0001:00007204       StrMove
 0001:000073E0       StrNew
 0001:0000729C       StrPCopy
 0001:000072C0       StrPLCopy
 0001:0000736C       StrPos
 0001:0000734C       StrScan
 0001:00006EC8       StrToInt
 0001:00006F04       StrToIntDef
 0002:00000650       Styles
 0002:0000094C       Styles
 0001:0000A200       Succeeded
 0001:00000310       SysAllocStringLen
 0001:00006028       SysConst
 0002:00000914       SysConsts
 0002:0000091C       SysConsts
 0001:000079D0       SysErrorMessage
 0001:000012A4       SysFreeMem
 0001:00000320       SysFreeString
 0001:0000A1F0       SysFreeString
 0001:0000111C       SysGetMem
 0001:000051E4       SysInit
 0002:000025B4       SysLocale
 0001:00001618       SysReallocMem
 0001:00000318       SysReAllocStringLen
 0001:00000328       SysStringLen
 0001:00004F80       System
 0002:00002650       SystemPalette16
 0001:000178D8       SystemPaletteOverride
 0001:00005ADC       SystemParametersInfo
 0001:0000A124       SysUtils
 0002:00000684       TabStops
 0001:000398B4       TActionLink.IsCaptionLinked
 0001:000398D8       TActionLink.IsCheckedLinked
 0001:000398FC       TActionLink.IsEnabledLinked
 0001:00039920       TActionLink.IsHelpContextLinked
 0001:00039944       TActionLink.IsHintLinked
 0001:00039968       TActionLink.IsImageIndexLinked
 0001:0003998C       TActionLink.IsShortCutLinked
 0001:000399B0       TActionLink.IsVisibleLinked
 0001:000399D4       TActionLink.SetCaption
 0001:000399E4       TActionLink.SetChecked
 0001:000399F4       TActionLink.SetEnabled
 0001:00039A04       TActionLink.SetHelpContext
 0001:00039A14       TActionLink.SetHint
 0001:00039A24       TActionLink.SetImageIndex
 0001:00039A34       TActionLink.SetShortCut
 0001:00039A48       TActionLink.SetVisible
 0001:00051484       TApplication.ActivateHint
 0001:0004FF78       TApplication.BringToFront
 0001:00051258       TApplication.CancelHint
 0001:0004F564       TApplication.CheckIniChange
 0001:0004F264       TApplication.ControlDestroyed
 0001:0004ED84       TApplication.Create
 0001:00050500       TApplication.CreateForm
 0001:0004F098       TApplication.CreateHandle
 0001:0004EF74       TApplication.Destroy
 0001:0005185C       TApplication.DispatchAction
 0001:00050B60       TApplication.DoActionIdle
 0001:00050BDC       TApplication.DoMouseIdle
 0001:0004F388       TApplication.DoNormalizeTopMosts
 0001:00051908       TApplication.ExecuteAction
 0001:0004FD38       TApplication.GetIconHandle
 0001:0004FFD4       TApplication.GetTitle
 0001:00050674       TApplication.HandleException
 0001:00050390       TApplication.HandleMessage
 0001:00050AD0       TApplication.HelpCommand
 0001:00050AA8       TApplication.HelpContext
 0001:0005120C       TApplication.HideHint
 0001:00051094       TApplication.HintMouseMessage
 0001:000511CC       TApplication.HintTimerExpired
 0001:000503B8       TApplication.HookMainWindow
 0001:00050DF0       TApplication.IconChanged
 0001:00050C9C       TApplication.Idle
 0001:000504E0       TApplication.Initialize
 0001:00050948       TApplication.InvokeHelp
 0001:0005002C       TApplication.IsDlgMsg
 0001:000501EC       TApplication.IsHintMsg
 0001:000500D8       TApplication.IsKeyMsg
 0001:0005006C       TApplication.IsMDIMsg
 0001:0005022C       TApplication.IsShortCut
 0001:00050714       TApplication.MessageBox
 0001:0004FD70       TApplication.Minimize
 0001:0004F468       TApplication.NormalizeAllTopMosts
 0001:0004F454       TApplication.NormalizeTopMosts
 0001:00050DA0       TApplication.NotifyForms
 0001:000502AC       TApplication.ProcessMessage
 0001:00050374       TApplication.ProcessMessages
 0001:0004FE48       TApplication.Restore
 0001:0004F47C       TApplication.RestoreTopMosts
 0001:00050594       TApplication.Run
 0001:00050E6C       TApplication.SetHint
 0001:00050AF8       TApplication.SetShowHint
 0001:0005086C       TApplication.ShowException
 0001:00051018       TApplication.StartHintTimer
 0001:00051068       TApplication.StopHintTimer
 0001:00050658       TApplication.Terminate
 0001:00050430       TApplication.UnhookMainWindow
 0001:00051944       TApplication.UpdateAction
 0001:00050F78       TApplication.UpdateVisible
 0001:0004F534       TApplication.UseRightToLeftAlignment
 0001:0004F504       TApplication.UseRightToLeftReading
 0001:0004F658       TApplication.WndProc
 0002:000008D8       TaskActiveWindow
 0002:000008E0       TaskFirstTopMost
 0002:000008DC       TaskFirstWindow
 0002:000008E4       TaskWindowList
 0001:0002826C       TBaseDragControlObject.Assign
 0001:00028228       TBaseDragControlObject.Create
 0001:000282A8       TBaseDragControlObject.EndDrag
 0001:000282D8       TBaseDragControlObject.Finished
 0001:00013418       TBasicAction.Change
 0001:00013250       TBasicAction.Create
 0001:000132AC       TBasicAction.Destroy
 0001:00013344       TBasicAction.Execute
 0001:00013324       TBasicAction.ExecuteTarget
 0001:0001330C       TBasicAction.HandlesTarget
 0001:0001343C       TBasicAction.RegisterChanges
 0001:000133AC       TBasicAction.SetOnExecute
 0001:00013464       TBasicAction.UnRegisterChanges
 0001:00013378       TBasicAction.Update
 0001:00013334       TBasicAction.UpdateTarget
 0001:00013120       TBasicActionLink.AssignClient
 0001:00013178       TBasicActionLink.Change
 0001:000130D0       TBasicActionLink.Create
 0001:00013130       TBasicActionLink.Destroy
 0001:000131A0       TBasicActionLink.Execute
 0001:00013210       TBasicActionLink.IsOnExecuteLinked
 0001:000131C4       TBasicActionLink.SetAction
 0001:00013224       TBasicActionLink.SetOnExecute
 0001:00013230       TBasicActionLink.Update
 0001:0001B84C       TBitmap.Assign
 0001:0001BA5C       TBitmap.Changed
 0001:0001BA20       TBitmap.Changing
 0001:0001B94C       TBitmap.CopyImage
 0001:0001B780       TBitmap.Create
 0001:0001B7FC       TBitmap.Destroy
 0001:0001C194       TBitmap.DIBNeeded
 0001:0001BA80       TBitmap.Dormant
 0001:0001BAA4       TBitmap.Draw
 0001:0001C268       TBitmap.FreeContext
 0001:0001BD48       TBitmap.FreeImage
 0001:0001BE1C       TBitmap.GetCanvas
 0001:0001BDE8       TBitmap.GetEmpty
 0001:0001BE84       TBitmap.GetHandle
 0001:0001BEBC       TBitmap.GetHandleType
 0001:0001BF14       TBitmap.GetHeight
 0001:0001BF38       TBitmap.GetMaskHandle
 0001:0001BF5C       TBitmap.GetMonochrome
 0001:0001BF98       TBitmap.GetPalette
 0001:0001BFBC       TBitmap.GetPixelFormat
 0001:0001C074       TBitmap.GetScanline
 0001:0001C110       TBitmap.GetTransparentColor
 0001:0001C178       TBitmap.GetWidth
 0001:0001C288       TBitmap.HandleNeeded
 0001:0001C454       TBitmap.LoadFromClipboardFormat
 0001:0001C4EC       TBitmap.LoadFromStream
 0001:0001C2B4       TBitmap.MaskHandleNeeded
 0001:0001C51C       TBitmap.NewImage
 0001:0001C344       TBitmap.PaletteNeeded
 0001:0001C628       TBitmap.ReadData
 0001:0001C658       TBitmap.ReadDIB
 0001:0001CBD0       TBitmap.ReadStream
 0001:0001D724       TBitmap.SaveToClipboardFormat
 0001:0001D704       TBitmap.SaveToStream
 0001:0001CC44       TBitmap.SetHandle
 0001:0001CD30       TBitmap.SetHandleType
 0001:0001CEFC       TBitmap.SetHeight
[...]
  1171 0001:0006BCF7  1172 0001:0006BCFF  1173 0001:0006BD07  1178 0001:0006BD0C
  1179 0001:0006BD18  1181 0001:0006BD29  1182 0001:0006BD32  1184 0001:0006BD3A
  1186 0001:0006BD52  1187 0001:0006BD5C  1188 0001:0006BD66  1190 0001:0006BD6E
  1193 0001:0006BD80  1196 0001:0006BD84  1198 0001:0006BDA4  1201 0001:0006BDEF
  1202 0001:0006BDFB  1204 0001:0006BE07  1205 0001:0006BE2F  1208 0001:0006BE34
  1209 0001:0006BE40  1210 0001:0006BE48  1213 0001:0006BE4C  1214 0001:0006BE58
  1215 0001:0006BE60  1218 0001:0006BE64  1219 0001:0006BE70  1221 0001:0006BE7C
  1222 0001:0006BE84  1224 0001:0006BE95  1227 0001:0006BE9C  1228 0001:0006BEA8
  1231 0001:0006BEB3  1234 0001:0006BEE9  1235 0001:0006BEF3  1237 0001:0006BEFB
  1240 0001:0006BF00  1241 0001:0006BF0C  1242 0001:0006BF17  1244 0001:0006BF47
  1245 0001:0006BF51  1247 0001:0006BF59  1252 0001:0006BF60  1253 0001:0006BF6C
  1255 0001:0006BF7A  1256 0001:0006BF88  1257 0001:0006BF96  1258 0001:0006BFAB
  1259 0001:0006BFDD  1261 0001:0006BFF9  1263 0001:0006C000  1264 0001:0006C00F
  1265 0001:0006C01D  1269 0001:0006C02F  1271 0001:0006C074  1273 0001:0006C08A
  1605 0001:0006C090  1606 0001:0006C094  1607 0001:0006C098  1606 0001:0006C0AC
  1608 0001:0006C0B2  1613 0001:0006C134  1614 0001:0006C167  1610 0001:0006C16C
  1611 0001:0006C17F  1612 0001:0006C190

Line numbers for IniFiles(IniFiles.pas) segment .text

   560 0001:0006C1F4   560 0001:0006C1FB

Line numbers for Masks(Masks.pas) segment .text

   312 0001:0006C22C   312 0001:0006C233

Line numbers for Registry(Registry.pas) segment .text

  1358 0001:0006C294  1358 0001:0006C29B

Line numbers for DsgnIntf(DsgnIntf.pas) segment .text

  4481 0001:0006C35C  4482 0001:0006C37F  4483 0001:0006C389  4484 0001:0006C393
  4485 0001:0006C39D  4486 0001:0006C3DB  4478 0001:0006C3E0  4480 0001:0006C3E7

Line numbers for DbConsts(DBConsts.pas) segment .text

   116 0001:0006C418   116 0001:0006C41F

Line numbers for Mask(Mask.pas) segment .text

  1543 0001:0006C450  1543 0001:0006C457

Line numbers for Db(db.pas) segment .text

 10184 0001:0006D550 10184 0001:0006D557

Line numbers for SpotEdit(SpotEdit.pas) segment .text

   852 0001:0006D588   852 0001:0006D58F

Line numbers for ImskTest(ImskTest.pas) segment .text

    63 0001:0006D5C0    63 0001:0006D5C7

Line numbers for imskedit(imskedit.pas) segment .text

   487 0001:0006D5F8   487 0001:0006D5FF

Line numbers for HSEdit(HSEdit.pas) segment .text

   636 0001:0006D630   636 0001:0006D637

Line numbers for JvStrUtils(JvStrUtils.pas) segment .text

  1078 0001:0006D668  1078 0001:0006D66F

Line numbers for JvDateUtil(JvDateUtil.pas) segment .text

   642 0001:0006D6A0   643 0001:0006D6BC   645 0001:0006D6FE

Line numbers for FileCtrl(FileCtrl.pas) segment .text

  2009 0001:0006D744  2009 0001:0006D74B

Line numbers for JvMaxMin(JvMaxMin.pas) segment .text

   200 0001:0006D77C   200 0001:0006D783

Line numbers for JvConst(JvConst.pas) segment .text

   113 0001:0006D7B4   114 0001:0006D7BD   115 0001:0006D7E0   116 0001:0006D803

Line numbers for JvCConst(JvCConst.pas) segment .text

    74 0001:0006D84C    74 0001:0006D853

Line numbers for ToolWin(ToolWin.pas) segment .text

   391 0001:0006D8BC   391 0001:0006D8C3

Line numbers for ComStrs(ComStrs.pas) segment .text

    61 0001:0006D8F4    61 0001:0006D8FB

Line numbers for ComCtrls(ComCtrls.pas) segment .text

  9499 0001:0006D99C  9500 0001:0006D9AC  9501 0001:0006D9C0  9504 0001:0006D9C8
  9505 0001:0006D9D8  9506 0001:0006D9EC 19925 0001:0006D9F4 19926 0001:0006DA21
 19927 0001:0006DA6A 19922 0001:0006DA6C 19924 0001:0006DA73

Line numbers for JvTypes(JvTypes.pas) segment .text

   203 0001:0006DAA4   203 0001:0006DAAB

Line numbers for JVCLVer(JVCLVer.pas) segment .text

    13 0001:0006DB4C    13 0001:0006DB53

Line numbers for JvComponent(JvComponent.pas) segment .text

   301 0001:0006DB84   301 0001:0006DB8B

Line numbers for JvDirectories(JvDirectories.pas) segment .text

   229 0001:0006DBBC   229 0001:0006DBC3

Line numbers for JclResources(JclResources.pas) segment .text

   892 0001:0006DBF4   892 0001:0006DBFB

Line numbers for JclBase(JclBase.pas) segment .text

   484 0001:0006DC2C   484 0001:0006DC33

Line numbers for JclLogic(jcllogic.pas) segment .text

  1912 0001:0006DC64  1912 0001:0006DC6B

Line numbers for JclStrings(JCLStrings.pas) segment .text

   408 0001:0006DC6C   410 0001:0006DC70   412 0001:0006DC74   413 0001:0006DC8A
   414 0001:0006DC9B   410 0001:0006DC9E   416 0001:0006DCA4   424 0001:0006DCA8
   426 0001:0006DCAC   428 0001:0006DCB9   430 0001:0006DCBD   431 0001:0006DCC3
   432 0001:0006DCC9   433 0001:0006DCD4   434 0001:0006DCDF   435 0001:0006DCEB
   437 0001:0006DCF3   438 0001:0006DCFF   440 0001:0006DD07   442 0001:0006DD0D
   443 0001:0006DD1B   444 0001:0006DD29   445 0001:0006DD37   428 0001:0006DD3A
   446 0001:0006DD44   449 0001:0006DD4B  3012 0001:0006DD50  3013 0001:0006DD57
  3014 0001:0006DD6B  3055 0001:0006DD70  3056 0001:0006DD77  3057 0001:0006DD8B
  3681 0001:0006DDC0  3683 0001:0006DDC9  3684 0001:0006DDCE  3686 0001:0006DDD3

Line numbers for JvFunctions(JvFunctions.pas) segment .text

  1903 0001:0006DE5C  1903 0001:0006DE63

Line numbers for JvVCLUtils(JvVCLUtils.pas) segment .text

  2204 0001:0006DE64  2205 0001:0006DE77  2206 0001:0006DE7E  2764 0001:0006DE80
  2768 0001:0006DEB3  2761 0001:0006DEB8  2763 0001:0006DEBF

Line numbers for JvPrgrss(JvPrgrss.pas) segment .text

   220 0001:0006DEF8   224 0001:0006DF30   217 0001:0006DF34   219 0001:0006DF3B

Line numbers for JvFileUtil(jvFileUtil.pas) segment .text

   589 0001:0006DF3C   590 0001:0006DF42   591 0001:0006DF4B   598 0001:0006DF61
   599 0001:0006DF7A   600 0001:0006DF88   602 0001:0006DF94  1264 0001:0006DFE0
  1264 0001:0006DFE7

Line numbers for ToolsAPI(ToolsAPI.pas) segment .text

  2457 0001:0006E024  2457 0001:0006E02B

Line numbers for HSuFileUtils(hsufileutils.pas) segment .text

   174 0001:0006E044   175 0001:0006E06B   176 0001:0006E072   179 0001:0006E076
   181 0001:0006E099   182 0001:0006E09C   183 0001:0006E0B6   185 0001:0006E0B8
   177 0001:0006E0B9   187 0001:0006E0E9  1178 0001:0006E12C  1180 0001:0006E133

Line numbers for HScHotImage(HScHotImage.pas) segment .text

   102 0001:0006E334   103 0001:0006E34F   104 0001:0006E35C   105 0001:0006E38C
   108 0001:0006E390   109 0001:0006E3A1   110 0001:0006E3AF   111 0001:0006E3CB
   114 0001:0006E3D0   115 0001:0006E3DC   116 0001:0006E3F0   119 0001:0006E3F4
   120 0001:0006E403   121 0001:0006E411   123 0001:0006E434   124 0001:0006E439
   129 0001:0006E440   130 0001:0006E46B   131 0001:0006E471   132 0001:0006E47B
   133 0001:0006E492   134 0001:0006E4C8   139 0001:0006E4D0   140 0001:0006E4FB
   141 0001:0006E501   142 0001:0006E50B   143 0001:0006E522   144 0001:0006E558
   147 0001:0006E560   148 0001:0006E56C   149 0001:0006E57C   150 0001:0006E58F
   153 0001:0006E594   154 0001:0006E5A0   155 0001:0006E5B0   156 0001:0006E5C3
   160 0001:0006E5C8   161 0001:0006E5D4   162 0001:0006E603   172 0001:0006E618
   173 0001:0006E641   174 0001:0006E64C   175 0001:0006E65E   174 0001:0006E68B
   176 0001:0006E691   178 0001:0006E6E1   186 0001:0006E6E8   187 0001:0006E6EB
   188 0001:0006E711   194 0001:0006E72C   196 0001:0006E74F   197 0001:0006E759
   198 0001:0006E763   199 0001:0006E78C   201 0001:0006E7A3   202 0001:0006E7CB
   203 0001:0006E7D4   204 0001:0006E803   205 0001:0006E81C   199 0001:0006E81F
   206 0001:0006E828   207 0001:0006E85E   215 0001:0006E894   216 0001:0006E8C8
   217 0001:0006E8DB   218 0001:0006E8EE   219 0001:0006E92A   220 0001:0006E931
   221 0001:0006E978   222 0001:0006E9A3   224 0001:0006E9AC   225 0001:0006E9B3
   228 0001:0006E9D1   230 0001:0006E9DA   231 0001:0006E9E1   234 0001:0006EA1F
   235 0001:0006EA2A   236 0001:0006EA2E   238 0001:0006EA3E   239 0001:0006EA51
   240 0001:0006EA81   235 0001:0006EA84   242 0001:0006EA8A   243 0001:0006EACC
   249 0001:0006EB00   251 0001:0006EB23   252 0001:0006EB2B   253 0001:0006EB39
   254 0001:0006EB53   255 0001:0006EB5F   256 0001:0006EB71   255 0001:0006EB86
   258 0001:0006EB98   260 0001:0006EBC8   268 0001:0006EBFC   269 0001:0006EC0B
   270 0001:0006EC0F   272 0001:0006EC29   274 0001:0006EC40   275 0001:0006EC48
   276 0001:0006EC4C   278 0001:0006EC4E   270 0001:0006EC51   279 0001:0006EC59
   286 0001:0006EC60   287 0001:0006EC6F   288 0001:0006EC73   290 0001:0006EC8D
   292 0001:0006ECA4   293 0001:0006ECAC   294 0001:0006ECB0   296 0001:0006ECB2
   288 0001:0006ECB5   297 0001:0006ECBA   298 0001:0006ECC0   299 0001:0006ECD1
   305 0001:0006ECD8   306 0001:0006ECF7   307 0001:0006ECFB   308 0001:0006ED07
   309 0001:0006ED0B   311 0001:0006ED31   312 0001:0006ED35   313 0001:0006ED3D
   314 0001:0006ED3F   308 0001:0006ED42   315 0001:0006ED68   320 0001:0006ED6C
   321 0001:0006ED88   322 0001:0006ED8C   323 0001:0006ED90   325 0001:0006EDB6
   326 0001:0006EDBC   327 0001:0006EDBE   322 0001:0006EDC1   328 0001:0006EDE7
   333 0001:0006EDEC   334 0001:0006EDF5   335 0001:0006EDFC   338 0001:0006EE03
   339 0001:0006EE06   336 0001:0006EE09   341 0001:0006EE20   352 0001:0006EE44
   353 0001:0006EE60   354 0001:0006EE69   355 0001:0006EE8D   356 0001:0006EE90
   357 0001:0006EED5   362 0001:0006EEDC   363 0001:0006EEF8   364 0001:0006EEFB
   365 0001:0006EF03   366 0001:0006EF31   367 0001:0006EF76   373 0001:0006EF7C
   374 0001:0006EF8B   375 0001:0006EF92   376 0001:0006EF99   379 0001:0006EFA1
   380 0001:0006EFB0   381 0001:0006EFC0   382 0001:0006EFC4   383 0001:0006EFC7
   377 0001:0006EFCA   385 0001:0006EFE6   399 0001:0006F00C   400 0001:0006F02B
   401 0001:0006F032   404 0001:0006F067   405 0001:0006F092   406 0001:0006F09B
   402 0001:0006F0CE   410 0001:0006F0F1   412 0001:0006F0F7   414 0001:0006F10A
   415 0001:0006F10E   417 0001:0006F111   419 0001:0006F148   425 0001:0006F150
   426 0001:0006F171   427 0001:0006F179   428 0001:0006F180   429 0001:0006F1B2
   430 0001:0006F1E3   431 0001:0006F21C   438 0001:0006F244   439 0001:0006F25A
   441 0001:0006F26F   442 0001:0006F27A   446 0001:0006F295   448 0001:0006F2AD
   450 0001:0006F2BE   451 0001:0006F2D9   453 0001:0006F306   454 0001:0006F31C
   456 0001:0006F337   460 0001:0006F339   461 0001:0006F363   464 0001:0006F37E
   465 0001:0006F397   467 0001:0006F3B6   468 0001:0006F3D6   469 0001:0006F3E2
   444 0001:0006F40C   476 0001:0006F411   477 0001:0006F446   480 0001:0006F464
   482 0001:0006F46D   483 0001:0006F47F   485 0001:0006F493   486 0001:0006F4AB
   487 0001:0006F4BD   489 0001:0006F4CD   499 0001:0006F4F4   503 0001:0006F515
   504 0001:0006F522   506 0001:0006F530   507 0001:0006F53A   509 0001:0006F540
   510 0001:0006F547   513 0001:0006F54C   514 0001:0006F561   516 0001:0006F592
   518 0001:0006F5A7   520 0001:0006F5BA   524 0001:0006F5D1   525 0001:0006F5DA
   527 0001:0006F5E7   528 0001:0006F5EE   530 0001:0006F5F8   531 0001:0006F606
   532 0001:0006F614   533 0001:0006F622   535 0001:0006F62B   536 0001:0006F633
   537 0001:0006F639   539 0001:0006F64E   540 0001:0006F65B   541 0001:0006F65F
   537 0001:0006F662   545 0001:0006F669   547 0001:0006F66F   549 0001:0006F67C
   550 0001:0006F684   551 0001:0006F68F   553 0001:0006F698   555 0001:0006F6A6
   556 0001:0006F6AF   557 0001:0006F6BB   560 0001:0006F6C4   563 0001:0006F6DE
   570 0001:0006F6F4   571 0001:0006F6FF   573 0001:0006F705   574 0001:0006F70B
   578 0001:0006F711   579 0001:0006F717   581 0001:0006F71B   582 0001:0006F72B
   501 0001:0006F736   586 0001:0006F76A   592 0001:0006F790   593 0001:0006F7AA
   594 0001:0006F7AF   595 0001:0006F7C2   597 0001:0006F7C8   598 0001:0006F7D9
   603 0001:0006F7EE   604 0001:0006F802   605 0001:0006F808   606 0001:0006F818
   607 0001:0006F831   609 0001:0006F837   610 0001:0006F848   613 0001:0006F865
   614 0001:0006F86B   615 0001:0006F895   620 0001:0006F8A8   621 0001:0006F8D3
   622 0001:0006F8DB   623 0001:0006F8EA   624 0001:0006F8EF   625 0001:0006F8FA
   626 0001:0006F908   627 0001:0006F916   628 0001:0006F919   631 0001:0006F921
   632 0001:0006F92B   633 0001:0006F931   629 0001:0006F93C   637 0001:0006F94B
   639 0001:0006F980   642 0001:0006F988   643 0001:0006F994   644 0001:0006F9A5
   649 0001:0006F9AC   650 0001:0006F9D2   651 0001:0006F9E3   652 0001:0006FA01
   651 0001:0006FA42   654 0001:0006FA47   655 0001:0006FA58   656 0001:0006FA69
   657 0001:0006FA9C   662 0001:0006FAA4   663 0001:0006FAC3   664 0001:0006FAD3
   665 0001:0006FAF0   666 0001:0006FB1E   707 0001:0006FB54   707 0001:0006FB5B

Line numbers for Unit1(Unit1.pas) segment .text

   317 0001:0006FE48   318 0001:0006FE52   319 0001:0006FE5C   320 0001:0006FE66
   321 0001:0006FE70   322 0001:0006FE7A   323 0001:0006FE84   324 0001:0006FE8E
   325 0001:0006FE98   326 0001:0006FEA2   327 0001:0006FEAC   328 0001:0006FEB6
   329 0001:0006FEC0   332 0001:0006FECA   333 0001:0006FED4   334 0001:0006FEDE
   335 0001:0006FEE8   336 0001:0006FEF2   337 0001:0006FEFC   338 0001:0006FF06
   339 0001:0006FF10   340 0001:0006FF1A   341 0001:0006FF24   342 0001:0006FF2E
   343 0001:0006FF38   344 0001:0006FF42   347 0001:0006FF4C   348 0001:0006FF56
   349 0001:0006FF60   350 0001:0006FF6A   351 0001:0006FF74   352 0001:0006FF7E
   353 0001:0006FF88   354 0001:0006FF92   355 0001:0006FF9C   356 0001:0006FFA6
   357 0001:0006FFB0   358 0001:0006FFBA   359 0001:0006FFC4   362 0001:0006FFCE
   363 0001:0006FFD8   364 0001:0006FFE2   365 0001:0006FFEC   366 0001:0006FFF6
   367 0001:00070000   368 0001:0007000A   369 0001:00070014   370 0001:0007001E
   371 0001:00070028   372 0001:00070032   373 0001:0007003C   374 0001:00070046
   377 0001:0007004D   378 0001:00070057   379 0001:00070061   380 0001:0007006B
   381 0001:00070075   382 0001:0007007F   383 0001:00070089   384 0001:00070093
   385 0001:0007009D   386 0001:000700A7   387 0001:000700B1   388 0001:000700BB
   389 0001:000700C5   391 0001:000700CF   399 0001:000700D0   409 0001:000700F5
   410 0001:000700FA   413 0001:00070101   414 0001:00070117   416 0001:00070126
   418 0001:0007014C   419 0001:00070163   420 0001:00070173   421 0001:00070189
   424 0001:00070191   426 0001:00070194   427 0001:00070197   429 0001:0007019F
   430 0001:000701AA   432 0001:000701AC   411 0001:000701AF   434 0001:000701E6
   438 0001:0007028C   439 0001:000702A5   440 0001:000702AE   442 0001:000702C1
   443 0001:000702CB   444 0001:000702D0   443 0001:000702EB   445 0001:000702F1
   446 0001:0007031D   457 0001:00070338   458 0001:0007035D   460 0001:00070367
   462 0001:0007038A   463 0001:00070393   464 0001:0007039C   465 0001:000703A5
   466 0001:000703AE   475 0001:000703B5   477 0001:000703BF   479 0001:000703CB
   481 0001:000703DD   482 0001:000703E3   484 0001:000703EE   486 0001:000703F4
   487 0001:000703FA   489 0001:0007040A   493 0001:00070415   494 0001:00070421
   496 0001:0007042B   503 0001:000704AE   507 0001:00070510   508 0001:00070532
   509 0001:00070541   510 0001:0007054E   511 0001:00070558   512 0001:0007055D
   514 0001:00070562   515 0001:00070580   516 0001:0007058B   512 0001:0007058E
   516 0001:00070594   511 0001:00070597   517 0001:0007059D   518 0001:000705B9
   519 0001:000705C6   520 0001:000705F8   526 0001:00070630   527 0001:0007065B
   529 0001:0007066D   530 0001:0007067D   531 0001:00070688   533 0001:0007068D
   534 0001:0007069F   535 0001:000706AB   536 0001:000706C7   537 0001:000706E3
   538 0001:0007070F   539 0001:0007073B   540 0001:0007074B   541 0001:00070774
   543 0001:00070789   547 0001:000707B9   548 0001:000707C5   550 0001:000707F9
   553 0001:00070826   554 0001:00070861   559 0001:000708C0   560 0001:000708EC
   561 0001:000708F4   563 0001:0007091C   564 0001:00070936   566 0001:0007096A
   567 0001:0007097E   569 0001:0007099E   570 0001:000709A9   572 0001:000709AB
   561 0001:000709AE   573 0001:000709E1   576 0001:000709F4   577 0001:000709FB
   578 0001:00070A0C   580 0001:00070A1D   581 0001:00070A2B   582 0001:00070A3A
   583 0001:00070A48   586 0001:00070A57   587 0001:00070A70   588 0001:00070A89
   589 0001:00070A8E   591 0001:00070A93   593 0001:00070A9B   597 0001:00070B00
   598 0001:00070B09   600 0001:00070B13   599 0001:00070B1F   601 0001:00070B2C
   607 0001:00070B30   608 0001:00070B55   609 0001:00070B66   611 0001:00070B80
   613 0001:00070B96   614 0001:00070BB9   615 0001:00070BD4   616 0001:00070BE2
   617 0001:00070BFA   619 0001:00070C04   609 0001:00070C07   620 0001:00070C3A
   623 0001:00070C40   624 0001:00070C4C   625 0001:00070C54   631 0001:00070C58
   632 0001:00070C82   633 0001:00070C8E   635 0001:00070C9A   636 0001:00070CC4
   637 0001:00070D01   642 0001:00070D1C   643 0001:00070D28   645 0001:00070D2E
   646 0001:00070D3C   649 0001:00070D4E   650 0001:00070D72   652 0001:00070D91
   653 0001:00070DB8   654 0001:00070DBA   649 0001:00070DBD   655 0001:00070DC2
   661 0001:00070DC8   662 0001:00070DF2   663 0001:00070DFE   665 0001:00070E07
   667 0001:00070E0C   668 0001:00070E21   670 0001:00070E27   671 0001:00070E34
   672 0001:00070E3B   674 0001:00070E50   675 0001:00070E60   676 0001:00070E6E
   677 0001:00070E74   679 0001:00070E81   681 0001:00070E97   684 0001:00070EA3
   685 0001:00070EAE   688 0001:00070EDD   691 0001:00070EE4   692 0001:00070EF0
   693 0001:00070EFF   694 0001:00070F0E   695 0001:00070F1F   698 0001:00070F54
   699 0001:00070F60   700 0001:00070F71   704 0001:00070F78   706 0001:00070F87
   709 0001:00070FAF   711 0001:00070FBB   713 0001:00070FC3   714 0001:00070FD8
   716 0001:00070FEB   717 0001:00070FFC   718 0001:00071009   719 0001:00071018
   723 0001:00071024   724 0001:00071040   725 0001:00071048   726 0001:00071054
   727 0001:00071061   728 0001:0007106D   729 0001:0007107A   730 0001:00071086
   732 0001:00071093   734 0001:000710A4   735 0001:000710D2   739 0001:0007110C
   740 0001:00071132   741 0001:0007113E   743 0001:0007114E   744 0001:00071171
   746 0001:000711AE   749 0001:000711B8   750 0001:000711C1   751 0001:000711D3
   753 0001:000711DC   754 0001:000711E4   758 0001:000711E8   760 0001:0007120A
   761 0001:00071212   763 0001:0007121A   764 0001:00071226   765 0001:00071236
   766 0001:00071242   767 0001:00071252   768 0001:0007125E   770 0001:0007126E
   771 0001:000712DB   772 0001:000712EA   773 0001:000712F9   774 0001:00071308
   775 0001:00071317   776 0001:00071326   777 0001:00071335   778 0001:00071344
   779 0001:00071353   785 0001:00071360   786 0001:00071366   788 0001:00071388
   789 0001:00071397   791 0001:000713A4   792 0001:000713D4   797 0001:000714AC
   798 0001:000714B8   799 0001:000714BC   800 0001:000714C9   801 0001:000714D5
   802 0001:000714DB   804 0001:000714F1   805 0001:000714FD   806 0001:0007150C
   809 0001:00071511   811 0001:00071520   812 0001:0007152F   813 0001:00071538
   814 0001:0007154F   815 0001:00071558   816 0001:0007156F   817 0001:00071578
   819 0001:0007158F   820 0001:00071596   822 0001:000715DC   822 0001:000715E3

Line numbers for NBMapKeyb(C:\Program Files\Borland\Delphi5\Projects\EMUL\EMUL\RAIZE\testhotspot\NBMapKeyb.dpr) segment .text

    19 0001:000718B4    20 0001:000718C4    21 0001:000718D0    22 0001:000718E8
    23 0001:000718F4

Bound resource files

c:\program files\borland\delphi5\Lib\CONTROLS.RES
c:\program files\borland\delphi5\Lib\BUTTONS.RES
C:\Program Files\borland\delphi5\components\hotimage\hotimage\SpotEdit.DFM
C:\Program Files\borland\delphi5\components\hotimage\hotimage\ImskTest.DFM
C:\Program Files\borland\delphi5\components\hotimage\hotimage\imskedit.DFM
C:\Program Files\borland\delphi5\components\hotimage\hotimage\HSEdit.DFM
c:\program files\borland\delphi5\Lib\FileCtrl.RES
c:\program files\borland\delphi5\Components\JEDI\JVCL\Source\JvConst.Res
c:\program files\borland\delphi5\Components\JEDI\JVCL\Source\JvCConst.Res
Unit1.DFM
NBMapKeyb.RES
NBMapKeyb.drf


Program entry point at 0001:000718B4
